Archive member included to satisfy reference by file (symbol)

c:/intelfpga_lite/17.1/nios2eds/bin/gnu/h-x86_64-mingw32/bin/../lib/gcc/nios2-elf/5.3.0/../../../../../H-x86_64-mingw32/nios2-elf/lib\libsmallc.a(lib_a-puts.o)
                              obj/default/hello_world.o (puts)
c:/intelfpga_lite/17.1/nios2eds/bin/gnu/h-x86_64-mingw32/bin/../lib/gcc/nios2-elf/5.3.0/../../../../../H-x86_64-mingw32/nios2-elf/lib\libsmallc.a(lib_a-strlen.o)
                              c:/intelfpga_lite/17.1/nios2eds/bin/gnu/h-x86_64-mingw32/bin/../lib/gcc/nios2-elf/5.3.0/../../../../../H-x86_64-mingw32/nios2-elf/lib\libsmallc.a(lib_a-puts.o) (strlen)
c:/intelfpga_lite/17.1/nios2eds/bin/gnu/h-x86_64-mingw32/bin/../lib/gcc/nios2-elf/5.3.0/../../../../../H-x86_64-mingw32/nios2-elf/lib\libsmallc.a(lib_a-fvwrite_small_dev.o)
                              c:/intelfpga_lite/17.1/nios2eds/bin/gnu/h-x86_64-mingw32/bin/../lib/gcc/nios2-elf/5.3.0/../../../../../H-x86_64-mingw32/nios2-elf/lib\libsmallc.a(lib_a-puts.o) (__sfvwrite_small_dev)
c:/intelfpga_lite/17.1/nios2eds/bin/gnu/h-x86_64-mingw32/bin/../lib/gcc/nios2-elf/5.3.0/../../../../../H-x86_64-mingw32/nios2-elf/lib\libsmallc.a(lib_a-impure.o)
                              c:/intelfpga_lite/17.1/nios2eds/bin/gnu/h-x86_64-mingw32/bin/../lib/gcc/nios2-elf/5.3.0/../../../../../H-x86_64-mingw32/nios2-elf/lib\libsmallc.a(lib_a-puts.o) (_impure_ptr)
c:/intelfpga_lite/17.1/nios2eds/bin/gnu/h-x86_64-mingw32/bin/../lib/gcc/nios2-elf/5.3.0/../../../../../H-x86_64-mingw32/nios2-elf/lib\libsmallc.a(lib_a-writer.o)
                              c:/intelfpga_lite/17.1/nios2eds/bin/gnu/h-x86_64-mingw32/bin/../lib/gcc/nios2-elf/5.3.0/../../../../../H-x86_64-mingw32/nios2-elf/lib\libsmallc.a(lib_a-fvwrite_small_dev.o) (_write_r)
c:/intelfpga_lite/17.1/nios2eds/bin/gnu/h-x86_64-mingw32/bin/../lib/gcc/nios2-elf/5.3.0/../../../../../H-x86_64-mingw32/nios2-elf/lib\libsmallc.a(lib_a-int_errno.o)
                              c:/intelfpga_lite/17.1/nios2eds/bin/gnu/h-x86_64-mingw32/bin/../lib/gcc/nios2-elf/5.3.0/../../../../../H-x86_64-mingw32/nios2-elf/lib\libsmallc.a(lib_a-writer.o) (errno)
../NIOS_II_Project/\libhal_bsp.a(alt_load.o)
                              ../NIOS_II_Project//obj/HAL/src/crt0.o (alt_load)
../NIOS_II_Project/\libhal_bsp.a(alt_main.o)
                              ../NIOS_II_Project//obj/HAL/src/crt0.o (alt_main)
../NIOS_II_Project/\libhal_bsp.a(alt_write.o)
                              c:/intelfpga_lite/17.1/nios2eds/bin/gnu/h-x86_64-mingw32/bin/../lib/gcc/nios2-elf/5.3.0/../../../../../H-x86_64-mingw32/nios2-elf/lib\libsmallc.a(lib_a-writer.o) (write)
../NIOS_II_Project/\libhal_bsp.a(alt_sys_init.o)
                              ../NIOS_II_Project/\libhal_bsp.a(alt_main.o) (alt_irq_init)
../NIOS_II_Project/\libhal_bsp.a(altera_avalon_jtag_uart_fd.o)
                              ../NIOS_II_Project/\libhal_bsp.a(alt_sys_init.o) (altera_avalon_jtag_uart_read_fd)
../NIOS_II_Project/\libhal_bsp.a(altera_avalon_jtag_uart_init.o)
                              ../NIOS_II_Project/\libhal_bsp.a(altera_avalon_jtag_uart_fd.o) (altera_avalon_jtag_uart_close)
../NIOS_II_Project/\libhal_bsp.a(altera_avalon_jtag_uart_ioctl.o)
                              ../NIOS_II_Project/\libhal_bsp.a(altera_avalon_jtag_uart_fd.o) (altera_avalon_jtag_uart_ioctl)
../NIOS_II_Project/\libhal_bsp.a(altera_avalon_jtag_uart_read.o)
                              ../NIOS_II_Project/\libhal_bsp.a(altera_avalon_jtag_uart_fd.o) (altera_avalon_jtag_uart_read)
../NIOS_II_Project/\libhal_bsp.a(altera_avalon_jtag_uart_write.o)
                              ../NIOS_II_Project/\libhal_bsp.a(altera_avalon_jtag_uart_fd.o) (altera_avalon_jtag_uart_write)
../NIOS_II_Project/\libhal_bsp.a(altera_avalon_lcd_16207.o)
                              ../NIOS_II_Project/\libhal_bsp.a(alt_sys_init.o) (altera_avalon_lcd_16207_init)
../NIOS_II_Project/\libhal_bsp.a(altera_avalon_lcd_16207_fd.o)
                              ../NIOS_II_Project/\libhal_bsp.a(alt_sys_init.o) (altera_avalon_lcd_16207_write_fd)
../NIOS_II_Project/\libhal_bsp.a(altera_avalon_uart_fd.o)
                              ../NIOS_II_Project/\libhal_bsp.a(alt_sys_init.o) (altera_avalon_uart_read_fd)
../NIOS_II_Project/\libhal_bsp.a(altera_avalon_uart_read.o)
                              ../NIOS_II_Project/\libhal_bsp.a(altera_avalon_uart_fd.o) (altera_avalon_uart_read)
../NIOS_II_Project/\libhal_bsp.a(altera_avalon_uart_write.o)
                              ../NIOS_II_Project/\libhal_bsp.a(altera_avalon_uart_fd.o) (altera_avalon_uart_write)
../NIOS_II_Project/\libhal_bsp.a(alt_alarm_start.o)
                              ../NIOS_II_Project/\libhal_bsp.a(altera_avalon_jtag_uart_init.o) (alt_alarm_start)
../NIOS_II_Project/\libhal_bsp.a(alt_close.o)
                              ../NIOS_II_Project/\libhal_bsp.a(alt_main.o) (close)
../NIOS_II_Project/\libhal_bsp.a(alt_dcache_flush_all.o)
[...]
Memory Configuration

Name             Origin             Length             Attributes
reset            0x0000000000220000 0x0000000000000020
onchip_memory2_0_BEFORE_EXCEPTION 0x0000000000220020 0x0000000000001fc0
onchip_memory2_0 0x0000000000221fe0 0x0000000000000020
sdram            0x0000000001000000 0x0000000001000000
*default*        0x0000000000000000 0xffffffffffffffff

Linker script and memory map

LOAD ../NIOS_II_Project//obj/HAL/src/crt0.o
LOAD obj/default/hello_world.o
LOAD c:/intelfpga_lite/17.1/nios2eds/bin/gnu/h-x86_64-mingw32/bin/../lib/gcc/nios2-elf/5.3.0/../../../../../H-x86_64-mingw32/nios2-elf/lib\libstdc++.a
LOAD c:/intelfpga_lite/17.1/nios2eds/bin/gnu/h-x86_64-mingw32/bin/../lib/gcc/nios2-elf/5.3.0/../../../../../H-x86_64-mingw32/nios2-elf/lib\libm.a
LOAD c:/intelfpga_lite/17.1/nios2eds/bin/gnu/h-x86_64-mingw32/bin/../lib/gcc/nios2-elf/5.3.0\libgcc.a
START GROUP
LOAD c:/intelfpga_lite/17.1/nios2eds/bin/gnu/h-x86_64-mingw32/bin/../lib/gcc/nios2-elf/5.3.0/../../../../../H-x86_64-mingw32/nios2-elf/lib\libsmallc.a
LOAD c:/intelfpga_lite/17.1/nios2eds/bin/gnu/h-x86_64-mingw32/bin/../lib/gcc/nios2-elf/5.3.0\libgcc.a
LOAD ../NIOS_II_Project/\libhal_bsp.a
LOAD c:/intelfpga_lite/17.1/nios2eds/bin/gnu/h-x86_64-mingw32/bin/../lib/gcc/nios2-elf/5.3.0/../../../../../H-x86_64-mingw32/nios2-elf/lib\libm.a
END GROUP
LOAD c:/intelfpga_lite/17.1/nios2eds/bin/gnu/h-x86_64-mingw32/bin/../lib/gcc/nios2-elf/5.3.0\libgcc.a
                0x0000000000220000                __alt_mem_onchip_memory2_0 = 0x220000
                0x0000000001000000                __alt_mem_sdram = 0x1000000

.entry          0x0000000000220000       0x20
 *(.entry)
 .entry         0x0000000000220000       0x20 ../NIOS_II_Project//obj/HAL/src/crt0.o
                0x0000000000220000                __reset

.exceptions     0x0000000000221fe0      0x1a4
                0x0000000000221fe0                PROVIDE (__ram_exceptions_start, ABSOLUTE (.))
                0x0000000000221fe0                . = ALIGN (0x20)
 *(.irq)
 *(.exceptions.entry.label)
 .exceptions.entry.label
                0x0000000000221fe0        0x0 ../NIOS_II_Project/\libhal_bsp.a(alt_irq_entry.o)
                0x0000000000221fe0                alt_irq_entry
 .exceptions.entry.label
                0x0000000000221fe0        0x0 ../NIOS_II_Project/\libhal_bsp.a(alt_exception_entry.o)
                0x0000000000221fe0                alt_exception
 *(.exceptions.entry.user)
 *(.exceptions.entry.ecc_fatal)
 *(.exceptions.entry)
 .exceptions.entry
                0x0000000000221fe0       0x54 ../NIOS_II_Project/\libhal_bsp.a(alt_exception_entry.o)
 *(.exceptions.irqtest.user)
 *(.exceptions.irqtest)
 .exceptions.irqtest
                0x0000000000222034       0x10 ../NIOS_II_Project/\libhal_bsp.a(alt_irq_entry.o)
 *(.exceptions.irqhandler.user)
 *(.exceptions.irqhandler)
 .exceptions.irqhandler
                0x0000000000222044        0x4 ../NIOS_II_Project/\libhal_bsp.a(alt_irq_entry.o)
 *(.exceptions.irqreturn.user)
 *(.exceptions.irqreturn)
 .exceptions.irqreturn
                0x0000000000222048        0x4 ../NIOS_II_Project/\libhal_bsp.a(alt_irq_entry.o)
 *(.exceptions.notirq.label)
 .exceptions.notirq.label
                0x000000000022204c        0x0 ../NIOS_II_Project/\libhal_bsp.a(alt_irq_entry.o)
 *(.exceptions.notirq.user)
 *(.exceptions.notirq)
 .exceptions.notirq
                0x000000000022204c        0x8 ../NIOS_II_Project/\libhal_bsp.a(alt_exception_entry.o)
 *(.exceptions.soft.user)
 *(.exceptions.soft)
 *(.exceptions.unknown.user)
 *(.exceptions.unknown)
 .exceptions.unknown
                0x0000000000222054        0x4 ../NIOS_II_Project/\libhal_bsp.a(alt_exception_entry.o)
 *(.exceptions.exit.label)
 .exceptions.exit.label
                0x0000000000222058        0x0 ../NIOS_II_Project/\libhal_bsp.a(alt_irq_entry.o)
 .exceptions.exit.label
                0x0000000000222058        0x0 ../NIOS_II_Project/\libhal_bsp.a(alt_exception_entry.o)
 *(.exceptions.exit.user)
 *(.exceptions.exit)
 .exceptions.exit
                0x0000000000222058       0x54 ../NIOS_II_Project/\libhal_bsp.a(alt_exception_entry.o)
 *(.exceptions)
 .exceptions    0x00000000002220ac       0xd8 ../NIOS_II_Project/\libhal_bsp.a(alt_irq_handler.o)
                0x00000000002220ac                alt_irq_handler
                0x0000000000222184                PROVIDE (__ram_exceptions_end, ABSOLUTE (.))
                0x0000000000221fe0                PROVIDE (__flash_exceptions_start, LOADADDR (.exceptions))

.text           0x0000000000222184     0x3718
                [!provide]                        PROVIDE (stext, ABSOLUTE (.))
 *(.interp)
 *(.hash)
 *(.dynsym)
 *(.dynstr)
 *(.gnu.version)
 *(.gnu.version_d)
 *(.gnu.version_r)
 *(.rel.init)
 *(.rela.init)
 *(.rel.text .rel.text.* .rel.gnu.linkonce.t.*)
 *(.rela.text .rela.text.* .rela.gnu.linkonce.t.*)
 *(.rel.fini)
 *(.rela.fini)
 *(.rel.rodata .rel.rodata.* .rel.gnu.linkonce.r.*)
 *(.rela.rodata .rela.rodata.* .rela.gnu.linkonce.r.*)
 *(.rel.data .rel.data.* .rel.gnu.linkonce.d.*)
 *(.rela.data .rela.data.* .rela.gnu.linkonce.d.*)
 *(.rel.tdata .rel.tdata.* .rel.gnu.linkonce.td.*)
 *(.rela.tdata .rela.tdata.* .rela.gnu.linkonce.td.*)
 *(.rel.tbss .rel.tbss.* .rel.gnu.linkonce.tb.*)
 *(.rela.tbss .rela.tbss.* .rela.gnu.linkonce.tb.*)
 *(.rel.ctors)
 *(.rela.ctors)
 *(.rel.dtors)
 *(.rela.dtors)
 *(.rel.got)
 *(.rela.got)
 *(.rel.sdata .rel.sdata.* .rel.gnu.linkonce.s.*)
 *(.rela.sdata .rela.sdata.* .rela.gnu.linkonce.s.*)
 *(.rel.sbss .rel.sbss.* .rel.gnu.linkonce.sb.*)
 *(.rela.sbss .rela.sbss.* .rela.gnu.linkonce.sb.*)
 *(.rel.sdata2 .rel.sdata2.* .rel.gnu.linkonce.s2.*)
 *(.rela.sdata2 .rela.sdata2.* .rela.gnu.linkonce.s2.*)
 *(.rel.sbss2 .rel.sbss2.* .rel.gnu.linkonce.sb2.*)
 *(.rela.sbss2 .rela.sbss2.* .rela.gnu.linkonce.sb2.*)
 *(.rel.bss .rel.bss.* .rel.gnu.linkonce.b.*)
 *(.rela.bss .rela.bss.* .rela.gnu.linkonce.b.*)
 *(.rel.plt)
 *(.rela.plt)
 *(.rel.dyn)
 *(.init)
 *(.plt)
 *(.text .stub .text.* .gnu.linkonce.t.*)
 .text          0x0000000000222184       0x3c ../NIOS_II_Project//obj/HAL/src/crt0.o
                0x0000000000222184                _start
 .text          0x00000000002221c0       0x34 obj/default/hello_world.o
                0x00000000002221c0                main
 .text          0x00000000002221f4        0x0 c:/intelfpga_lite/17.1/nios2eds/bin/gnu/h-x86_64-mingw32/bin/../lib/gcc/nios2-elf/5.3.0/../../../../../H-x86_64-mingw32/nios2-elf/lib\libsmallc.a(lib_a-puts.o)
 .text._puts_r  0x00000000002221f4       0x80 c:/intelfpga_lite/17.1/nios2eds/bin/gnu/h-x86_64-mingw32/bin/../lib/gcc/nios2-elf/5.3.0/../../../../../H-x86_64-mingw32/nios2-elf/lib\libsmallc.a(lib_a-puts.o)
                0x00000000002221f4                _puts_r
 .text.puts     0x0000000000222274       0x14 c:/intelfpga_lite/17.1/nios2eds/bin/gnu/h-x86_64-mingw32/bin/../lib/gcc/nios2-elf/5.3.0/../../../../../H-x86_64-mingw32/nios2-elf/lib\libsmallc.a(lib_a-puts.o)
                0x0000000000222274                puts
 .text          0x0000000000222288        0x0 c:/intelfpga_lite/17.1/nios2eds/bin/gnu/h-x86_64-mingw32/bin/../lib/gcc/nios2-elf/5.3.0/../../../../../H-x86_64-mingw32/nios2-elf/lib\libsmallc.a(lib_a-strlen.o)
 .text.strlen   0x0000000000222288       0x1c c:/intelfpga_lite/17.1/nios2eds/bin/gnu/h-x86_64-mingw32/bin/../lib/gcc/nios2-elf/5.3.0/../../../../../H-x86_64-mingw32/nios2-elf/lib\libsmallc.a(lib_a-strlen.o)
                0x0000000000222288                strlen
 .text          0x00000000002222a4        0x0 c:/intelfpga_lite/17.1/nios2eds/bin/gnu/h-x86_64-mingw32/bin/../lib/gcc/nios2-elf/5.3.0/../../../../../H-x86_64-mingw32/nios2-elf/lib\libsmallc.a(lib_a-fvwrite_small_dev.o)
 .text.__sfvwrite_small_dev
                0x00000000002222a4       0xb8 c:/intelfpga_lite/17.1/nios2eds/bin/gnu/h-x86_64-mingw32/bin/../lib/gcc/nios2-elf/5.3.0/../../../../../H-x86_64-mingw32/nios2-elf/lib\libsmallc.a(lib_a-fvwrite_small_dev.o)
                0x00000000002222a4                __sfvwrite_small_dev
 .text          0x000000000022235c        0x0 c:/intelfpga_lite/17.1/nios2eds/bin/gnu/h-x86_64-mingw32/bin/../lib/gcc/nios2-elf/5.3.0/../../../../../H-x86_64-mingw32/nios2-elf/lib\libsmallc.a(lib_a-impure.o)
 .text          0x000000000022235c        0x0 c:/intelfpga_lite/17.1/nios2eds/bin/gnu/h-x86_64-mingw32/bin/../lib/gcc/nios2-elf/5.3.0/../../../../../H-x86_64-mingw32/nios2-elf/lib\libsmallc.a(lib_a-writer.o)
 .text._write_r
                0x000000000022235c       0x58 c:/intelfpga_lite/17.1/nios2eds/bin/gnu/h-x86_64-mingw32/bin/../lib/gcc/nios2-elf/5.3.0/../../../../../H-x86_64-mingw32/nios2-elf/lib\libsmallc.a(lib_a-writer.o)
                0x000000000022235c                _write_r
 .text          0x00000000002223b4        0x0 c:/intelfpga_lite/17.1/nios2eds/bin/gnu/h-x86_64-mingw32/bin/../lib/gcc/nios2-elf/5.3.0/../../../../../H-x86_64-mingw32/nios2-elf/lib\libsmallc.a(lib_a-int_errno.o)
 .text          0x00000000002223b4       0xec ../NIOS_II_Project/\libhal_bsp.a(alt_load.o)
                0x000000000022241c                alt_load
 .text          0x00000000002224a0       0x7c ../NIOS_II_Project/\libhal_bsp.a(alt_main.o)
                0x00000000002224a0                alt_main
 .text          0x000000000022251c      0x134 ../NIOS_II_Project/\libhal_bsp.a(alt_write.o)
                0x0000000000222558                write
 .text          0x0000000000222650       0xcc ../NIOS_II_Project/\libhal_bsp.a(alt_sys_init.o)
                0x0000000000222684                alt_irq_init
                0x00000000002226bc                alt_sys_init
 .text          0x000000000022271c      0x164 ../NIOS_II_Project/\libhal_bsp.a(altera_avalon_jtag_uart_fd.o)
                0x000000000022271c                altera_avalon_jtag_uart_read_fd
                0x000000000022277c                altera_avalon_jtag_uart_write_fd
                0x00000000002227dc                altera_avalon_jtag_uart_close_fd
                0x000000000022282c                altera_avalon_jtag_uart_ioctl_fd
 .text          0x0000000000222880      0x3cc ../NIOS_II_Project/\libhal_bsp.a(altera_avalon_jtag_uart_init.o)
                0x0000000000222880                altera_avalon_jtag_uart_init
                0x0000000000222be4                altera_avalon_jtag_uart_close
 .text          0x0000000000222c4c       0xf0 ../NIOS_II_Project/\libhal_bsp.a(altera_avalon_jtag_uart_ioctl.o)
                0x0000000000222c4c                altera_avalon_jtag_uart_ioctl
 .text          0x0000000000222d3c      0x21c ../NIOS_II_Project/\libhal_bsp.a(altera_avalon_jtag_uart_read.o)
                0x0000000000222d3c                altera_avalon_jtag_uart_read
 .text          0x0000000000222f58      0x224 ../NIOS_II_Project/\libhal_bsp.a(altera_avalon_jtag_uart_write.o)
                0x0000000000222f58                altera_avalon_jtag_uart_write
 .text          0x000000000022317c      0xe7c ../NIOS_II_Project/\libhal_bsp.a(altera_avalon_lcd_16207.o)
                0x0000000000223940                altera_avalon_lcd_16207_write
                0x0000000000223ec4                altera_avalon_lcd_16207_init
 .text          0x0000000000223ff8       0x60 ../NIOS_II_Project/\libhal_bsp.a(altera_avalon_lcd_16207_fd.o)
                0x0000000000223ff8                altera_avalon_lcd_16207_write_fd
 .text          0x0000000000224058       0xc0 ../NIOS_II_Project/\libhal_bsp.a(altera_avalon_uart_fd.o)
                0x0000000000224058                altera_avalon_uart_read_fd
                0x00000000002240b8                altera_avalon_uart_write_fd
 .text          0x0000000000224118      0x100 ../NIOS_II_Project/\libhal_bsp.a(altera_avalon_uart_read.o)
                0x0000000000224154                altera_avalon_uart_read
 .text          0x0000000000224218      0x11c ../NIOS_II_Project/\libhal_bsp.a(altera_avalon_uart_write.o)
                0x0000000000224254                altera_avalon_uart_write
 .text          0x0000000000224334      0x12c ../NIOS_II_Project/\libhal_bsp.a(alt_alarm_start.o)
                0x0000000000224334                alt_alarm_start
 .text          0x0000000000224460      0x10c ../NIOS_II_Project/\libhal_bsp.a(alt_close.o)
                0x000000000022449c                close
 .text          0x000000000022456c       0x20 ../NIOS_II_Project/\libhal_bsp.a(alt_dcache_flush_all.o)
                0x000000000022456c                alt_dcache_flush_all
 .text          0x000000000022458c       0x2c ../NIOS_II_Project/\libhal_bsp.a(alt_dev.o)
 .text          0x00000000002245b8       0xe0 ../NIOS_II_Project/\libhal_bsp.a(alt_dev_llist_insert.o)
                0x00000000002245f4                alt_dev_llist_insert
 .text          0x0000000000224698       0x60 ../NIOS_II_Project/\libhal_bsp.a(alt_do_ctors.o)
                0x0000000000224698                _do_ctors
 .text          0x00000000002246f8       0x60 ../NIOS_II_Project/\libhal_bsp.a(alt_do_dtors.o)
                0x00000000002246f8                _do_dtors
 .text          0x0000000000224758        0x0 ../NIOS_II_Project/\libhal_bsp.a(alt_errno.o)
 .text          0x0000000000224758       0x34 ../NIOS_II_Project/\libhal_bsp.a(alt_icache_flush_all.o)
                0x0000000000224758                alt_icache_flush_all
 .text          0x000000000022478c      0x140 ../NIOS_II_Project/\libhal_bsp.a(alt_io_redirect.o)
                0x0000000000224850                alt_io_redirect
 .text          0x00000000002248cc      0x180 ../NIOS_II_Project/\libhal_bsp.a(alt_irq_register.o)
                0x00000000002248cc                alt_irq_register
 .text          0x0000000000224a4c        0x0 ../NIOS_II_Project/\libhal_bsp.a(alt_irq_vars.o)
 .text          0x0000000000224a4c      0x254 ../NIOS_II_Project/\libhal_bsp.a(alt_open.o)
                0x0000000000224b4c                open
 .text          0x0000000000224ca0       0x64 ../NIOS_II_Project/\libhal_bsp.a(alt_release_fd.o)
                0x0000000000224ca0                alt_release_fd
 .text          0x0000000000224d04      0x1a4 ../NIOS_II_Project/\libhal_bsp.a(alt_tick.o)
                0x0000000000224d04                alt_alarm_stop
                0x0000000000224da0                alt_tick
 .text          0x0000000000224ea8       0x30 ../NIOS_II_Project/\libhal_bsp.a(alt_usleep.o)
                0x0000000000224ea8                usleep
 .text          0x0000000000224ed8       0x24 ../NIOS_II_Project/\libhal_bsp.a(altera_nios2_qsys_irq.o)
                0x0000000000224ed8                altera_nios2_qsys_irq_init
 .text          0x0000000000224efc      0x158 ../NIOS_II_Project/\libhal_bsp.a(alt_busy_sleep.o)
                0x0000000000224efc                alt_busy_sleep
 .text          0x0000000000225054       0x90 ../NIOS_II_Project/\libhal_bsp.a(alt_find_dev.o)
                0x0000000000225054                alt_find_dev
 .text          0x00000000002250e4      0x108 ../NIOS_II_Project/\libhal_bsp.a(alt_find_file.o)
                0x00000000002250e4                alt_find_file
 .text          0x00000000002251ec       0xa4 ../NIOS_II_Project/\libhal_bsp.a(alt_get_fd.o)
                0x00000000002251ec                alt_get_fd
 .text          0x0000000000225290       0x90 ../NIOS_II_Project/\libhal_bsp.a(alt_icache_flush.o)
                0x0000000000225290                alt_icache_flush
 .text          0x0000000000225320        0x0 ../NIOS_II_Project/\libhal_bsp.a(alt_irq_entry.o)
 .text          0x0000000000225320        0x0 ../NIOS_II_Project/\libhal_bsp.a(alt_irq_handler.o)
 .text          0x0000000000225320        0x0 ../NIOS_II_Project/\libhal_bsp.a(alt_exception_entry.o)
 .text          0x0000000000225320        0x0 c:/intelfpga_lite/17.1/nios2eds/bin/gnu/h-x86_64-mingw32/bin/../lib/gcc/nios2-elf/5.3.0/../../../../../H-x86_64-mingw32/nios2-elf/lib\libsmallc.a(lib_a-atexit.o)
 .text.atexit   0x0000000000225320       0x14 c:/intelfpga_lite/17.1/nios2eds/bin/gnu/h-x86_64-mingw32/bin/../lib/gcc/nios2-elf/5.3.0/../../../../../H-x86_64-mingw32/nios2-elf/lib\libsmallc.a(lib_a-atexit.o)
                0x0000000000225320                atexit
 .text          0x0000000000225334        0x0 c:/intelfpga_lite/17.1/nios2eds/bin/gnu/h-x86_64-mingw32/bin/../lib/gcc/nios2-elf/5.3.0/../../../../../H-x86_64-mingw32/nios2-elf/lib\libsmallc.a(lib_a-ctype_.o)
 .text          0x0000000000225334        0x0 c:/intelfpga_lite/17.1/nios2eds/bin/gnu/h-x86_64-mingw32/bin/../lib/gcc/nios2-elf/5.3.0/../../../../../H-x86_64-mingw32/nios2-elf/lib\libsmallc.a(lib_a-exit.o)
 .text.exit     0x0000000000225334       0x20 c:/intelfpga_lite/17.1/nios2eds/bin/gnu/h-x86_64-mingw32/bin/../lib/gcc/nios2-elf/5.3.0/../../../../../H-x86_64-mingw32/nios2-elf/lib\libsmallc.a(lib_a-exit.o)
                0x0000000000225334                exit
 .text          0x0000000000225354        0x0 c:/intelfpga_lite/17.1/nios2eds/bin/gnu/h-x86_64-mingw32/bin/../lib/gcc/nios2-elf/5.3.0/../../../../../H-x86_64-mingw32/nios2-elf/lib\libsmallc.a(lib_a-memcmp.o)
 .text.memcmp   0x0000000000225354       0x30 c:/intelfpga_lite/17.1/nios2eds/bin/gnu/h-x86_64-mingw32/bin/../lib/gcc/nios2-elf/5.3.0/../../../../../H-x86_64-mingw32/nios2-elf/lib\libsmallc.a(lib_a-memcmp.o)
                0x0000000000225354                memcmp
 .text          0x0000000000225384        0x0 c:/intelfpga_lite/17.1/nios2eds/bin/gnu/h-x86_64-mingw32/bin/../lib/gcc/nios2-elf/5.3.0/../../../../../H-x86_64-mingw32/nios2-elf/lib\libsmallc.a(lib_a-memcpy.o)
 .text.memcpy   0x0000000000225384       0x28 c:/intelfpga_lite/17.1/nios2eds/bin/gnu/h-x86_64-mingw32/bin/../lib/gcc/nios2-elf/5.3.0/../../../../../H-x86_64-mingw32/nios2-elf/lib\libsmallc.a(lib_a-memcpy.o)
                0x0000000000225384                memcpy
 .text          0x00000000002253ac        0x0 c:/intelfpga_lite/17.1/nios2eds/bin/gnu/h-x86_64-mingw32/bin/../lib/gcc/nios2-elf/5.3.0/../../../../../H-x86_64-mingw32/nios2-elf/lib\libsmallc.a(lib_a-memset.o)
 .text.memset   0x00000000002253ac       0x20 c:/intelfpga_lite/17.1/nios2eds/bin/gnu/h-x86_64-mingw32/bin/../lib/gcc/nios2-elf/5.3.0/../../../../../H-x86_64-mingw32/nios2-elf/lib\libsmallc.a(lib_a-memset.o)
                0x00000000002253ac                memset
 .text          0x00000000002253cc        0x0 c:/intelfpga_lite/17.1/nios2eds/bin/gnu/h-x86_64-mingw32/bin/../lib/gcc/nios2-elf/5.3.0/../../../../../H-x86_64-mingw32/nios2-elf/lib\libsmallc.a(lib_a-__atexit.o)
 .text.__register_exitproc
                0x00000000002253cc      0x158 c:/intelfpga_lite/17.1/nios2eds/bin/gnu/h-x86_64-mingw32/bin/../lib/gcc/nios2-elf/5.3.0/../../../../../H-x86_64-mingw32/nios2-elf/lib\libsmallc.a(lib_a-__atexit.o)
                0x00000000002253cc                __register_exitproc
 .text          0x0000000000225524        0x0 c:/intelfpga_lite/17.1/nios2eds/bin/gnu/h-x86_64-mingw32/bin/../lib/gcc/nios2-elf/5.3.0/../../../../../H-x86_64-mingw32/nios2-elf/lib\libsmallc.a(lib_a-__call_atexit.o)
 .text.__call_exitprocs
                0x0000000000225524      0x190 c:/intelfpga_lite/17.1/nios2eds/bin/gnu/h-x86_64-mingw32/bin/../lib/gcc/nios2-elf/5.3.0/../../../../../H-x86_64-mingw32/nios2-elf/lib\libsmallc.a(lib_a-__call_atexit.o)
                0x0000000000225524                __call_exitprocs
 .text          0x00000000002256b4      0x1b4 c:/intelfpga_lite/17.1/nios2eds/bin/gnu/h-x86_64-mingw32/bin/../lib/gcc/nios2-elf/5.3.0\libgcc.a(lib2-divmod.o)
                0x00000000002256b4                __divsi3
                0x0000000000225738                __modsi3
                0x00000000002257ac                __udivsi3
                0x0000000000225810                __umodsi3
 .text          0x0000000000225868       0x34 ../NIOS_II_Project/\libhal_bsp.a(alt_exit.o)
                0x0000000000225868                _exit
 *(.gnu.warning.*)
 *(.fini)
                [!provide]                        PROVIDE (__etext, ABSOLUTE (.))
                [!provide]                        PROVIDE (_etext, ABSOLUTE (.))
                [!provide]                        PROVIDE (etext, ABSOLUTE (.))
 *(.eh_frame_hdr)
                0x000000000022589c                . = ALIGN (0x4)
                [!provide]                        PROVIDE (__preinit_array_start, ABSOLUTE (.))
 *(.preinit_array)
                [!provide]                        PROVIDE (__preinit_array_end, ABSOLUTE (.))
                [!provide]                        PROVIDE (__init_array_start, ABSOLUTE (.))
 *(.init_array)
                [!provide]                        PROVIDE (__init_array_end, ABSOLUTE (.))
                [!provide]                        PROVIDE (__fini_array_start, ABSOLUTE (.))
 *(.fini_array)
                [!provide]                        PROVIDE (__fini_array_end, ABSOLUTE (.))
 *(.eh_frame)
 *(.gcc_except_table .gcc_except_table.*)
 *(.dynamic)
                0x000000000022589c                PROVIDE (__CTOR_LIST__, ABSOLUTE (.))
 *(.ctors)
 *(SORT(.ctors.*))
                0x000000000022589c                PROVIDE (__CTOR_END__, ABSOLUTE (.))
                0x000000000022589c                PROVIDE (__DTOR_LIST__, ABSOLUTE (.))
 *(.dtors)
 *(SORT(.dtors.*))
                0x000000000022589c                PROVIDE (__DTOR_END__, ABSOLUTE (.))
 *(.jcr)
                0x000000000022589c                . = ALIGN (0x4)

.rodata         0x000000000022589c      0x2ec
                0x000000000022589c                PROVIDE (__ram_rodata_start, ABSOLUTE (.))
                0x000000000022589c                . = ALIGN (0x4)
 *(.rodata .rodata.* .gnu.linkonce.r.*)
 .rodata        0x000000000022589c       0x14 obj/default/hello_world.o
 .rodata.str1.4
                0x00000000002258b0        0x4 c:/intelfpga_lite/17.1/nios2eds/bin/gnu/h-x86_64-mingw32/bin/../lib/gcc/nios2-elf/5.3.0/../../../../../H-x86_64-mingw32/nios2-elf/lib\libsmallc.a(lib_a-puts.o)
                                          0x2 (size before relaxing)
 .rodata        0x00000000002258b4       0x11 ../NIOS_II_Project/\libhal_bsp.a(alt_main.o)
 *fill*         0x00000000002258c5        0x3 
 .rodata        0x00000000002258c8       0x34 ../NIOS_II_Project/\libhal_bsp.a(alt_sys_init.o)
 .rodata        0x00000000002258fc        0xa ../NIOS_II_Project/\libhal_bsp.a(alt_dev.o)
 .rodata._ctype_
                0x0000000000225906      0x101 c:/intelfpga_lite/17.1/nios2eds/bin/gnu/h-x86_64-mingw32/bin/../lib/gcc/nios2-elf/5.3.0/../../../../../H-x86_64-mingw32/nios2-elf/lib\libsmallc.a(lib_a-ctype_.o)
                0x0000000000225906                _ctype_
 .rodata._ctype_b
                0x0000000000225a07      0x180 c:/intelfpga_lite/17.1/nios2eds/bin/gnu/h-x86_64-mingw32/bin/../lib/gcc/nios2-elf/5.3.0/../../../../../H-x86_64-mingw32/nios2-elf/lib\libsmallc.a(lib_a-ctype_.o)
 *(.rodata1)
                0x0000000000225b88                . = ALIGN (0x4)
 *fill*         0x0000000000225b87        0x1 
                0x0000000000225b88                PROVIDE (__ram_rodata_end, ABSOLUTE (.))
                0x000000000022589c                PROVIDE (__flash_rodata_start, LOADADDR (.rodata))

.rwdata         0x0000000000225b88     0x1468 load address 0x0000000000226ff0
                0x0000000000225b88                PROVIDE (__ram_rwdata_start, ABSOLUTE (.))
                0x0000000000225b88                . = ALIGN (0x4)
 *(.got.plt)
 *(.got)
 *(.data1)
 *(.data .data.* .gnu.linkonce.d.*)
 .data          0x0000000000225b88        0x0 ../NIOS_II_Project//obj/HAL/src/crt0.o
 .data          0x0000000000225b88        0x0 obj/default/hello_world.o
 .data          0x0000000000225b88        0x0 c:/intelfpga_lite/17.1/nios2eds/bin/gnu/h-x86_64-mingw32/bin/../lib/gcc/nios2-elf/5.3.0/../../../../../H-x86_64-mingw32/nios2-elf/lib\libsmallc.a(lib_a-puts.o)
 .data          0x0000000000225b88        0x0 c:/intelfpga_lite/17.1/nios2eds/bin/gnu/h-x86_64-mingw32/bin/../lib/gcc/nios2-elf/5.3.0/../../../../../H-x86_64-mingw32/nios2-elf/lib\libsmallc.a(lib_a-strlen.o)
 .data          0x0000000000225b88        0x0 c:/intelfpga_lite/17.1/nios2eds/bin/gnu/h-x86_64-mingw32/bin/../lib/gcc/nios2-elf/5.3.0/../../../../../H-x86_64-mingw32/nios2-elf/lib\libsmallc.a(lib_a-fvwrite_small_dev.o)
 .data          0x0000000000225b88        0x0 c:/intelfpga_lite/17.1/nios2eds/bin/gnu/h-x86_64-mingw32/bin/../lib/gcc/nios2-elf/5.3.0/../../../../../H-x86_64-mingw32/nios2-elf/lib\libsmallc.a(lib_a-impure.o)
 .data.impure_data
                0x0000000000225b88       0xe0 c:/intelfpga_lite/17.1/nios2eds/bin/gnu/h-x86_64-mingw32/bin/../lib/gcc/nios2-elf/5.3.0/../../../../../H-x86_64-mingw32/nios2-elf/lib\libsmallc.a(lib_a-impure.o)
 .data          0x0000000000225c68        0x0 c:/intelfpga_lite/17.1/nios2eds/bin/gnu/h-x86_64-mingw32/bin/../lib/gcc/nios2-elf/5.3.0/../../../../../H-x86_64-mingw32/nios2-elf/lib\libsmallc.a(lib_a-writer.o)
 .data          0x0000000000225c68        0x0 c:/intelfpga_lite/17.1/nios2eds/bin/gnu/h-x86_64-mingw32/bin/../lib/gcc/nios2-elf/5.3.0/../../../../../H-x86_64-mingw32/nios2-elf/lib\libsmallc.a(lib_a-int_errno.o)
 .data          0x0000000000225c68        0x0 ../NIOS_II_Project/\libhal_bsp.a(alt_load.o)
 .data          0x0000000000225c68        0x0 ../NIOS_II_Project/\libhal_bsp.a(alt_main.o)
 .data          0x0000000000225c68        0x0 ../NIOS_II_Project/\libhal_bsp.a(alt_write.o)
 .data          0x0000000000225c68     0x11ac ../NIOS_II_Project/\libhal_bsp.a(alt_sys_init.o)
 .data          0x0000000000226e14        0x0 ../NIOS_II_Project/\libhal_bsp.a(altera_avalon_jtag_uart_fd.o)
 .data          0x0000000000226e14        0x0 ../NIOS_II_Project/\libhal_bsp.a(altera_avalon_jtag_uart_init.o)
 .data          0x0000000000226e14        0x0 ../NIOS_II_Project/\libhal_bsp.a(altera_avalon_jtag_uart_ioctl.o)
 .data          0x0000000000226e14        0x0 ../NIOS_II_Project/\libhal_bsp.a(altera_avalon_jtag_uart_read.o)
 .data          0x0000000000226e14        0x0 ../NIOS_II_Project/\libhal_bsp.a(altera_avalon_jtag_uart_write.o)
 .data          0x0000000000226e14        0x0 ../NIOS_II_Project/\libhal_bsp.a(altera_avalon_lcd_16207.o)
 .data          0x0000000000226e14        0x0 ../NIOS_II_Project/\libhal_bsp.a(altera_avalon_lcd_16207_fd.o)
 .data          0x0000000000226e14        0x0 ../NIOS_II_Project/\libhal_bsp.a(altera_avalon_uart_fd.o)
 .data          0x0000000000226e14        0x0 ../NIOS_II_Project/\libhal_bsp.a(altera_avalon_uart_read.o)
 .data          0x0000000000226e14        0x0 ../NIOS_II_Project/\libhal_bsp.a(altera_avalon_uart_write.o)
 .data          0x0000000000226e14        0x0 ../NIOS_II_Project/\libhal_bsp.a(alt_alarm_start.o)
 .data          0x0000000000226e14        0x0 ../NIOS_II_Project/\libhal_bsp.a(alt_close.o)
 .data          0x0000000000226e14        0x0 ../NIOS_II_Project/\libhal_bsp.a(alt_dcache_flush_all.o)
 .data          0x0000000000226e14      0x1a8 ../NIOS_II_Project/\libhal_bsp.a(alt_dev.o)
                0x0000000000226e14                alt_dev_null
                0x0000000000226e3c                alt_fd_list
 .data          0x0000000000226fbc        0x0 ../NIOS_II_Project/\libhal_bsp.a(alt_dev_llist_insert.o)
 .data          0x0000000000226fbc        0x0 ../NIOS_II_Project/\libhal_bsp.a(alt_do_ctors.o)
 .data          0x0000000000226fbc        0x0 ../NIOS_II_Project/\libhal_bsp.a(alt_do_dtors.o)
 .data          0x0000000000226fbc        0x0 ../NIOS_II_Project/\libhal_bsp.a(alt_errno.o)
 .data          0x0000000000226fbc        0x0 ../NIOS_II_Project/\libhal_bsp.a(alt_icache_flush_all.o)
 .data          0x0000000000226fbc        0x0 ../NIOS_II_Project/\libhal_bsp.a(alt_io_redirect.o)
 .data          0x0000000000226fbc        0x0 ../NIOS_II_Project/\libhal_bsp.a(alt_irq_register.o)
 .data          0x0000000000226fbc        0x0 ../NIOS_II_Project/\libhal_bsp.a(alt_irq_vars.o)
 .data          0x0000000000226fbc        0x0 ../NIOS_II_Project/\libhal_bsp.a(alt_open.o)
 .data          0x0000000000226fbc        0x0 ../NIOS_II_Project/\libhal_bsp.a(alt_release_fd.o)
 .data          0x0000000000226fbc        0x0 ../NIOS_II_Project/\libhal_bsp.a(alt_tick.o)
 .data          0x0000000000226fbc        0x0 ../NIOS_II_Project/\libhal_bsp.a(alt_usleep.o)
 .data          0x0000000000226fbc        0x0 ../NIOS_II_Project/\libhal_bsp.a(altera_nios2_qsys_irq.o)
 .data          0x0000000000226fbc        0x0 ../NIOS_II_Project/\libhal_bsp.a(alt_busy_sleep.o)
 .data          0x0000000000226fbc        0x0 ../NIOS_II_Project/\libhal_bsp.a(alt_find_dev.o)
 .data          0x0000000000226fbc        0x0 ../NIOS_II_Project/\libhal_bsp.a(alt_find_file.o)
 .data          0x0000000000226fbc        0x0 ../NIOS_II_Project/\libhal_bsp.a(alt_get_fd.o)
 .data          0x0000000000226fbc        0x0 ../NIOS_II_Project/\libhal_bsp.a(alt_icache_flush.o)
 .data          0x0000000000226fbc        0x0 ../NIOS_II_Project/\libhal_bsp.a(alt_irq_entry.o)
 .data          0x0000000000226fbc        0x0 ../NIOS_II_Project/\libhal_bsp.a(alt_irq_handler.o)
 .data          0x0000000000226fbc        0x0 ../NIOS_II_Project/\libhal_bsp.a(alt_exception_entry.o)
 .data          0x0000000000226fbc        0x0 c:/intelfpga_lite/17.1/nios2eds/bin/gnu/h-x86_64-mingw32/bin/../lib/gcc/nios2-elf/5.3.0/../../../../../H-x86_64-mingw32/nios2-elf/lib\libsmallc.a(lib_a-atexit.o)
 .data          0x0000000000226fbc        0x0 c:/intelfpga_lite/17.1/nios2eds/bin/gnu/h-x86_64-mingw32/bin/../lib/gcc/nios2-elf/5.3.0/../../../../../H-x86_64-mingw32/nios2-elf/lib\libsmallc.a(lib_a-ctype_.o)
 .data          0x0000000000226fbc        0x0 c:/intelfpga_lite/17.1/nios2eds/bin/gnu/h-x86_64-mingw32/bin/../lib/gcc/nios2-elf/5.3.0/../../../../../H-x86_64-mingw32/nios2-elf/lib\libsmallc.a(lib_a-exit.o)
 .data          0x0000000000226fbc        0x0 c:/intelfpga_lite/17.1/nios2eds/bin/gnu/h-x86_64-mingw32/bin/../lib/gcc/nios2-elf/5.3.0/../../../../../H-x86_64-mingw32/nios2-elf/lib\libsmallc.a(lib_a-memcmp.o)
 .data          0x0000000000226fbc        0x0 c:/intelfpga_lite/17.1/nios2eds/bin/gnu/h-x86_64-mingw32/bin/../lib/gcc/nios2-elf/5.3.0/../../../../../H-x86_64-mingw32/nios2-elf/lib\libsmallc.a(lib_a-memcpy.o)
 .data          0x0000000000226fbc        0x0 c:/intelfpga_lite/17.1/nios2eds/bin/gnu/h-x86_64-mingw32/bin/../lib/gcc/nios2-elf/5.3.0/../../../../../H-x86_64-mingw32/nios2-elf/lib\libsmallc.a(lib_a-memset.o)
 .data          0x0000000000226fbc        0x0 c:/intelfpga_lite/17.1/nios2eds/bin/gnu/h-x86_64-mingw32/bin/../lib/gcc/nios2-elf/5.3.0/../../../../../H-x86_64-mingw32/nios2-elf/lib\libsmallc.a(lib_a-__atexit.o)
 .data          0x0000000000226fbc        0x0 c:/intelfpga_lite/17.1/nios2eds/bin/gnu/h-x86_64-mingw32/bin/../lib/gcc/nios2-elf/5.3.0/../../../../../H-x86_64-mingw32/nios2-elf/lib\libsmallc.a(lib_a-__call_atexit.o)
 .data          0x0000000000226fbc        0x0 c:/intelfpga_lite/17.1/nios2eds/bin/gnu/h-x86_64-mingw32/bin/../lib/gcc/nios2-elf/5.3.0\libgcc.a(lib2-divmod.o)
 .data          0x0000000000226fbc        0x0 ../NIOS_II_Project/\libhal_bsp.a(alt_exit.o)
                0x000000000022efbc                _gp = ABSOLUTE ((. + 0x8000))
                [!provide]                        PROVIDE (gp, _gp)
 *(.rwdata .rwdata.*)
 *(.sdata .sdata.* .gnu.linkonce.s.*)
 .sdata._global_impure_ptr
                0x0000000000226fbc        0x4 c:/intelfpga_lite/17.1/nios2eds/bin/gnu/h-x86_64-mingw32/bin/../lib/gcc/nios2-elf/5.3.0/../../../../../H-x86_64-mingw32/nios2-elf/lib\libsmallc.a(lib_a-impure.o)
                0x0000000000226fbc                _global_impure_ptr
 .sdata._impure_ptr
                0x0000000000226fc0        0x4 c:/intelfpga_lite/17.1/nios2eds/bin/gnu/h-x86_64-mingw32/bin/../lib/gcc/nios2-elf/5.3.0/../../../../../H-x86_64-mingw32/nios2-elf/lib\libsmallc.a(lib_a-impure.o)
                0x0000000000226fc0                _impure_ptr
 .sdata         0x0000000000226fc4        0x4 ../NIOS_II_Project/\libhal_bsp.a(altera_avalon_lcd_16207.o)
 .sdata         0x0000000000226fc8       0x14 ../NIOS_II_Project/\libhal_bsp.a(alt_dev.o)
                0x0000000000226fc8                alt_fs_list
                0x0000000000226fd0                alt_dev_list
                0x0000000000226fd8                alt_max_fd
 .sdata         0x0000000000226fdc        0x4 ../NIOS_II_Project/\libhal_bsp.a(alt_errno.o)
                0x0000000000226fdc                alt_errno
 .sdata         0x0000000000226fe0        0x4 ../NIOS_II_Project/\libhal_bsp.a(alt_irq_vars.o)
                0x0000000000226fe0                alt_priority_mask
 .sdata         0x0000000000226fe4        0x8 ../NIOS_II_Project/\libhal_bsp.a(alt_tick.o)
                0x0000000000226fe4                alt_alarm_list
 .sdata.__ctype_ptr__
                0x0000000000226fec        0x4 c:/intelfpga_lite/17.1/nios2eds/bin/gnu/h-x86_64-mingw32/bin/../lib/gcc/nios2-elf/5.3.0/../../../../../H-x86_64-mingw32/nios2-elf/lib\libsmallc.a(lib_a-ctype_.o)
                0x0000000000226fec                __ctype_ptr__
 *(.sdata2 .sdata2.* .gnu.linkonce.s2.*)
                0x0000000000226ff0                . = ALIGN (0x4)
                0x0000000000226ff0                _edata = ABSOLUTE (.)
                [!provide]                        PROVIDE (edata, ABSOLUTE (.))
                0x0000000000226ff0                PROVIDE (__ram_rwdata_end, ABSOLUTE (.))
                0x0000000000226ff0                PROVIDE (__flash_rwdata_start, LOADADDR (.rwdata))

.bss            0x0000000000228458      0x11c
                0x0000000000228458                __bss_start = ABSOLUTE (.)
                [!provide]                        PROVIDE (__sbss_start, ABSOLUTE (.))
                [!provide]                        PROVIDE (___sbss_start, ABSOLUTE (.))
 *(.dynsbss)
 *(.sbss .sbss.* .gnu.linkonce.sb.*)
 .sbss          0x0000000000228458        0x4 c:/intelfpga_lite/17.1/nios2eds/bin/gnu/h-x86_64-mingw32/bin/../lib/gcc/nios2-elf/5.3.0/../../../../../H-x86_64-mingw32/nios2-elf/lib\libsmallc.a(lib_a-int_errno.o)
                0x0000000000228458                errno
 .sbss          0x000000000022845c        0xc ../NIOS_II_Project/\libhal_bsp.a(alt_main.o)
                0x000000000022845c                alt_argc
                0x0000000000228460                alt_argv
                0x0000000000228464                alt_envp
 .sbss          0x0000000000228468        0x4 ../NIOS_II_Project/\libhal_bsp.a(alt_irq_vars.o)
                0x0000000000228468                alt_irq_active
 .sbss          0x000000000022846c        0x8 ../NIOS_II_Project/\libhal_bsp.a(alt_tick.o)
                0x000000000022846c                _alt_tick_rate
                0x0000000000228470                _alt_nticks
 *(.sbss2 .sbss2.* .gnu.linkonce.sb2.*)
 *(.scommon)
                [!provide]                        PROVIDE (__sbss_end, ABSOLUTE (.))
                [!provide]                        PROVIDE (___sbss_end, ABSOLUTE (.))
 *(.dynbss)
 *(.bss .bss.* .gnu.linkonce.b.*)
 .bss           0x0000000000228474        0x0 ../NIOS_II_Project//obj/HAL/src/crt0.o
 .bss           0x0000000000228474        0x0 obj/default/hello_world.o
 .bss           0x0000000000228474        0x0 c:/intelfpga_lite/17.1/nios2eds/bin/gnu/h-x86_64-mingw32/bin/../lib/gcc/nios2-elf/5.3.0/../../../../../H-x86_64-mingw32/nios2-elf/lib\libsmallc.a(lib_a-puts.o)
 .bss           0x0000000000228474        0x0 c:/intelfpga_lite/17.1/nios2eds/bin/gnu/h-x86_64-mingw32/bin/../lib/gcc/nios2-elf/5.3.0/../../../../../H-x86_64-mingw32/nios2-elf/lib\libsmallc.a(lib_a-strlen.o)
 .bss           0x0000000000228474        0x0 c:/intelfpga_lite/17.1/nios2eds/bin/gnu/h-x86_64-mingw32/bin/../lib/gcc/nios2-elf/5.3.0/../../../../../H-x86_64-mingw32/nios2-elf/lib\libsmallc.a(lib_a-fvwrite_small_dev.o)
 .bss           0x0000000000228474        0x0 c:/intelfpga_lite/17.1/nios2eds/bin/gnu/h-x86_64-mingw32/bin/../lib/gcc/nios2-elf/5.3.0/../../../../../H-x86_64-mingw32/nios2-elf/lib\libsmallc.a(lib_a-impure.o)
 .bss           0x0000000000228474        0x0 c:/intelfpga_lite/17.1/nios2eds/bin/gnu/h-x86_64-mingw32/bin/../lib/gcc/nios2-elf/5.3.0/../../../../../H-x86_64-mingw32/nios2-elf/lib\libsmallc.a(lib_a-writer.o)
 .bss           0x0000000000228474        0x0 c:/intelfpga_lite/17.1/nios2eds/bin/gnu/h-x86_64-mingw32/bin/../lib/gcc/nios2-elf/5.3.0/../../../../../H-x86_64-mingw32/nios2-elf/lib\libsmallc.a(lib_a-int_errno.o)
 .bss           0x0000000000228474        0x0 ../NIOS_II_Project/\libhal_bsp.a(alt_load.o)
 .bss           0x0000000000228474        0x0 ../NIOS_II_Project/\libhal_bsp.a(alt_main.o)
 .bss           0x0000000000228474        0x0 ../NIOS_II_Project/\libhal_bsp.a(alt_write.o)
 .bss           0x0000000000228474        0x0 ../NIOS_II_Project/\libhal_bsp.a(alt_sys_init.o)
 .bss           0x0000000000228474        0x0 ../NIOS_II_Project/\libhal_bsp.a(altera_avalon_jtag_uart_fd.o)
 .bss           0x0000000000228474        0x0 ../NIOS_II_Project/\libhal_bsp.a(altera_avalon_jtag_uart_init.o)
 .bss           0x0000000000228474        0x0 ../NIOS_II_Project/\libhal_bsp.a(altera_avalon_jtag_uart_ioctl.o)
 .bss           0x0000000000228474        0x0 ../NIOS_II_Project/\libhal_bsp.a(altera_avalon_jtag_uart_read.o)
 .bss           0x0000000000228474        0x0 ../NIOS_II_Project/\libhal_bsp.a(altera_avalon_jtag_uart_write.o)
 .bss           0x0000000000228474        0x0 ../NIOS_II_Project/\libhal_bsp.a(altera_avalon_lcd_16207.o)
 .bss           0x0000000000228474        0x0 ../NIOS_II_Project/\libhal_bsp.a(altera_avalon_lcd_16207_fd.o)
 .bss           0x0000000000228474        0x0 ../NIOS_II_Project/\libhal_bsp.a(altera_avalon_uart_fd.o)
 .bss           0x0000000000228474        0x0 ../NIOS_II_Project/\libhal_bsp.a(altera_avalon_uart_read.o)
 .bss           0x0000000000228474        0x0 ../NIOS_II_Project/\libhal_bsp.a(altera_avalon_uart_write.o)
 .bss           0x0000000000228474        0x0 ../NIOS_II_Project/\libhal_bsp.a(alt_alarm_start.o)
 .bss           0x0000000000228474        0x0 ../NIOS_II_Project/\libhal_bsp.a(alt_close.o)
 .bss           0x0000000000228474        0x0 ../NIOS_II_Project/\libhal_bsp.a(alt_dcache_flush_all.o)
 .bss           0x0000000000228474        0x0 ../NIOS_II_Project/\libhal_bsp.a(alt_dev.o)
 .bss           0x0000000000228474        0x0 ../NIOS_II_Project/\libhal_bsp.a(alt_dev_llist_insert.o)
 .bss           0x0000000000228474        0x0 ../NIOS_II_Project/\libhal_bsp.a(alt_do_ctors.o)
 .bss           0x0000000000228474        0x0 ../NIOS_II_Project/\libhal_bsp.a(alt_do_dtors.o)
 .bss           0x0000000000228474        0x0 ../NIOS_II_Project/\libhal_bsp.a(alt_errno.o)
 .bss           0x0000000000228474        0x0 ../NIOS_II_Project/\libhal_bsp.a(alt_icache_flush_all.o)
 .bss           0x0000000000228474        0x0 ../NIOS_II_Project/\libhal_bsp.a(alt_io_redirect.o)
 .bss           0x0000000000228474        0x0 ../NIOS_II_Project/\libhal_bsp.a(alt_irq_register.o)
 .bss           0x0000000000228474        0x0 ../NIOS_II_Project/\libhal_bsp.a(alt_irq_vars.o)
 .bss           0x0000000000228474        0x0 ../NIOS_II_Project/\libhal_bsp.a(alt_open.o)
 .bss           0x0000000000228474        0x0 ../NIOS_II_Project/\libhal_bsp.a(alt_release_fd.o)
 .bss           0x0000000000228474        0x0 ../NIOS_II_Project/\libhal_bsp.a(alt_tick.o)
 .bss           0x0000000000228474        0x0 ../NIOS_II_Project/\libhal_bsp.a(alt_usleep.o)
 .bss           0x0000000000228474        0x0 ../NIOS_II_Project/\libhal_bsp.a(altera_nios2_qsys_irq.o)
 .bss           0x0000000000228474        0x0 ../NIOS_II_Project/\libhal_bsp.a(alt_busy_sleep.o)
 .bss           0x0000000000228474        0x0 ../NIOS_II_Project/\libhal_bsp.a(alt_find_dev.o)
 .bss           0x0000000000228474        0x0 ../NIOS_II_Project/\libhal_bsp.a(alt_find_file.o)
 .bss           0x0000000000228474        0x0 ../NIOS_II_Project/\libhal_bsp.a(alt_get_fd.o)
 .bss           0x0000000000228474        0x0 ../NIOS_II_Project/\libhal_bsp.a(alt_icache_flush.o)
 .bss           0x0000000000228474        0x0 ../NIOS_II_Project/\libhal_bsp.a(alt_irq_entry.o)
 .bss           0x0000000000228474        0x0 ../NIOS_II_Project/\libhal_bsp.a(alt_irq_handler.o)
 .bss           0x0000000000228474        0x0 ../NIOS_II_Project/\libhal_bsp.a(alt_exception_entry.o)
 .bss           0x0000000000228474        0x0 c:/intelfpga_lite/17.1/nios2eds/bin/gnu/h-x86_64-mingw32/bin/../lib/gcc/nios2-elf/5.3.0/../../../../../H-x86_64-mingw32/nios2-elf/lib\libsmallc.a(lib_a-atexit.o)
 .bss           0x0000000000228474        0x0 c:/intelfpga_lite/17.1/nios2eds/bin/gnu/h-x86_64-mingw32/bin/../lib/gcc/nios2-elf/5.3.0/../../../../../H-x86_64-mingw32/nios2-elf/lib\libsmallc.a(lib_a-ctype_.o)
 .bss           0x0000000000228474        0x0 c:/intelfpga_lite/17.1/nios2eds/bin/gnu/h-x86_64-mingw32/bin/../lib/gcc/nios2-elf/5.3.0/../../../../../H-x86_64-mingw32/nios2-elf/lib\libsmallc.a(lib_a-exit.o)
 .bss           0x0000000000228474        0x0 c:/intelfpga_lite/17.1/nios2eds/bin/gnu/h-x86_64-mingw32/bin/../lib/gcc/nios2-elf/5.3.0/../../../../../H-x86_64-mingw32/nios2-elf/lib\libsmallc.a(lib_a-memcmp.o)
 .bss           0x0000000000228474        0x0 c:/intelfpga_lite/17.1/nios2eds/bin/gnu/h-x86_64-mingw32/bin/../lib/gcc/nios2-elf/5.3.0/../../../../../H-x86_64-mingw32/nios2-elf/lib\libsmallc.a(lib_a-memcpy.o)
 .bss           0x0000000000228474        0x0 c:/intelfpga_lite/17.1/nios2eds/bin/gnu/h-x86_64-mingw32/bin/../lib/gcc/nios2-elf/5.3.0/../../../../../H-x86_64-mingw32/nios2-elf/lib\libsmallc.a(lib_a-memset.o)
 .bss           0x0000000000228474        0x0 c:/intelfpga_lite/17.1/nios2eds/bin/gnu/h-x86_64-mingw32/bin/../lib/gcc/nios2-elf/5.3.0/../../../../../H-x86_64-mingw32/nios2-elf/lib\libsmallc.a(lib_a-__atexit.o)
 .bss           0x0000000000228474        0x0 c:/intelfpga_lite/17.1/nios2eds/bin/gnu/h-x86_64-mingw32/bin/../lib/gcc/nios2-elf/5.3.0/../../../../../H-x86_64-mingw32/nios2-elf/lib\libsmallc.a(lib_a-__call_atexit.o)
 .bss           0x0000000000228474        0x0 c:/intelfpga_lite/17.1/nios2eds/bin/gnu/h-x86_64-mingw32/bin/../lib/gcc/nios2-elf/5.3.0\libgcc.a(lib2-divmod.o)
 .bss           0x0000000000228474        0x0 ../NIOS_II_Project/\libhal_bsp.a(alt_exit.o)
 *(COMMON)
 COMMON         0x0000000000228474      0x100 ../NIOS_II_Project/\libhal_bsp.a(alt_irq_handler.o)
                0x0000000000228474                alt_irq
                0x0000000000228574                . = ALIGN (0x4)
                0x0000000000228574                __bss_end = ABSOLUTE (.)

.onchip_memory2_0
                0x0000000000228574        0x0
                [!provide]                        PROVIDE (_alt_partition_onchip_memory2_0_start, ABSOLUTE (.))
 *(.onchip_memory2_0 .onchip_memory2_0. onchip_memory2_0.*)
                0x0000000000228574                . = ALIGN (0x4)
                [!provide]                        PROVIDE (_alt_partition_onchip_memory2_0_end, ABSOLUTE (.))
                0x0000000000228574                _end = ABSOLUTE (.)
                0x0000000000228574                end = ABSOLUTE (.)
                0x0000000000228574                __alt_stack_base = ABSOLUTE (.)
                [!provide]                        PROVIDE (_alt_partition_onchip_memory2_0_load_addr, LOADADDR (.onchip_memory2_0))

.sdram          0x0000000001000000        0x0 load address 0x0000000000228574
                [!provide]                        PROVIDE (_alt_partition_sdram_start, ABSOLUTE (.))
 *(.sdram .sdram. sdram.*)
                0x0000000001000000                . = ALIGN (0x4)
                [!provide]                        PROVIDE (_alt_partition_sdram_end, ABSOLUTE (.))
                [!provide]                        PROVIDE (_alt_partition_sdram_load_addr, LOADADDR (.sdram))

.stab
 *(.stab)

.stabstr
 *(.stabstr)

.stab.excl
 *(.stab.excl)

.stab.exclstr
 *(.stab.exclstr)

.stab.index
 *(.stab.index)

.stab.indexstr
 *(.stab.indexstr)

.comment        0x0000000000000000       0x23
 *(.comment)
 .comment       0x0000000000000000       0x23 obj/default/hello_world.o
                                         0x24 (size before relaxing)
 .comment       0x0000000000000023       0x24 c:/intelfpga_lite/17.1/nios2eds/bin/gnu/h-x86_64-mingw32/bin/../lib/gcc/nios2-elf/5.3.0/../../../../../H-x86_64-mingw32/nios2-elf/lib\libsmallc.a(lib_a-puts.o)
 .comment       0x0000000000000023       0x24 c:/intelfpga_lite/17.1/nios2eds/bin/gnu/h-x86_64-mingw32/bin/../lib/gcc/nios2-elf/5.3.0/../../../../../H-x86_64-mingw32/nios2-elf/lib\libsmallc.a(lib_a-strlen.o)
 .comment       0x0000000000000023       0x24 c:/intelfpga_lite/17.1/nios2eds/bin/gnu/h-x86_64-mingw32/bin/../lib/gcc/nios2-elf/5.3.0/../../../../../H-x86_64-mingw32/nios2-elf/lib\libsmallc.a(lib_a-fvwrite_small_dev.o)
 .comment       0x0000000000000023       0x24 c:/intelfpga_lite/17.1/nios2eds/bin/gnu/h-x86_64-mingw32/bin/../lib/gcc/nios2-elf/5.3.0/../../../../../H-x86_64-mingw32/nios2-elf/lib\libsmallc.a(lib_a-impure.o)
 .comment       0x0000000000000023       0x24 c:/intelfpga_lite/17.1/nios2eds/bin/gnu/h-x86_64-mingw32/bin/../lib/gcc/nios2-elf/5.3.0/../../../../../H-x86_64-mingw32/nios2-elf/lib\libsmallc.a(lib_a-writer.o)
 .comment       0x0000000000000023       0x24 c:/intelfpga_lite/17.1/nios2eds/bin/gnu/h-x86_64-mingw32/bin/../lib/gcc/nios2-elf/5.3.0/../../../../../H-x86_64-mingw32/nios2-elf/lib\libsmallc.a(lib_a-int_errno.o)
 .comment       0x0000000000000023       0x24 ../NIOS_II_Project/\libhal_bsp.a(alt_load.o)
 .comment       0x0000000000000023       0x24 ../NIOS_II_Project/\libhal_bsp.a(alt_main.o)
 .comment       0x0000000000000023       0x24 ../NIOS_II_Project/\libhal_bsp.a(alt_write.o)
 .comment       0x0000000000000023       0x24 ../NIOS_II_Project/\libhal_bsp.a(alt_sys_init.o)
 .comment       0x0000000000000023       0x24 ../NIOS_II_Project/\libhal_bsp.a(altera_avalon_jtag_uart_fd.o)
 .comment       0x0000000000000023       0x24 ../NIOS_II_Project/\libhal_bsp.a(altera_avalon_jtag_uart_init.o)
 .comment       0x0000000000000023       0x24 ../NIOS_II_Project/\libhal_bsp.a(altera_avalon_jtag_uart_ioctl.o)
 .comment       0x0000000000000023       0x24 ../NIOS_II_Project/\libhal_bsp.a(altera_avalon_jtag_uart_read.o)
 .comment       0x0000000000000023       0x24 ../NIOS_II_Project/\libhal_bsp.a(altera_avalon_jtag_uart_write.o)
 .comment       0x0000000000000023       0x24 ../NIOS_II_Project/\libhal_bsp.a(altera_avalon_lcd_16207.o)
 .comment       0x0000000000000023       0x24 ../NIOS_II_Project/\libhal_bsp.a(altera_avalon_lcd_16207_fd.o)
 .comment       0x0000000000000023       0x24 ../NIOS_II_Project/\libhal_bsp.a(altera_avalon_uart_fd.o)
 .comment       0x0000000000000023       0x24 ../NIOS_II_Project/\libhal_bsp.a(altera_avalon_uart_read.o)
 .comment       0x0000000000000023       0x24 ../NIOS_II_Project/\libhal_bsp.a(altera_avalon_uart_write.o)
 .comment       0x0000000000000023       0x24 ../NIOS_II_Project/\libhal_bsp.a(alt_alarm_start.o)
 .comment       0x0000000000000023       0x24 ../NIOS_II_Project/\libhal_bsp.a(alt_close.o)
 .comment       0x0000000000000023       0x24 ../NIOS_II_Project/\libhal_bsp.a(alt_dcache_flush_all.o)
 .comment       0x0000000000000023       0x24 ../NIOS_II_Project/\libhal_bsp.a(alt_dev.o)
 .comment       0x0000000000000023       0x24 ../NIOS_II_Project/\libhal_bsp.a(alt_dev_llist_insert.o)
 .comment       0x0000000000000023       0x24 ../NIOS_II_Project/\libhal_bsp.a(alt_do_ctors.o)
 .comment       0x0000000000000023       0x24 ../NIOS_II_Project/\libhal_bsp.a(alt_do_dtors.o)
 .comment       0x0000000000000023       0x24 ../NIOS_II_Project/\libhal_bsp.a(alt_errno.o)
 .comment       0x0000000000000023       0x24 ../NIOS_II_Project/\libhal_bsp.a(alt_icache_flush_all.o)
 .comment       0x0000000000000023       0x24 ../NIOS_II_Project/\libhal_bsp.a(alt_io_redirect.o)
 .comment       0x0000000000000023       0x24 ../NIOS_II_Project/\libhal_bsp.a(alt_irq_register.o)
 .comment       0x0000000000000023       0x24 ../NIOS_II_Project/\libhal_bsp.a(alt_irq_vars.o)
 .comment       0x0000000000000023       0x24 ../NIOS_II_Project/\libhal_bsp.a(alt_open.o)
 .comment       0x0000000000000023       0x24 ../NIOS_II_Project/\libhal_bsp.a(alt_release_fd.o)
 .comment       0x0000000000000023       0x24 ../NIOS_II_Project/\libhal_bsp.a(alt_tick.o)
 .comment       0x0000000000000023       0x24 ../NIOS_II_Project/\libhal_bsp.a(alt_usleep.o)
 .comment       0x0000000000000023       0x24 ../NIOS_II_Project/\libhal_bsp.a(altera_nios2_qsys_irq.o)
 .comment       0x0000000000000023       0x24 ../NIOS_II_Project/\libhal_bsp.a(alt_busy_sleep.o)
 .comment       0x0000000000000023       0x24 ../NIOS_II_Project/\libhal_bsp.a(alt_find_dev.o)
 .comment       0x0000000000000023       0x24 ../NIOS_II_Project/\libhal_bsp.a(alt_find_file.o)
 .comment       0x0000000000000023       0x24 ../NIOS_II_Project/\libhal_bsp.a(alt_get_fd.o)
 .comment       0x0000000000000023       0x24 ../NIOS_II_Project/\libhal_bsp.a(alt_icache_flush.o)
 .comment       0x0000000000000023       0x24 ../NIOS_II_Project/\libhal_bsp.a(alt_irq_handler.o)
 .comment       0x0000000000000023       0x24 c:/intelfpga_lite/17.1/nios2eds/bin/gnu/h-x86_64-mingw32/bin/../lib/gcc/nios2-elf/5.3.0/../../../../../H-x86_64-mingw32/nios2-elf/lib\libsmallc.a(lib_a-atexit.o)
 .comment       0x0000000000000023       0x24 c:/intelfpga_lite/17.1/nios2eds/bin/gnu/h-x86_64-mingw32/bin/../lib/gcc/nios2-elf/5.3.0/../../../../../H-x86_64-mingw32/nios2-elf/lib\libsmallc.a(lib_a-ctype_.o)
 .comment       0x0000000000000023       0x24 c:/intelfpga_lite/17.1/nios2eds/bin/gnu/h-x86_64-mingw32/bin/../lib/gcc/nios2-elf/5.3.0/../../../../../H-x86_64-mingw32/nios2-elf/lib\libsmallc.a(lib_a-exit.o)
 .comment       0x0000000000000023       0x24 c:/intelfpga_lite/17.1/nios2eds/bin/gnu/h-x86_64-mingw32/bin/../lib/gcc/nios2-elf/5.3.0/../../../../../H-x86_64-mingw32/nios2-elf/lib\libsmallc.a(lib_a-memcmp.o)
 .comment       0x0000000000000023       0x24 c:/intelfpga_lite/17.1/nios2eds/bin/gnu/h-x86_64-mingw32/bin/../lib/gcc/nios2-elf/5.3.0/../../../../../H-x86_64-mingw32/nios2-elf/lib\libsmallc.a(lib_a-memcpy.o)
 .comment       0x0000000000000023       0x24 c:/intelfpga_lite/17.1/nios2eds/bin/gnu/h-x86_64-mingw32/bin/../lib/gcc/nios2-elf/5.3.0/../../../../../H-x86_64-mingw32/nios2-elf/lib\libsmallc.a(lib_a-memset.o)
 .comment       0x0000000000000023       0x24 c:/intelfpga_lite/17.1/nios2eds/bin/gnu/h-x86_64-mingw32/bin/../lib/gcc/nios2-elf/5.3.0/../../../../../H-x86_64-mingw32/nios2-elf/lib\libsmallc.a(lib_a-__atexit.o)
 .comment       0x0000000000000023       0x24 c:/intelfpga_lite/17.1/nios2eds/bin/gnu/h-x86_64-mingw32/bin/../lib/gcc/nios2-elf/5.3.0/../../../../../H-x86_64-mingw32/nios2-elf/lib\libsmallc.a(lib_a-__call_atexit.o)
 .comment       0x0000000000000023       0x24 c:/intelfpga_lite/17.1/nios2eds/bin/gnu/h-x86_64-mingw32/bin/../lib/gcc/nios2-elf/5.3.0\libgcc.a(lib2-divmod.o)
 .comment       0x0000000000000023       0x24 ../NIOS_II_Project/\libhal_bsp.a(alt_exit.o)

.debug
 *(.debug)

.line
 *(.line)

.debug_srcinfo
 *(.debug_srcinfo)

.debug_sfnames
 *(.debug_sfnames)

.debug_aranges  0x0000000000000000      0x730
 *(.debug_aranges)
 .debug_aranges
                0x0000000000000000       0x28 ../NIOS_II_Project//obj/HAL/src/crt0.o
 .debug_aranges
                0x0000000000000028       0x20 obj/default/hello_world.o
 .debug_aranges
                0x0000000000000048       0x28 c:/intelfpga_lite/17.1/nios2eds/bin/gnu/h-x86_64-mingw32/bin/../lib/gcc/nios2-elf/5.3.0/../../../../../H-x86_64-mingw32/nios2-elf/lib\libsmallc.a(lib_a-puts.o)
 .debug_aranges
                0x0000000000000070       0x20 c:/intelfpga_lite/17.1/nios2eds/bin/gnu/h-x86_64-mingw32/bin/../lib/gcc/nios2-elf/5.3.0/../../../../../H-x86_64-mingw32/nios2-elf/lib\libsmallc.a(lib_a-strlen.o)
 .debug_aranges
                0x0000000000000090       0x20 c:/intelfpga_lite/17.1/nios2eds/bin/gnu/h-x86_64-mingw32/bin/../lib/gcc/nios2-elf/5.3.0/../../../../../H-x86_64-mingw32/nios2-elf/lib\libsmallc.a(lib_a-fvwrite_small_dev.o)
 .debug_aranges
                0x00000000000000b0       0x18 c:/intelfpga_lite/17.1/nios2eds/bin/gnu/h-x86_64-mingw32/bin/../lib/gcc/nios2-elf/5.3.0/../../../../../H-x86_64-mingw32/nios2-elf/lib\libsmallc.a(lib_a-impure.o)
 .debug_aranges
                0x00000000000000c8       0x20 c:/intelfpga_lite/17.1/nios2eds/bin/gnu/h-x86_64-mingw32/bin/../lib/gcc/nios2-elf/5.3.0/../../../../../H-x86_64-mingw32/nios2-elf/lib\libsmallc.a(lib_a-writer.o)
 .debug_aranges
                0x00000000000000e8       0x18 c:/intelfpga_lite/17.1/nios2eds/bin/gnu/h-x86_64-mingw32/bin/../lib/gcc/nios2-elf/5.3.0/../../../../../H-x86_64-mingw32/nios2-elf/lib\libsmallc.a(lib_a-int_errno.o)
 .debug_aranges
                0x0000000000000100       0x20 ../NIOS_II_Project/\libhal_bsp.a(alt_load.o)
 .debug_aranges
                0x0000000000000120       0x20 ../NIOS_II_Project/\libhal_bsp.a(alt_main.o)
 .debug_aranges
                0x0000000000000140       0x20 ../NIOS_II_Project/\libhal_bsp.a(alt_write.o)
 .debug_aranges
                0x0000000000000160       0x20 ../NIOS_II_Project/\libhal_bsp.a(alt_sys_init.o)
 .debug_aranges
                0x0000000000000180       0x20 ../NIOS_II_Project/\libhal_bsp.a(altera_avalon_jtag_uart_fd.o)
 .debug_aranges
                0x00000000000001a0       0x20 ../NIOS_II_Project/\libhal_bsp.a(altera_avalon_jtag_uart_init.o)
 .debug_aranges
                0x00000000000001c0       0x20 ../NIOS_II_Project/\libhal_bsp.a(altera_avalon_jtag_uart_ioctl.o)
 .debug_aranges
                0x00000000000001e0       0x20 ../NIOS_II_Project/\libhal_bsp.a(altera_avalon_jtag_uart_read.o)
 .debug_aranges
                0x0000000000000200       0x20 ../NIOS_II_Project/\libhal_bsp.a(altera_avalon_jtag_uart_write.o)
 .debug_aranges
                0x0000000000000220       0x20 ../NIOS_II_Project/\libhal_bsp.a(altera_avalon_lcd_16207.o)
 .debug_aranges
                0x0000000000000240       0x20 ../NIOS_II_Project/\libhal_bsp.a(altera_avalon_lcd_16207_fd.o)
 .debug_aranges
                0x0000000000000260       0x20 ../NIOS_II_Project/\libhal_bsp.a(altera_avalon_uart_fd.o)
 .debug_aranges
                0x0000000000000280       0x20 ../NIOS_II_Project/\libhal_bsp.a(altera_avalon_uart_read.o)
 .debug_aranges
                0x00000000000002a0       0x20 ../NIOS_II_Project/\libhal_bsp.a(altera_avalon_uart_write.o)
 .debug_aranges
                0x00000000000002c0       0x20 ../NIOS_II_Project/\libhal_bsp.a(alt_alarm_start.o)
 .debug_aranges
                0x00000000000002e0       0x20 ../NIOS_II_Project/\libhal_bsp.a(alt_close.o)
 .debug_aranges
                0x0000000000000300       0x20 ../NIOS_II_Project/\libhal_bsp.a(alt_dcache_flush_all.o)
 .debug_aranges
                0x0000000000000320       0x20 ../NIOS_II_Project/\libhal_bsp.a(alt_dev.o)
 .debug_aranges
                0x0000000000000340       0x20 ../NIOS_II_Project/\libhal_bsp.a(alt_dev_llist_insert.o)
 .debug_aranges
                0x0000000000000360       0x20 ../NIOS_II_Project/\libhal_bsp.a(alt_do_ctors.o)
 .debug_aranges
                0x0000000000000380       0x20 ../NIOS_II_Project/\libhal_bsp.a(alt_do_dtors.o)
 .debug_aranges
                0x00000000000003a0       0x18 ../NIOS_II_Project/\libhal_bsp.a(alt_errno.o)
 .debug_aranges
                0x00000000000003b8       0x20 ../NIOS_II_Project/\libhal_bsp.a(alt_icache_flush_all.o)
 .debug_aranges
                0x00000000000003d8       0x20 ../NIOS_II_Project/\libhal_bsp.a(alt_io_redirect.o)
 .debug_aranges
                0x00000000000003f8       0x20 ../NIOS_II_Project/\libhal_bsp.a(alt_irq_register.o)
 .debug_aranges
                0x0000000000000418       0x18 ../NIOS_II_Project/\libhal_bsp.a(alt_irq_vars.o)
 .debug_aranges
                0x0000000000000430       0x20 ../NIOS_II_Project/\libhal_bsp.a(alt_open.o)
 .debug_aranges
                0x0000000000000450       0x20 ../NIOS_II_Project/\libhal_bsp.a(alt_release_fd.o)
 .debug_aranges
                0x0000000000000470       0x20 ../NIOS_II_Project/\libhal_bsp.a(alt_tick.o)
 .debug_aranges
                0x0000000000000490       0x20 ../NIOS_II_Project/\libhal_bsp.a(alt_usleep.o)
 .debug_aranges
                0x00000000000004b0       0x20 ../NIOS_II_Project/\libhal_bsp.a(altera_nios2_qsys_irq.o)
 .debug_aranges
                0x00000000000004d0       0x20 ../NIOS_II_Project/\libhal_bsp.a(alt_busy_sleep.o)
 .debug_aranges
                0x00000000000004f0       0x20 ../NIOS_II_Project/\libhal_bsp.a(alt_find_dev.o)
 .debug_aranges
                0x0000000000000510       0x20 ../NIOS_II_Project/\libhal_bsp.a(alt_find_file.o)
 .debug_aranges
                0x0000000000000530       0x20 ../NIOS_II_Project/\libhal_bsp.a(alt_get_fd.o)
 .debug_aranges
                0x0000000000000550       0x20 ../NIOS_II_Project/\libhal_bsp.a(alt_icache_flush.o)
 .debug_aranges
                0x0000000000000570       0x30 ../NIOS_II_Project/\libhal_bsp.a(alt_irq_entry.o)
 .debug_aranges
                0x00000000000005a0       0x20 ../NIOS_II_Project/\libhal_bsp.a(alt_irq_handler.o)
 .debug_aranges
                0x00000000000005c0       0x38 ../NIOS_II_Project/\libhal_bsp.a(alt_exception_entry.o)
 .debug_aranges
                0x00000000000005f8       0x20 c:/intelfpga_lite/17.1/nios2eds/bin/gnu/h-x86_64-mingw32/bin/../lib/gcc/nios2-elf/5.3.0/../../../../../H-x86_64-mingw32/nios2-elf/lib\libsmallc.a(lib_a-atexit.o)
 .debug_aranges
                0x0000000000000618       0x18 c:/intelfpga_lite/17.1/nios2eds/bin/gnu/h-x86_64-mingw32/bin/../lib/gcc/nios2-elf/5.3.0/../../../../../H-x86_64-mingw32/nios2-elf/lib\libsmallc.a(lib_a-ctype_.o)
 .debug_aranges
                0x0000000000000630       0x20 c:/intelfpga_lite/17.1/nios2eds/bin/gnu/h-x86_64-mingw32/bin/../lib/gcc/nios2-elf/5.3.0/../../../../../H-x86_64-mingw32/nios2-elf/lib\libsmallc.a(lib_a-exit.o)
 .debug_aranges
                0x0000000000000650       0x20 c:/intelfpga_lite/17.1/nios2eds/bin/gnu/h-x86_64-mingw32/bin/../lib/gcc/nios2-elf/5.3.0/../../../../../H-x86_64-mingw32/nios2-elf/lib\libsmallc.a(lib_a-memcmp.o)
 .debug_aranges
                0x0000000000000670       0x20 c:/intelfpga_lite/17.1/nios2eds/bin/gnu/h-x86_64-mingw32/bin/../lib/gcc/nios2-elf/5.3.0/../../../../../H-x86_64-mingw32/nios2-elf/lib\libsmallc.a(lib_a-memcpy.o)
 .debug_aranges
                0x0000000000000690       0x20 c:/intelfpga_lite/17.1/nios2eds/bin/gnu/h-x86_64-mingw32/bin/../lib/gcc/nios2-elf/5.3.0/../../../../../H-x86_64-mingw32/nios2-elf/lib\libsmallc.a(lib_a-memset.o)
 .debug_aranges
                0x00000000000006b0       0x20 c:/intelfpga_lite/17.1/nios2eds/bin/gnu/h-x86_64-mingw32/bin/../lib/gcc/nios2-elf/5.3.0/../../../../../H-x86_64-mingw32/nios2-elf/lib\libsmallc.a(lib_a-__atexit.o)
 .debug_aranges
                0x00000000000006d0       0x20 c:/intelfpga_lite/17.1/nios2eds/bin/gnu/h-x86_64-mingw32/bin/../lib/gcc/nios2-elf/5.3.0/../../../../../H-x86_64-mingw32/nios2-elf/lib\libsmallc.a(lib_a-__call_atexit.o)
 .debug_aranges
                0x00000000000006f0       0x20 c:/intelfpga_lite/17.1/nios2eds/bin/gnu/h-x86_64-mingw32/bin/../lib/gcc/nios2-elf/5.3.0\libgcc.a(lib2-divmod.o)
 .debug_aranges
                0x0000000000000710       0x20 ../NIOS_II_Project/\libhal_bsp.a(alt_exit.o)

.debug_pubnames
 *(.debug_pubnames)

.debug_info     0x0000000000000000     0x9340
 *(.debug_info .gnu.linkonce.wi.*)
 .debug_info    0x0000000000000000       0x8a ../NIOS_II_Project//obj/HAL/src/crt0.o
 .debug_info    0x000000000000008a       0x96 obj/default/hello_world.o
 .debug_info    0x0000000000000120      0x66d c:/intelfpga_lite/17.1/nios2eds/bin/gnu/h-x86_64-mingw32/bin/../lib/gcc/nios2-elf/5.3.0/../../../../../H-x86_64-mingw32/nios2-elf/lib\libsmallc.a(lib_a-puts.o)
 .debug_info    0x000000000000078d       0xc9 c:/intelfpga_lite/17.1/nios2eds/bin/gnu/h-x86_64-mingw32/bin/../lib/gcc/nios2-elf/5.3.0/../../../../../H-x86_64-mingw32/nios2-elf/lib\libsmallc.a(lib_a-strlen.o)
 .debug_info    0x0000000000000856      0x62b c:/intelfpga_lite/17.1/nios2eds/bin/gnu/h-x86_64-mingw32/bin/../lib/gcc/nios2-elf/5.3.0/../../../../../H-x86_64-mingw32/nios2-elf/lib\libsmallc.a(lib_a-fvwrite_small_dev.o)
 .debug_info    0x0000000000000e81      0x5a9 c:/intelfpga_lite/17.1/nios2eds/bin/gnu/h-x86_64-mingw32/bin/../lib/gcc/nios2-elf/5.3.0/../../../../../H-x86_64-mingw32/nios2-elf/lib\libsmallc.a(lib_a-impure.o)
 .debug_info    0x000000000000142a      0x630 c:/intelfpga_lite/17.1/nios2eds/bin/gnu/h-x86_64-mingw32/bin/../lib/gcc/nios2-elf/5.3.0/../../../../../H-x86_64-mingw32/nios2-elf/lib\libsmallc.a(lib_a-writer.o)
 .debug_info    0x0000000000001a5a       0x8a c:/intelfpga_lite/17.1/nios2eds/bin/gnu/h-x86_64-mingw32/bin/../lib/gcc/nios2-elf/5.3.0/../../../../../H-x86_64-mingw32/nios2-elf/lib\libsmallc.a(lib_a-int_errno.o)
 .debug_info    0x0000000000001ae4      0x145 ../NIOS_II_Project/\libhal_bsp.a(alt_load.o)
 .debug_info    0x0000000000001c29      0x157 ../NIOS_II_Project/\libhal_bsp.a(alt_main.o)
 .debug_info    0x0000000000001d80      0x4b7 ../NIOS_II_Project/\libhal_bsp.a(alt_write.o)
 .debug_info    0x0000000000002237      0x6bf ../NIOS_II_Project/\libhal_bsp.a(alt_sys_init.o)
 .debug_info    0x00000000000028f6      0x52e ../NIOS_II_Project/\libhal_bsp.a(altera_avalon_jtag_uart_fd.o)
 .debug_info    0x0000000000002e24      0x3c3 ../NIOS_II_Project/\libhal_bsp.a(altera_avalon_jtag_uart_init.o)
 .debug_info    0x00000000000031e7      0x280 ../NIOS_II_Project/\libhal_bsp.a(altera_avalon_jtag_uart_ioctl.o)
 .debug_info    0x0000000000003467      0x35b ../NIOS_II_Project/\libhal_bsp.a(altera_avalon_jtag_uart_read.o)
 .debug_info    0x00000000000037c2      0x356 ../NIOS_II_Project/\libhal_bsp.a(altera_avalon_jtag_uart_write.o)
 .debug_info    0x0000000000003b18      0x6d1 ../NIOS_II_Project/\libhal_bsp.a(altera_avalon_lcd_16207.o)
 .debug_info    0x00000000000041e9      0x4cc ../NIOS_II_Project/\libhal_bsp.a(altera_avalon_lcd_16207_fd.o)
 .debug_info    0x00000000000046b5      0x388 ../NIOS_II_Project/\libhal_bsp.a(altera_avalon_uart_fd.o)
 .debug_info    0x0000000000004a3d      0x1cc ../NIOS_II_Project/\libhal_bsp.a(altera_avalon_uart_read.o)
 .debug_info    0x0000000000004c09      0x1df ../NIOS_II_Project/\libhal_bsp.a(altera_avalon_uart_write.o)
 .debug_info    0x0000000000004de8      0x2e2 ../NIOS_II_Project/\libhal_bsp.a(alt_alarm_start.o)
 .debug_info    0x00000000000050ca      0x321 ../NIOS_II_Project/\libhal_bsp.a(alt_close.o)
 .debug_info    0x00000000000053eb       0x92 ../NIOS_II_Project/\libhal_bsp.a(alt_dcache_flush_all.o)
 .debug_info    0x000000000000547d      0x49c ../NIOS_II_Project/\libhal_bsp.a(alt_dev.o)
 .debug_info    0x0000000000005919      0x1a9 ../NIOS_II_Project/\libhal_bsp.a(alt_dev_llist_insert.o)
 .debug_info    0x0000000000005ac2       0x83 ../NIOS_II_Project/\libhal_bsp.a(alt_do_ctors.o)
 .debug_info    0x0000000000005b45       0x83 ../NIOS_II_Project/\libhal_bsp.a(alt_do_dtors.o)
 .debug_info    0x0000000000005bc8       0xa6 ../NIOS_II_Project/\libhal_bsp.a(alt_errno.o)
 .debug_info    0x0000000000005c6e       0x92 ../NIOS_II_Project/\libhal_bsp.a(alt_icache_flush_all.o)
 .debug_info    0x0000000000005d00      0x4a5 ../NIOS_II_Project/\libhal_bsp.a(alt_io_redirect.o)
 .debug_info    0x00000000000061a5      0x329 ../NIOS_II_Project/\libhal_bsp.a(alt_irq_register.o)
 .debug_info    0x00000000000064ce       0x88 ../NIOS_II_Project/\libhal_bsp.a(alt_irq_vars.o)
 .debug_info    0x0000000000006556      0x3bb ../NIOS_II_Project/\libhal_bsp.a(alt_open.o)
 .debug_info    0x0000000000006911      0x2b0 ../NIOS_II_Project/\libhal_bsp.a(alt_release_fd.o)
 .debug_info    0x0000000000006bc1      0x2af ../NIOS_II_Project/\libhal_bsp.a(alt_tick.o)
 .debug_info    0x0000000000006e70       0xb0 ../NIOS_II_Project/\libhal_bsp.a(alt_usleep.o)
 .debug_info    0x0000000000006f20       0xb8 ../NIOS_II_Project/\libhal_bsp.a(altera_nios2_qsys_irq.o)
 .debug_info    0x0000000000006fd8       0xd7 ../NIOS_II_Project/\libhal_bsp.a(alt_busy_sleep.o)
 .debug_info    0x00000000000070af      0x2e9 ../NIOS_II_Project/\libhal_bsp.a(alt_find_dev.o)
 .debug_info    0x0000000000007398      0x2e6 ../NIOS_II_Project/\libhal_bsp.a(alt_find_file.o)
 .debug_info    0x000000000000767e      0x310 ../NIOS_II_Project/\libhal_bsp.a(alt_get_fd.o)
 .debug_info    0x000000000000798e       0xdc ../NIOS_II_Project/\libhal_bsp.a(alt_icache_flush.o)
 .debug_info    0x0000000000007a6a       0x93 ../NIOS_II_Project/\libhal_bsp.a(alt_irq_entry.o)
 .debug_info    0x0000000000007afd      0x1a7 ../NIOS_II_Project/\libhal_bsp.a(alt_irq_handler.o)
 .debug_info    0x0000000000007ca4       0x99 ../NIOS_II_Project/\libhal_bsp.a(alt_exception_entry.o)
 .debug_info    0x0000000000007d3d       0xfe c:/intelfpga_lite/17.1/nios2eds/bin/gnu/h-x86_64-mingw32/bin/../lib/gcc/nios2-elf/5.3.0/../../../../../H-x86_64-mingw32/nios2-elf/lib\libsmallc.a(lib_a-atexit.o)
 .debug_info    0x0000000000007e3b       0x96 c:/intelfpga_lite/17.1/nios2eds/bin/gnu/h-x86_64-mingw32/bin/../lib/gcc/nios2-elf/5.3.0/../../../../../H-x86_64-mingw32/nios2-elf/lib\libsmallc.a(lib_a-ctype_.o)
 .debug_info    0x0000000000007ed1       0xe5 c:/intelfpga_lite/17.1/nios2eds/bin/gnu/h-x86_64-mingw32/bin/../lib/gcc/nios2-elf/5.3.0/../../../../../H-x86_64-mingw32/nios2-elf/lib\libsmallc.a(lib_a-exit.o)
 .debug_info    0x0000000000007fb6       0xf4 c:/intelfpga_lite/17.1/nios2eds/bin/gnu/h-x86_64-mingw32/bin/../lib/gcc/nios2-elf/5.3.0/../../../../../H-x86_64-mingw32/nios2-elf/lib\libsmallc.a(lib_a-memcmp.o)
 .debug_info    0x00000000000080aa      0x119 c:/intelfpga_lite/17.1/nios2eds/bin/gnu/h-x86_64-mingw32/bin/../lib/gcc/nios2-elf/5.3.0/../../../../../H-x86_64-mingw32/nios2-elf/lib\libsmallc.a(lib_a-memcpy.o)
 .debug_info    0x00000000000081c3       0xdc c:/intelfpga_lite/17.1/nios2eds/bin/gnu/h-x86_64-mingw32/bin/../lib/gcc/nios2-elf/5.3.0/../../../../../H-x86_64-mingw32/nios2-elf/lib\libsmallc.a(lib_a-memset.o)
 .debug_info    0x000000000000829f      0x64a c:/intelfpga_lite/17.1/nios2eds/bin/gnu/h-x86_64-mingw32/bin/../lib/gcc/nios2-elf/5.3.0/../../../../../H-x86_64-mingw32/nios2-elf/lib\libsmallc.a(lib_a-__atexit.o)
 .debug_info    0x00000000000088e9      0x67b c:/intelfpga_lite/17.1/nios2eds/bin/gnu/h-x86_64-mingw32/bin/../lib/gcc/nios2-elf/5.3.0/../../../../../H-x86_64-mingw32/nios2-elf/lib\libsmallc.a(lib_a-__call_atexit.o)
 .debug_info    0x0000000000008f64      0x2c6 c:/intelfpga_lite/17.1/nios2eds/bin/gnu/h-x86_64-mingw32/bin/../lib/gcc/nios2-elf/5.3.0\libgcc.a(lib2-divmod.o)
 .debug_info    0x000000000000922a      0x116 ../NIOS_II_Project/\libhal_bsp.a(alt_exit.o)

.debug_abbrev   0x0000000000000000     0x347c
 *(.debug_abbrev)
 .debug_abbrev  0x0000000000000000       0x12 ../NIOS_II_Project//obj/HAL/src/crt0.o
 .debug_abbrev  0x0000000000000012       0x42 obj/default/hello_world.o
 .debug_abbrev  0x0000000000000054      0x1d6 c:/intelfpga_lite/17.1/nios2eds/bin/gnu/h-x86_64-mingw32/bin/../lib/gcc/nios2-elf/5.3.0/../../../../../H-x86_64-mingw32/nios2-elf/lib\libsmallc.a(lib_a-puts.o)
 .debug_abbrev  0x000000000000022a       0x7f c:/intelfpga_lite/17.1/nios2eds/bin/gnu/h-x86_64-mingw32/bin/../lib/gcc/nios2-elf/5.3.0/../../../../../H-x86_64-mingw32/nios2-elf/lib\libsmallc.a(lib_a-strlen.o)
 .debug_abbrev  0x00000000000002a9      0x1bc c:/intelfpga_lite/17.1/nios2eds/bin/gnu/h-x86_64-mingw32/bin/../lib/gcc/nios2-elf/5.3.0/../../../../../H-x86_64-mingw32/nios2-elf/lib\libsmallc.a(lib_a-fvwrite_small_dev.o)
 .debug_abbrev  0x0000000000000465      0x14a c:/intelfpga_lite/17.1/nios2eds/bin/gnu/h-x86_64-mingw32/bin/../lib/gcc/nios2-elf/5.3.0/../../../../../H-x86_64-mingw32/nios2-elf/lib\libsmallc.a(lib_a-impure.o)
 .debug_abbrev  0x00000000000005af      0x1a6 c:/intelfpga_lite/17.1/nios2eds/bin/gnu/h-x86_64-mingw32/bin/../lib/gcc/nios2-elf/5.3.0/../../../../../H-x86_64-mingw32/nios2-elf/lib\libsmallc.a(lib_a-writer.o)
 .debug_abbrev  0x0000000000000755       0x37 c:/intelfpga_lite/17.1/nios2eds/bin/gnu/h-x86_64-mingw32/bin/../lib/gcc/nios2-elf/5.3.0/../../../../../H-x86_64-mingw32/nios2-elf/lib\libsmallc.a(lib_a-int_errno.o)
 .debug_abbrev  0x000000000000078c       0x9f ../NIOS_II_Project/\libhal_bsp.a(alt_load.o)
 .debug_abbrev  0x000000000000082b       0xc1 ../NIOS_II_Project/\libhal_bsp.a(alt_main.o)
 .debug_abbrev  0x00000000000008ec      0x133 ../NIOS_II_Project/\libhal_bsp.a(alt_write.o)
 .debug_abbrev  0x0000000000000a1f      0x190 ../NIOS_II_Project/\libhal_bsp.a(alt_sys_init.o)
 .debug_abbrev  0x0000000000000baf      0x127 ../NIOS_II_Project/\libhal_bsp.a(altera_avalon_jtag_uart_fd.o)
 .debug_abbrev  0x0000000000000cd6      0x19e ../NIOS_II_Project/\libhal_bsp.a(altera_avalon_jtag_uart_init.o)
 .debug_abbrev  0x0000000000000e74      0x111 ../NIOS_II_Project/\libhal_bsp.a(altera_avalon_jtag_uart_ioctl.o)
 .debug_abbrev  0x0000000000000f85      0x1aa ../NIOS_II_Project/\libhal_bsp.a(altera_avalon_jtag_uart_read.o)
 .debug_abbrev  0x000000000000112f      0x1a8 ../NIOS_II_Project/\libhal_bsp.a(altera_avalon_jtag_uart_write.o)
 .debug_abbrev  0x00000000000012d7      0x20f ../NIOS_II_Project/\libhal_bsp.a(altera_avalon_lcd_16207.o)
 .debug_abbrev  0x00000000000014e6      0x125 ../NIOS_II_Project/\libhal_bsp.a(altera_avalon_lcd_16207_fd.o)
 .debug_abbrev  0x000000000000160b       0xf0 ../NIOS_II_Project/\libhal_bsp.a(altera_avalon_uart_fd.o)
 .debug_abbrev  0x00000000000016fb       0xe0 ../NIOS_II_Project/\libhal_bsp.a(altera_avalon_uart_read.o)
 .debug_abbrev  0x00000000000017db       0xe7 ../NIOS_II_Project/\libhal_bsp.a(altera_avalon_uart_write.o)
 .debug_abbrev  0x00000000000018c2      0x162 ../NIOS_II_Project/\libhal_bsp.a(alt_alarm_start.o)
 .debug_abbrev  0x0000000000001a24      0x11f ../NIOS_II_Project/\libhal_bsp.a(alt_close.o)
 .debug_abbrev  0x0000000000001b43       0x42 ../NIOS_II_Project/\libhal_bsp.a(alt_dcache_flush_all.o)
 .debug_abbrev  0x0000000000001b85       0xd9 ../NIOS_II_Project/\libhal_bsp.a(alt_dev.o)
 .debug_abbrev  0x0000000000001c5e      0x114 ../NIOS_II_Project/\libhal_bsp.a(alt_dev_llist_insert.o)
 .debug_abbrev  0x0000000000001d72       0x79 ../NIOS_II_Project/\libhal_bsp.a(alt_do_ctors.o)
 .debug_abbrev  0x0000000000001deb       0x79 ../NIOS_II_Project/\libhal_bsp.a(alt_do_dtors.o)
 .debug_abbrev  0x0000000000001e64       0x5a ../NIOS_II_Project/\libhal_bsp.a(alt_errno.o)
 .debug_abbrev  0x0000000000001ebe       0x42 ../NIOS_II_Project/\libhal_bsp.a(alt_icache_flush_all.o)
 .debug_abbrev  0x0000000000001f00      0x114 ../NIOS_II_Project/\libhal_bsp.a(alt_io_redirect.o)
 .debug_abbrev  0x0000000000002014      0x186 ../NIOS_II_Project/\libhal_bsp.a(alt_irq_register.o)
 .debug_abbrev  0x000000000000219a       0x40 ../NIOS_II_Project/\libhal_bsp.a(alt_irq_vars.o)
 .debug_abbrev  0x00000000000021da      0x148 ../NIOS_II_Project/\libhal_bsp.a(alt_open.o)
 .debug_abbrev  0x0000000000002322       0xde ../NIOS_II_Project/\libhal_bsp.a(alt_release_fd.o)
 .debug_abbrev  0x0000000000002400      0x16b ../NIOS_II_Project/\libhal_bsp.a(alt_tick.o)
 .debug_abbrev  0x000000000000256b       0x60 ../NIOS_II_Project/\libhal_bsp.a(alt_usleep.o)
 .debug_abbrev  0x00000000000025cb       0x67 ../NIOS_II_Project/\libhal_bsp.a(altera_nios2_qsys_irq.o)
 .debug_abbrev  0x0000000000002632       0x7e ../NIOS_II_Project/\libhal_bsp.a(alt_busy_sleep.o)
 .debug_abbrev  0x00000000000026b0       0xf0 ../NIOS_II_Project/\libhal_bsp.a(alt_find_dev.o)
 .debug_abbrev  0x00000000000027a0       0xf0 ../NIOS_II_Project/\libhal_bsp.a(alt_find_file.o)
 .debug_abbrev  0x0000000000002890      0x10d ../NIOS_II_Project/\libhal_bsp.a(alt_get_fd.o)
 .debug_abbrev  0x000000000000299d       0x8c ../NIOS_II_Project/\libhal_bsp.a(alt_icache_flush.o)
 .debug_abbrev  0x0000000000002a29       0x12 ../NIOS_II_Project/\libhal_bsp.a(alt_irq_entry.o)
 .debug_abbrev  0x0000000000002a3b      0x13a ../NIOS_II_Project/\libhal_bsp.a(alt_irq_handler.o)
 .debug_abbrev  0x0000000000002b75       0x12 ../NIOS_II_Project/\libhal_bsp.a(alt_exception_entry.o)
 .debug_abbrev  0x0000000000002b87       0xaa c:/intelfpga_lite/17.1/nios2eds/bin/gnu/h-x86_64-mingw32/bin/../lib/gcc/nios2-elf/5.3.0/../../../../../H-x86_64-mingw32/nios2-elf/lib\libsmallc.a(lib_a-atexit.o)
 .debug_abbrev  0x0000000000002c31       0x5d c:/intelfpga_lite/17.1/nios2eds/bin/gnu/h-x86_64-mingw32/bin/../lib/gcc/nios2-elf/5.3.0/../../../../../H-x86_64-mingw32/nios2-elf/lib\libsmallc.a(lib_a-ctype_.o)
 .debug_abbrev  0x0000000000002c8e       0x8b c:/intelfpga_lite/17.1/nios2eds/bin/gnu/h-x86_64-mingw32/bin/../lib/gcc/nios2-elf/5.3.0/../../../../../H-x86_64-mingw32/nios2-elf/lib\libsmallc.a(lib_a-exit.o)
 .debug_abbrev  0x0000000000002d19       0x7f c:/intelfpga_lite/17.1/nios2eds/bin/gnu/h-x86_64-mingw32/bin/../lib/gcc/nios2-elf/5.3.0/../../../../../H-x86_64-mingw32/nios2-elf/lib\libsmallc.a(lib_a-memcmp.o)
 .debug_abbrev  0x0000000000002d98       0x9c c:/intelfpga_lite/17.1/nios2eds/bin/gnu/h-x86_64-mingw32/bin/../lib/gcc/nios2-elf/5.3.0/../../../../../H-x86_64-mingw32/nios2-elf/lib\libsmallc.a(lib_a-memcpy.o)
 .debug_abbrev  0x0000000000002e34       0x8e c:/intelfpga_lite/17.1/nios2eds/bin/gnu/h-x86_64-mingw32/bin/../lib/gcc/nios2-elf/5.3.0/../../../../../H-x86_64-mingw32/nios2-elf/lib\libsmallc.a(lib_a-memset.o)
 .debug_abbrev  0x0000000000002ec2      0x1e6 c:/intelfpga_lite/17.1/nios2eds/bin/gnu/h-x86_64-mingw32/bin/../lib/gcc/nios2-elf/5.3.0/../../../../../H-x86_64-mingw32/nios2-elf/lib\libsmallc.a(lib_a-__atexit.o)
 .debug_abbrev  0x00000000000030a8      0x1f6 c:/intelfpga_lite/17.1/nios2eds/bin/gnu/h-x86_64-mingw32/bin/../lib/gcc/nios2-elf/5.3.0/../../../../../H-x86_64-mingw32/nios2-elf/lib\libsmallc.a(lib_a-__call_atexit.o)
 .debug_abbrev  0x000000000000329e      0x10e c:/intelfpga_lite/17.1/nios2eds/bin/gnu/h-x86_64-mingw32/bin/../lib/gcc/nios2-elf/5.3.0\libgcc.a(lib2-divmod.o)
 .debug_abbrev  0x00000000000033ac       0xd0 ../NIOS_II_Project/\libhal_bsp.a(alt_exit.o)

.debug_line     0x0000000000000000     0x3c4f
 *(.debug_line)
 .debug_line    0x0000000000000000       0x6c ../NIOS_II_Project//obj/HAL/src/crt0.o
 .debug_line    0x000000000000006c       0x40 obj/default/hello_world.o
 .debug_line    0x00000000000000ac      0x203 c:/intelfpga_lite/17.1/nios2eds/bin/gnu/h-x86_64-mingw32/bin/../lib/gcc/nios2-elf/5.3.0/../../../../../H-x86_64-mingw32/nios2-elf/lib\libsmallc.a(lib_a-puts.o)
 .debug_line    0x00000000000002af      0x159 c:/intelfpga_lite/17.1/nios2eds/bin/gnu/h-x86_64-mingw32/bin/../lib/gcc/nios2-elf/5.3.0/../../../../../H-x86_64-mingw32/nios2-elf/lib\libsmallc.a(lib_a-strlen.o)
 .debug_line    0x0000000000000408      0x1ed c:/intelfpga_lite/17.1/nios2eds/bin/gnu/h-x86_64-mingw32/bin/../lib/gcc/nios2-elf/5.3.0/../../../../../H-x86_64-mingw32/nios2-elf/lib\libsmallc.a(lib_a-fvwrite_small_dev.o)
 .debug_line    0x00000000000005f5      0x153 c:/intelfpga_lite/17.1/nios2eds/bin/gnu/h-x86_64-mingw32/bin/../lib/gcc/nios2-elf/5.3.0/../../../../../H-x86_64-mingw32/nios2-elf/lib\libsmallc.a(lib_a-impure.o)
 .debug_line    0x0000000000000748      0x1ea c:/intelfpga_lite/17.1/nios2eds/bin/gnu/h-x86_64-mingw32/bin/../lib/gcc/nios2-elf/5.3.0/../../../../../H-x86_64-mingw32/nios2-elf/lib\libsmallc.a(lib_a-writer.o)
 .debug_line    0x0000000000000932       0x5c c:/intelfpga_lite/17.1/nios2eds/bin/gnu/h-x86_64-mingw32/bin/../lib/gcc/nios2-elf/5.3.0/../../../../../H-x86_64-mingw32/nios2-elf/lib\libsmallc.a(lib_a-int_errno.o)
 .debug_line    0x000000000000098e       0x8e ../NIOS_II_Project/\libhal_bsp.a(alt_load.o)
 .debug_line    0x0000000000000a1c       0xd1 ../NIOS_II_Project/\libhal_bsp.a(alt_main.o)
 .debug_line    0x0000000000000aed      0x1db ../NIOS_II_Project/\libhal_bsp.a(alt_write.o)
 .debug_line    0x0000000000000cc8      0x1d6 ../NIOS_II_Project/\libhal_bsp.a(alt_sys_init.o)
 .debug_line    0x0000000000000e9e      0x12f ../NIOS_II_Project/\libhal_bsp.a(altera_avalon_jtag_uart_fd.o)
 .debug_line    0x0000000000000fcd      0x19f ../NIOS_II_Project/\libhal_bsp.a(altera_avalon_jtag_uart_init.o)
 .debug_line    0x000000000000116c      0x131 ../NIOS_II_Project/\libhal_bsp.a(altera_avalon_jtag_uart_ioctl.o)
 .debug_line    0x000000000000129d      0x185 ../NIOS_II_Project/\libhal_bsp.a(altera_avalon_jtag_uart_read.o)
 .debug_line    0x0000000000001422      0x184 ../NIOS_II_Project/\libhal_bsp.a(altera_avalon_jtag_uart_write.o)
 .debug_line    0x00000000000015a6      0x343 ../NIOS_II_Project/\libhal_bsp.a(altera_avalon_lcd_16207.o)
 .debug_line    0x00000000000018e9      0x119 ../NIOS_II_Project/\libhal_bsp.a(altera_avalon_lcd_16207_fd.o)
 .debug_line    0x0000000000001a02       0xe5 ../NIOS_II_Project/\libhal_bsp.a(altera_avalon_uart_fd.o)
 .debug_line    0x0000000000001ae7      0x119 ../NIOS_II_Project/\libhal_bsp.a(altera_avalon_uart_read.o)
 .debug_line    0x0000000000001c00      0x121 ../NIOS_II_Project/\libhal_bsp.a(altera_avalon_uart_write.o)
 .debug_line    0x0000000000001d21      0x10d ../NIOS_II_Project/\libhal_bsp.a(alt_alarm_start.o)
 .debug_line    0x0000000000001e2e      0x165 ../NIOS_II_Project/\libhal_bsp.a(alt_close.o)
 .debug_line    0x0000000000001f93       0x51 ../NIOS_II_Project/\libhal_bsp.a(alt_dcache_flush_all.o)
 .debug_line    0x0000000000001fe4       0xf8 ../NIOS_II_Project/\libhal_bsp.a(alt_dev.o)
 .debug_line    0x00000000000020dc       0xcf ../NIOS_II_Project/\libhal_bsp.a(alt_dev_llist_insert.o)
 .debug_line    0x00000000000021ab       0x59 ../NIOS_II_Project/\libhal_bsp.a(alt_do_ctors.o)
 .debug_line    0x0000000000002204       0x59 ../NIOS_II_Project/\libhal_bsp.a(alt_do_dtors.o)
 .debug_line    0x000000000000225d       0x51 ../NIOS_II_Project/\libhal_bsp.a(alt_errno.o)
 .debug_line    0x00000000000022ae       0x50 ../NIOS_II_Project/\libhal_bsp.a(alt_icache_flush_all.o)
 .debug_line    0x00000000000022fe      0x133 ../NIOS_II_Project/\libhal_bsp.a(alt_io_redirect.o)
 .debug_line    0x0000000000002431      0x155 ../NIOS_II_Project/\libhal_bsp.a(alt_irq_register.o)
 .debug_line    0x0000000000002586       0x50 ../NIOS_II_Project/\libhal_bsp.a(alt_irq_vars.o)
 .debug_line    0x00000000000025d6      0x128 ../NIOS_II_Project/\libhal_bsp.a(alt_open.o)
 .debug_line    0x00000000000026fe       0xae ../NIOS_II_Project/\libhal_bsp.a(alt_release_fd.o)
 .debug_line    0x00000000000027ac      0x113 ../NIOS_II_Project/\libhal_bsp.a(alt_tick.o)
 .debug_line    0x00000000000028bf       0xad ../NIOS_II_Project/\libhal_bsp.a(alt_usleep.o)
 .debug_line    0x000000000000296c       0x8d ../NIOS_II_Project/\libhal_bsp.a(altera_nios2_qsys_irq.o)
 .debug_line    0x00000000000029f9       0xa0 ../NIOS_II_Project/\libhal_bsp.a(alt_busy_sleep.o)
 .debug_line    0x0000000000002a99       0xb5 ../NIOS_II_Project/\libhal_bsp.a(alt_find_dev.o)
 .debug_line    0x0000000000002b4e       0xd1 ../NIOS_II_Project/\libhal_bsp.a(alt_find_file.o)
 .debug_line    0x0000000000002c1f       0xd4 ../NIOS_II_Project/\libhal_bsp.a(alt_get_fd.o)
 .debug_line    0x0000000000002cf3       0x81 ../NIOS_II_Project/\libhal_bsp.a(alt_icache_flush.o)
 .debug_line    0x0000000000002d74       0x6b ../NIOS_II_Project/\libhal_bsp.a(alt_irq_entry.o)
 .debug_line    0x0000000000002ddf       0xcd ../NIOS_II_Project/\libhal_bsp.a(alt_irq_handler.o)
 .debug_line    0x0000000000002eac       0xab ../NIOS_II_Project/\libhal_bsp.a(alt_exception_entry.o)
 .debug_line    0x0000000000002f57       0xe4 c:/intelfpga_lite/17.1/nios2eds/bin/gnu/h-x86_64-mingw32/bin/../lib/gcc/nios2-elf/5.3.0/../../../../../H-x86_64-mingw32/nios2-elf/lib\libsmallc.a(lib_a-atexit.o)
 .debug_line    0x000000000000303b       0xc4 c:/intelfpga_lite/17.1/nios2eds/bin/gnu/h-x86_64-mingw32/bin/../lib/gcc/nios2-elf/5.3.0/../../../../../H-x86_64-mingw32/nios2-elf/lib\libsmallc.a(lib_a-ctype_.o)
 .debug_line    0x00000000000030ff      0x156 c:/intelfpga_lite/17.1/nios2eds/bin/gnu/h-x86_64-mingw32/bin/../lib/gcc/nios2-elf/5.3.0/../../../../../H-x86_64-mingw32/nios2-elf/lib\libsmallc.a(lib_a-exit.o)
 .debug_line    0x0000000000003255      0x15d c:/intelfpga_lite/17.1/nios2eds/bin/gnu/h-x86_64-mingw32/bin/../lib/gcc/nios2-elf/5.3.0/../../../../../H-x86_64-mingw32/nios2-elf/lib\libsmallc.a(lib_a-memcmp.o)
 .debug_line    0x00000000000033b2      0x15b c:/intelfpga_lite/17.1/nios2eds/bin/gnu/h-x86_64-mingw32/bin/../lib/gcc/nios2-elf/5.3.0/../../../../../H-x86_64-mingw32/nios2-elf/lib\libsmallc.a(lib_a-memcpy.o)
 .debug_line    0x000000000000350d      0x15a c:/intelfpga_lite/17.1/nios2eds/bin/gnu/h-x86_64-mingw32/bin/../lib/gcc/nios2-elf/5.3.0/../../../../../H-x86_64-mingw32/nios2-elf/lib\libsmallc.a(lib_a-memset.o)
 .debug_line    0x0000000000003667      0x20a c:/intelfpga_lite/17.1/nios2eds/bin/gnu/h-x86_64-mingw32/bin/../lib/gcc/nios2-elf/5.3.0/../../../../../H-x86_64-mingw32/nios2-elf/lib\libsmallc.a(lib_a-__atexit.o)
 .debug_line    0x0000000000003871      0x22f c:/intelfpga_lite/17.1/nios2eds/bin/gnu/h-x86_64-mingw32/bin/../lib/gcc/nios2-elf/5.3.0/../../../../../H-x86_64-mingw32/nios2-elf/lib\libsmallc.a(lib_a-__call_atexit.o)
 .debug_line    0x0000000000003aa0      0x102 c:/intelfpga_lite/17.1/nios2eds/bin/gnu/h-x86_64-mingw32/bin/../lib/gcc/nios2-elf/5.3.0\libgcc.a(lib2-divmod.o)
 .debug_line    0x0000000000003ba2       0xad ../NIOS_II_Project/\libhal_bsp.a(alt_exit.o)

.debug_frame    0x0000000000000000      0xe88
 *(.debug_frame)
 .debug_frame   0x0000000000000000       0x38 obj/default/hello_world.o
 .debug_frame   0x0000000000000038       0x48 c:/intelfpga_lite/17.1/nios2eds/bin/gnu/h-x86_64-mingw32/bin/../lib/gcc/nios2-elf/5.3.0/../../../../../H-x86_64-mingw32/nios2-elf/lib\libsmallc.a(lib_a-puts.o)
 .debug_frame   0x0000000000000080       0x20 c:/intelfpga_lite/17.1/nios2eds/bin/gnu/h-x86_64-mingw32/bin/../lib/gcc/nios2-elf/5.3.0/../../../../../H-x86_64-mingw32/nios2-elf/lib\libsmallc.a(lib_a-strlen.o)
 .debug_frame   0x00000000000000a0       0x58 c:/intelfpga_lite/17.1/nios2eds/bin/gnu/h-x86_64-mingw32/bin/../lib/gcc/nios2-elf/5.3.0/../../../../../H-x86_64-mingw32/nios2-elf/lib\libsmallc.a(lib_a-fvwrite_small_dev.o)
 .debug_frame   0x00000000000000f8       0x38 c:/intelfpga_lite/17.1/nios2eds/bin/gnu/h-x86_64-mingw32/bin/../lib/gcc/nios2-elf/5.3.0/../../../../../H-x86_64-mingw32/nios2-elf/lib\libsmallc.a(lib_a-writer.o)
 .debug_frame   0x0000000000000130       0x5c ../NIOS_II_Project/\libhal_bsp.a(alt_load.o)
 .debug_frame   0x000000000000018c       0x2c ../NIOS_II_Project/\libhal_bsp.a(alt_main.o)
 .debug_frame   0x00000000000001b8       0x60 ../NIOS_II_Project/\libhal_bsp.a(alt_write.o)
 .debug_frame   0x0000000000000218       0x88 ../NIOS_II_Project/\libhal_bsp.a(alt_sys_init.o)
 .debug_frame   0x00000000000002a0       0xb0 ../NIOS_II_Project/\libhal_bsp.a(altera_avalon_jtag_uart_fd.o)
 .debug_frame   0x0000000000000350       0xa4 ../NIOS_II_Project/\libhal_bsp.a(altera_avalon_jtag_uart_init.o)
 .debug_frame   0x00000000000003f4       0x34 ../NIOS_II_Project/\libhal_bsp.a(altera_avalon_jtag_uart_ioctl.o)
 .debug_frame   0x0000000000000428       0x38 ../NIOS_II_Project/\libhal_bsp.a(altera_avalon_jtag_uart_read.o)
 .debug_frame   0x0000000000000460       0x38 ../NIOS_II_Project/\libhal_bsp.a(altera_avalon_jtag_uart_write.o)
 .debug_frame   0x0000000000000498      0x178 ../NIOS_II_Project/\libhal_bsp.a(altera_avalon_lcd_16207.o)
 .debug_frame   0x0000000000000610       0x38 ../NIOS_II_Project/\libhal_bsp.a(altera_avalon_lcd_16207_fd.o)
 .debug_frame   0x0000000000000648       0x60 ../NIOS_II_Project/\libhal_bsp.a(altera_avalon_uart_fd.o)
 .debug_frame   0x00000000000006a8       0x60 ../NIOS_II_Project/\libhal_bsp.a(altera_avalon_uart_read.o)
 .debug_frame   0x0000000000000708       0x60 ../NIOS_II_Project/\libhal_bsp.a(altera_avalon_uart_write.o)
 .debug_frame   0x0000000000000768       0x34 ../NIOS_II_Project/\libhal_bsp.a(alt_alarm_start.o)
 .debug_frame   0x000000000000079c       0x60 ../NIOS_II_Project/\libhal_bsp.a(alt_close.o)
 .debug_frame   0x00000000000007fc       0x34 ../NIOS_II_Project/\libhal_bsp.a(alt_dcache_flush_all.o)
 .debug_frame   0x0000000000000830       0x34 ../NIOS_II_Project/\libhal_bsp.a(alt_dev.o)
 .debug_frame   0x0000000000000864       0x60 ../NIOS_II_Project/\libhal_bsp.a(alt_dev_llist_insert.o)
 .debug_frame   0x00000000000008c4       0x38 ../NIOS_II_Project/\libhal_bsp.a(alt_do_ctors.o)
 .debug_frame   0x00000000000008fc       0x38 ../NIOS_II_Project/\libhal_bsp.a(alt_do_dtors.o)
 .debug_frame   0x0000000000000934       0x38 ../NIOS_II_Project/\libhal_bsp.a(alt_icache_flush_all.o)
 .debug_frame   0x000000000000096c       0x60 ../NIOS_II_Project/\libhal_bsp.a(alt_io_redirect.o)
 .debug_frame   0x00000000000009cc       0x34 ../NIOS_II_Project/\libhal_bsp.a(alt_irq_register.o)
 .debug_frame   0x0000000000000a00       0x84 ../NIOS_II_Project/\libhal_bsp.a(alt_open.o)
 .debug_frame   0x0000000000000a84       0x34 ../NIOS_II_Project/\libhal_bsp.a(alt_release_fd.o)
 .debug_frame   0x0000000000000ab8       0x5c ../NIOS_II_Project/\libhal_bsp.a(alt_tick.o)
 .debug_frame   0x0000000000000b14       0x38 ../NIOS_II_Project/\libhal_bsp.a(alt_usleep.o)
 .debug_frame   0x0000000000000b4c       0x34 ../NIOS_II_Project/\libhal_bsp.a(altera_nios2_qsys_irq.o)
 .debug_frame   0x0000000000000b80       0x38 ../NIOS_II_Project/\libhal_bsp.a(alt_busy_sleep.o)
 .debug_frame   0x0000000000000bb8       0x38 ../NIOS_II_Project/\libhal_bsp.a(alt_find_dev.o)
 .debug_frame   0x0000000000000bf0       0x38 ../NIOS_II_Project/\libhal_bsp.a(alt_find_file.o)
 .debug_frame   0x0000000000000c28       0x34 ../NIOS_II_Project/\libhal_bsp.a(alt_get_fd.o)
 .debug_frame   0x0000000000000c5c       0x34 ../NIOS_II_Project/\libhal_bsp.a(alt_icache_flush.o)
 .debug_frame   0x0000000000000c90       0x38 ../NIOS_II_Project/\libhal_bsp.a(alt_irq_handler.o)
 .debug_frame   0x0000000000000cc8       0x20 c:/intelfpga_lite/17.1/nios2eds/bin/gnu/h-x86_64-mingw32/bin/../lib/gcc/nios2-elf/5.3.0/../../../../../H-x86_64-mingw32/nios2-elf/lib\libsmallc.a(lib_a-atexit.o)
 .debug_frame   0x0000000000000ce8       0x28 c:/intelfpga_lite/17.1/nios2eds/bin/gnu/h-x86_64-mingw32/bin/../lib/gcc/nios2-elf/5.3.0/../../../../../H-x86_64-mingw32/nios2-elf/lib\libsmallc.a(lib_a-exit.o)
 .debug_frame   0x0000000000000d10       0x20 c:/intelfpga_lite/17.1/nios2eds/bin/gnu/h-x86_64-mingw32/bin/../lib/gcc/nios2-elf/5.3.0/../../../../../H-x86_64-mingw32/nios2-elf/lib\libsmallc.a(lib_a-memcmp.o)
 .debug_frame   0x0000000000000d30       0x20 c:/intelfpga_lite/17.1/nios2eds/bin/gnu/h-x86_64-mingw32/bin/../lib/gcc/nios2-elf/5.3.0/../../../../../H-x86_64-mingw32/nios2-elf/lib\libsmallc.a(lib_a-memcpy.o)
 .debug_frame   0x0000000000000d50       0x20 c:/intelfpga_lite/17.1/nios2eds/bin/gnu/h-x86_64-mingw32/bin/../lib/gcc/nios2-elf/5.3.0/../../../../../H-x86_64-mingw32/nios2-elf/lib\libsmallc.a(lib_a-memset.o)
 .debug_frame   0x0000000000000d70       0x48 c:/intelfpga_lite/17.1/nios2eds/bin/gnu/h-x86_64-mingw32/bin/../lib/gcc/nios2-elf/5.3.0/../../../../../H-x86_64-mingw32/nios2-elf/lib\libsmallc.a(lib_a-__atexit.o)
 .debug_frame   0x0000000000000db8       0x54 c:/intelfpga_lite/17.1/nios2eds/bin/gnu/h-x86_64-mingw32/bin/../lib/gcc/nios2-elf/5.3.0/../../../../../H-x86_64-mingw32/nios2-elf/lib\libsmallc.a(lib_a-__call_atexit.o)
 .debug_frame   0x0000000000000e0c       0x50 c:/intelfpga_lite/17.1/nios2eds/bin/gnu/h-x86_64-mingw32/bin/../lib/gcc/nios2-elf/5.3.0\libgcc.a(lib2-divmod.o)
 .debug_frame   0x0000000000000e5c       0x2c ../NIOS_II_Project/\libhal_bsp.a(alt_exit.o)

.debug_str      0x0000000000000000     0x1d61
 *(.debug_str)
 .debug_str     0x0000000000000000      0x108 obj/default/hello_world.o
                                        0x146 (size before relaxing)
 .debug_str     0x0000000000000108      0x3d9 c:/intelfpga_lite/17.1/nios2eds/bin/gnu/h-x86_64-mingw32/bin/../lib/gcc/nios2-elf/5.3.0/../../../../../H-x86_64-mingw32/nios2-elf/lib\libsmallc.a(lib_a-puts.o)
                                        0x4b3 (size before relaxing)
 .debug_str     0x00000000000004e1       0xc4 c:/intelfpga_lite/17.1/nios2eds/bin/gnu/h-x86_64-mingw32/bin/../lib/gcc/nios2-elf/5.3.0/../../../../../H-x86_64-mingw32/nios2-elf/lib\libsmallc.a(lib_a-strlen.o)
                                        0x1cb (size before relaxing)
 .debug_str     0x00000000000005a5       0x60 c:/intelfpga_lite/17.1/nios2eds/bin/gnu/h-x86_64-mingw32/bin/../lib/gcc/nios2-elf/5.3.0/../../../../../H-x86_64-mingw32/nios2-elf/lib\libsmallc.a(lib_a-fvwrite_small_dev.o)
                                        0x4ba (size before relaxing)
 .debug_str     0x0000000000000605       0xe1 c:/intelfpga_lite/17.1/nios2eds/bin/gnu/h-x86_64-mingw32/bin/../lib/gcc/nios2-elf/5.3.0/../../../../../H-x86_64-mingw32/nios2-elf/lib\libsmallc.a(lib_a-impure.o)
                                        0x4a4 (size before relaxing)
 .debug_str     0x00000000000006e6       0x42 c:/intelfpga_lite/17.1/nios2eds/bin/gnu/h-x86_64-mingw32/bin/../lib/gcc/nios2-elf/5.3.0/../../../../../H-x86_64-mingw32/nios2-elf/lib\libsmallc.a(lib_a-writer.o)
                                        0x49e (size before relaxing)
 .debug_str     0x0000000000000728       0x3c c:/intelfpga_lite/17.1/nios2eds/bin/gnu/h-x86_64-mingw32/bin/../lib/gcc/nios2-elf/5.3.0/../../../../../H-x86_64-mingw32/nios2-elf/lib\libsmallc.a(lib_a-int_errno.o)
                                        0x1be (size before relaxing)
 .debug_str     0x0000000000000764      0x147 ../NIOS_II_Project/\libhal_bsp.a(alt_load.o)
                                        0x22b (size before relaxing)
 .debug_str     0x00000000000008ab       0x91 ../NIOS_II_Project/\libhal_bsp.a(alt_main.o)
                                        0x1df (size before relaxing)
 .debug_str     0x000000000000093c      0x15a ../NIOS_II_Project/\libhal_bsp.a(alt_write.o)
                                        0x311 (size before relaxing)
 .debug_str     0x0000000000000a96      0x2b7 ../NIOS_II_Project/\libhal_bsp.a(alt_sys_init.o)
                                        0x518 (size before relaxing)
 .debug_str     0x0000000000000d4d       0xb9 ../NIOS_II_Project/\libhal_bsp.a(altera_avalon_jtag_uart_fd.o)
                                        0x3bd (size before relaxing)
 .debug_str     0x0000000000000e06       0xd1 ../NIOS_II_Project/\libhal_bsp.a(altera_avalon_jtag_uart_init.o)
                                        0x372 (size before relaxing)
 .debug_str     0x0000000000000ed7       0x4a ../NIOS_II_Project/\libhal_bsp.a(altera_avalon_jtag_uart_ioctl.o)
                                        0x2ac (size before relaxing)
 .debug_str     0x0000000000000f21       0x7f ../NIOS_II_Project/\libhal_bsp.a(altera_avalon_jtag_uart_read.o)
                                        0x322 (size before relaxing)
 .debug_str     0x0000000000000fa0       0x4a ../NIOS_II_Project/\libhal_bsp.a(altera_avalon_jtag_uart_write.o)
                                        0x323 (size before relaxing)
 .debug_str     0x0000000000000fea      0x200 ../NIOS_II_Project/\libhal_bsp.a(altera_avalon_lcd_16207.o)
                                        0x4a8 (size before relaxing)
 .debug_str     0x00000000000011ea       0x4a ../NIOS_II_Project/\libhal_bsp.a(altera_avalon_lcd_16207_fd.o)
                                        0x371 (size before relaxing)
 .debug_str     0x0000000000001234       0x5b ../NIOS_II_Project/\libhal_bsp.a(altera_avalon_uart_fd.o)
                                        0x2b1 (size before relaxing)
 .debug_str     0x000000000000128f       0x4b ../NIOS_II_Project/\libhal_bsp.a(altera_avalon_uart_read.o)
                                        0x243 (size before relaxing)
 .debug_str     0x00000000000012da       0x40 ../NIOS_II_Project/\libhal_bsp.a(altera_avalon_uart_write.o)
                                        0x24b (size before relaxing)
 .debug_str     0x000000000000131a       0x5f ../NIOS_II_Project/\libhal_bsp.a(alt_alarm_start.o)
                                        0x2b8 (size before relaxing)
 .debug_str     0x0000000000001379       0x1b ../NIOS_II_Project/\libhal_bsp.a(alt_close.o)
                                        0x224 (size before relaxing)
 .debug_str     0x0000000000001394       0x34 ../NIOS_II_Project/\libhal_bsp.a(alt_dcache_flush_all.o)
                                        0x16e (size before relaxing)
 .debug_str     0x00000000000013c8       0x50 ../NIOS_II_Project/\libhal_bsp.a(alt_dev.o)
                                        0x31e (size before relaxing)
 .debug_str     0x0000000000001418       0x34 ../NIOS_II_Project/\libhal_bsp.a(alt_dev_llist_insert.o)
                                        0x1e5 (size before relaxing)
 .debug_str     0x000000000000144c       0x48 ../NIOS_II_Project/\libhal_bsp.a(alt_do_ctors.o)
                                         0xe9 (size before relaxing)
 .debug_str     0x0000000000001494       0x4c ../NIOS_II_Project/\libhal_bsp.a(alt_do_dtors.o)
                                         0xe8 (size before relaxing)
 .debug_str     0x00000000000014e0       0x14 ../NIOS_II_Project/\libhal_bsp.a(alt_errno.o)
                                        0x15e (size before relaxing)
 .debug_str     0x00000000000014f4       0x34 ../NIOS_II_Project/\libhal_bsp.a(alt_icache_flush_all.o)
                                        0x16e (size before relaxing)
 .debug_str     0x0000000000001528       0x56 ../NIOS_II_Project/\libhal_bsp.a(alt_io_redirect.o)
                                        0x32f (size before relaxing)
 .debug_str     0x000000000000157e       0x70 ../NIOS_II_Project/\libhal_bsp.a(alt_irq_register.o)
                                        0x221 (size before relaxing)
 .debug_str     0x00000000000015ee       0x17 ../NIOS_II_Project/\libhal_bsp.a(alt_irq_vars.o)
                                        0x153 (size before relaxing)
 .debug_str     0x0000000000001605       0x2f ../NIOS_II_Project/\libhal_bsp.a(alt_open.o)
                                        0x264 (size before relaxing)
 .debug_str     0x0000000000001634       0x28 ../NIOS_II_Project/\libhal_bsp.a(alt_release_fd.o)
                                        0x1ec (size before relaxing)
 .debug_str     0x000000000000165c       0x4a ../NIOS_II_Project/\libhal_bsp.a(alt_tick.o)
                                        0x28c (size before relaxing)
 .debug_str     0x00000000000016a6       0x27 ../NIOS_II_Project/\libhal_bsp.a(alt_usleep.o)
                                        0x161 (size before relaxing)
 .debug_str     0x00000000000016cd       0x3b ../NIOS_II_Project/\libhal_bsp.a(altera_nios2_qsys_irq.o)
                                        0x19e (size before relaxing)
 .debug_str     0x0000000000001708       0x42 ../NIOS_II_Project/\libhal_bsp.a(alt_busy_sleep.o)
                                        0x184 (size before relaxing)
 .debug_str     0x000000000000174a       0x24 ../NIOS_II_Project/\libhal_bsp.a(alt_find_dev.o)
                                        0x205 (size before relaxing)
 .debug_str     0x000000000000176e       0x26 ../NIOS_II_Project/\libhal_bsp.a(alt_find_file.o)
                                        0x213 (size before relaxing)
 .debug_str     0x0000000000001794       0x30 ../NIOS_II_Project/\libhal_bsp.a(alt_get_fd.o)