Archive member included to satisfy reference by file (symbol)

../NIOS_II_Project/\libhal_bsp.a(alt_load.o)
                              ../NIOS_II_Project//obj/HAL/src/crt0.o (alt_load)
../NIOS_II_Project/\libhal_bsp.a(alt_main.o)
                              ../NIOS_II_Project//obj/HAL/src/crt0.o (alt_main)
../NIOS_II_Project/\libhal_bsp.a(alt_sys_init.o)
                              ../NIOS_II_Project/\libhal_bsp.a(alt_main.o) (alt_irq_init)
../NIOS_II_Project/\libhal_bsp.a(altera_avalon_jtag_uart_fd.o)
                              ../NIOS_II_Project/\libhal_bsp.a(alt_sys_init.o) (altera_avalon_jtag_uart_read_fd)
../NIOS_II_Project/\libhal_bsp.a(altera_avalon_jtag_uart_init.o)
                              ../NIOS_II_Project/\libhal_bsp.a(altera_avalon_jtag_uart_fd.o) (altera_avalon_jtag_uart_close)
../NIOS_II_Project/\libhal_bsp.a(altera_avalon_jtag_uart_ioctl.o)
                              ../NIOS_II_Project/\libhal_bsp.a(altera_avalon_jtag_uart_fd.o) (altera_avalon_jtag_uart_ioctl)
../NIOS_II_Project/\libhal_bsp.a(altera_avalon_jtag_uart_read.o)
                              ../NIOS_II_Project/\libhal_bsp.a(altera_avalon_jtag_uart_fd.o) (altera_avalon_jtag_uart_read)
../NIOS_II_Project/\libhal_bsp.a(altera_avalon_jtag_uart_write.o)
                              ../NIOS_II_Project/\libhal_bsp.a(altera_avalon_jtag_uart_fd.o) (altera_avalon_jtag_uart_write)
../NIOS_II_Project/\libhal_bsp.a(altera_avalon_lcd_16207.o)
                              ../NIOS_II_Project/\libhal_bsp.a(alt_sys_init.o) (altera_avalon_lcd_16207_init)
../NIOS_II_Project/\libhal_bsp.a(altera_avalon_lcd_16207_fd.o)
                              ../NIOS_II_Project/\libhal_bsp.a(alt_sys_init.o) (altera_avalon_lcd_16207_write_fd)
../NIOS_II_Project/\libhal_bsp.a(altera_avalon_uart_fd.o)
                              ../NIOS_II_Project/\libhal_bsp.a(alt_sys_init.o) (altera_avalon_uart_read_fd)
../NIOS_II_Project/\libhal_bsp.a(altera_avalon_uart_init.o)
                              ../NIOS_II_Project/\libhal_bsp.a(altera_avalon_uart_fd.o) (altera_avalon_uart_close)
../NIOS_II_Project/\libhal_bsp.a(altera_avalon_uart_read.o)
                              ../NIOS_II_Project/\libhal_bsp.a(altera_avalon_uart_fd.o) (altera_avalon_uart_read)
../NIOS_II_Project/\libhal_bsp.a(altera_avalon_uart_write.o)
                              ../NIOS_II_Project/\libhal_bsp.a(altera_avalon_uart_fd.o) (altera_avalon_uart_write)
../NIOS_II_Project/\libhal_bsp.a(alt_alarm_start.o)
                              ../NIOS_II_Project/\libhal_bsp.a(altera_avalon_jtag_uart_init.o) (alt_alarm_start)
../NIOS_II_Project/\libhal_bsp.a(alt_close.o)
                              ../NIOS_II_Project/\libhal_bsp.a(alt_main.o) (close)
../NIOS_II_Project/\libhal_bsp.a(alt_dcache_flush_all.o)
                              ../NIOS_II_Project/\libhal_bsp.a(alt_load.o) (alt_dcache_flush_all)
../NIOS_II_Project/\libhal_bsp.a(alt_dev.o)
                              ../NIOS_II_Project/\libhal_bsp.a(alt_sys_init.o) (alt_dev_list)
../NIOS_II_Project/\libhal_bsp.a(alt_dev_llist_insert.o)
                              ../NIOS_II_Project/\libhal_bsp.a(alt_sys_init.o) (alt_dev_llist_insert)
../NIOS_II_Project/\libhal_bsp.a(alt_do_ctors.o)
                              ../NIOS_II_Project/\libhal_bsp.a(alt_main.o) (_do_ctors)
../NIOS_II_Project/\libhal_bsp.a(alt_do_dtors.o)
                              ../NIOS_II_Project/\libhal_bsp.a(alt_main.o) (_do_dtors)
../NIOS_II_Project/\libhal_bsp.a(alt_errno.o)
                              ../NIOS_II_Project/\libhal_bsp.a(altera_avalon_uart_read.o) (alt_errno)
../NIOS_II_Project/\libhal_bsp.a(alt_icache_flush_all.o)
                              ../NIOS_II_Project/\libhal_bsp.a(alt_load.o) (alt_icache_flush_all)
../NIOS_II_Project/\libhal_bsp.a(alt_io_redirect.o)
                              ../NIOS_II_Project/\libhal_bsp.a(alt_main.o) (alt_io_redirect)
../NIOS_II_Project/\libhal_bsp.a(alt_irq_register.o)
                              ../NIOS_II_Project/\libhal_bsp.a(altera_avalon_jtag_uart_init.o) (alt_irq_register)
../NIOS_II_Project/\libhal_bsp.a(alt_irq_vars.o)
                              ../NIOS_II_Project/\libhal_bsp.a(alt_irq_register.o) (alt_irq_active)
../NIOS_II_Project/\libhal_bsp.a(alt_open.o)
                              ../NIOS_II_Project/\libhal_bsp.a(alt_io_redirect.o) (open)
../NIOS_II_Project/\libhal_bsp.a(alt_release_fd.o)
                              ../NIOS_II_Project/\libhal_bsp.a(alt_close.o) (alt_release_fd)
../NIOS_II_Project/\libhal_bsp.a(alt_tick.o)
                              ../NIOS_II_Project/\libhal_bsp.a(altera_avalon_jtag_uart_init.o) (_alt_tick_rate)
../NIOS_II_Project/\libhal_bsp.a(alt_usleep.o)
                              ../NIOS_II_Project/\libhal_bsp.a(altera_avalon_lcd_16207.o) (usleep)
../NIOS_II_Project/\libhal_bsp.a(altera_nios2_qsys_irq.o)
                              ../NIOS_II_Project/\libhal_bsp.a(alt_sys_init.o) (altera_nios2_qsys_irq_init)
[...]
Memory Configuration

Name             Origin             Length             Attributes
reset            0x0000000000220000 0x0000000000000020
onchip_memory2_0_BEFORE_EXCEPTION 0x0000000000220020 0x0000000000001fc0
onchip_memory2_0 0x0000000000221fe0 0x0000000000000020
sdram            0x0000000001000000 0x0000000001000000
*default*        0x0000000000000000 0xffffffffffffffff

Linker script and memory map

LOAD ../NIOS_II_Project//obj/HAL/src/crt0.o
LOAD obj/default/main.o
LOAD c:/intelfpga_lite/17.1/nios2eds/bin/gnu/h-x86_64-mingw32/bin/../lib/gcc/nios2-elf/5.3.0/../../../../../H-x86_64-mingw32/nios2-elf/lib\libstdc++.a
LOAD c:/intelfpga_lite/17.1/nios2eds/bin/gnu/h-x86_64-mingw32/bin/../lib/gcc/nios2-elf/5.3.0/../../../../../H-x86_64-mingw32/nios2-elf/lib\libm.a
LOAD c:/intelfpga_lite/17.1/nios2eds/bin/gnu/h-x86_64-mingw32/bin/../lib/gcc/nios2-elf/5.3.0\libgcc.a
START GROUP
LOAD c:/intelfpga_lite/17.1/nios2eds/bin/gnu/h-x86_64-mingw32/bin/../lib/gcc/nios2-elf/5.3.0/../../../../../H-x86_64-mingw32/nios2-elf/lib\libc.a
LOAD c:/intelfpga_lite/17.1/nios2eds/bin/gnu/h-x86_64-mingw32/bin/../lib/gcc/nios2-elf/5.3.0\libgcc.a
LOAD ../NIOS_II_Project/\libhal_bsp.a
LOAD c:/intelfpga_lite/17.1/nios2eds/bin/gnu/h-x86_64-mingw32/bin/../lib/gcc/nios2-elf/5.3.0/../../../../../H-x86_64-mingw32/nios2-elf/lib\libm.a
END GROUP
LOAD c:/intelfpga_lite/17.1/nios2eds/bin/gnu/h-x86_64-mingw32/bin/../lib/gcc/nios2-elf/5.3.0\libgcc.a
                0x0000000000220000                __alt_mem_onchip_memory2_0 = 0x220000
                0x0000000001000000                __alt_mem_sdram = 0x1000000

.entry          0x0000000000220000       0x20
 *(.entry)
 .entry         0x0000000000220000       0x20 ../NIOS_II_Project//obj/HAL/src/crt0.o
                0x0000000000220000                __reset

.exceptions     0x0000000000221fe0      0x1a4 load address 0x0000000001000000
                0x0000000000221fe0                PROVIDE (__ram_exceptions_start, ABSOLUTE (.))
                0x0000000000221fe0                . = ALIGN (0x20)
 *(.irq)
 *(.exceptions.entry.label)
 .exceptions.entry.label
                0x0000000000221fe0        0x0 ../NIOS_II_Project/\libhal_bsp.a(alt_irq_entry.o)
                0x0000000000221fe0                alt_irq_entry
 .exceptions.entry.label
                0x0000000000221fe0        0x0 ../NIOS_II_Project/\libhal_bsp.a(alt_exception_entry.o)
                0x0000000000221fe0                alt_exception
 *(.exceptions.entry.user)
 *(.exceptions.entry.ecc_fatal)
 *(.exceptions.entry)
 .exceptions.entry
                0x0000000000221fe0       0x54 ../NIOS_II_Project/\libhal_bsp.a(alt_exception_entry.o)
 *(.exceptions.irqtest.user)
 *(.exceptions.irqtest)
 .exceptions.irqtest
                0x0000000000222034       0x10 ../NIOS_II_Project/\libhal_bsp.a(alt_irq_entry.o)
 *(.exceptions.irqhandler.user)
 *(.exceptions.irqhandler)
 .exceptions.irqhandler
                0x0000000000222044        0x4 ../NIOS_II_Project/\libhal_bsp.a(alt_irq_entry.o)
 *(.exceptions.irqreturn.user)
 *(.exceptions.irqreturn)
 .exceptions.irqreturn
                0x0000000000222048        0x4 ../NIOS_II_Project/\libhal_bsp.a(alt_irq_entry.o)
 *(.exceptions.notirq.label)
 .exceptions.notirq.label
                0x000000000022204c        0x0 ../NIOS_II_Project/\libhal_bsp.a(alt_irq_entry.o)
 *(.exceptions.notirq.user)
 *(.exceptions.notirq)
 .exceptions.notirq
                0x000000000022204c        0x8 ../NIOS_II_Project/\libhal_bsp.a(alt_exception_entry.o)
 *(.exceptions.soft.user)
 *(.exceptions.soft)
 *(.exceptions.unknown.user)
 *(.exceptions.unknown)
 .exceptions.unknown
                0x0000000000222054        0x4 ../NIOS_II_Project/\libhal_bsp.a(alt_exception_entry.o)
 *(.exceptions.exit.label)
 .exceptions.exit.label
                0x0000000000222058        0x0 ../NIOS_II_Project/\libhal_bsp.a(alt_irq_entry.o)
 .exceptions.exit.label
                0x0000000000222058        0x0 ../NIOS_II_Project/\libhal_bsp.a(alt_exception_entry.o)
 *(.exceptions.exit.user)
 *(.exceptions.exit)
 .exceptions.exit
                0x0000000000222058       0x54 ../NIOS_II_Project/\libhal_bsp.a(alt_exception_entry.o)
 *(.exceptions)
 .exceptions    0x00000000002220ac       0xd8 ../NIOS_II_Project/\libhal_bsp.a(alt_irq_handler.o)
                0x00000000002220ac                alt_irq_handler
                0x0000000000222184                PROVIDE (__ram_exceptions_end, ABSOLUTE (.))
                0x0000000001000000                PROVIDE (__flash_exceptions_start, LOADADDR (.exceptions))

.text           0x00000000010001a4     0x3ce0
                [!provide]                        PROVIDE (stext, ABSOLUTE (.))
 *(.interp)
 *(.hash)
 *(.dynsym)
 *(.dynstr)
 *(.gnu.version)
 *(.gnu.version_d)
 *(.gnu.version_r)
 *(.rel.init)
 *(.rela.init)
 *(.rel.text .rel.text.* .rel.gnu.linkonce.t.*)
 *(.rela.text .rela.text.* .rela.gnu.linkonce.t.*)
 *(.rel.fini)
 *(.rela.fini)
 *(.rel.rodata .rel.rodata.* .rel.gnu.linkonce.r.*)
 *(.rela.rodata .rela.rodata.* .rela.gnu.linkonce.r.*)
 *(.rel.data .rel.data.* .rel.gnu.linkonce.d.*)
 *(.rela.data .rela.data.* .rela.gnu.linkonce.d.*)
 *(.rel.tdata .rel.tdata.* .rel.gnu.linkonce.td.*)
 *(.rela.tdata .rela.tdata.* .rela.gnu.linkonce.td.*)
 *(.rel.tbss .rel.tbss.* .rel.gnu.linkonce.tb.*)
 *(.rela.tbss .rela.tbss.* .rela.gnu.linkonce.tb.*)
 *(.rel.ctors)
 *(.rela.ctors)
 *(.rel.dtors)
 *(.rela.dtors)
 *(.rel.got)
 *(.rela.got)
 *(.rel.sdata .rel.sdata.* .rel.gnu.linkonce.s.*)
 *(.rela.sdata .rela.sdata.* .rela.gnu.linkonce.s.*)
 *(.rel.sbss .rel.sbss.* .rel.gnu.linkonce.sb.*)
 *(.rela.sbss .rela.sbss.* .rela.gnu.linkonce.sb.*)
 *(.rel.sdata2 .rel.sdata2.* .rel.gnu.linkonce.s2.*)
 *(.rela.sdata2 .rela.sdata2.* .rela.gnu.linkonce.s2.*)
 *(.rel.sbss2 .rel.sbss2.* .rel.gnu.linkonce.sb2.*)
 *(.rela.sbss2 .rela.sbss2.* .rela.gnu.linkonce.sb2.*)
 *(.rel.bss .rel.bss.* .rel.gnu.linkonce.b.*)
 *(.rela.bss .rela.bss.* .rela.gnu.linkonce.b.*)
 *(.rel.plt)
 *(.rela.plt)
 *(.rel.dyn)
 *(.init)
 *(.plt)
 *(.text .stub .text.* .gnu.linkonce.t.*)
 .text          0x00000000010001a4       0x3c ../NIOS_II_Project//obj/HAL/src/crt0.o
                0x00000000010001a4                _start
 .text          0x00000000010001e0       0x20 obj/default/main.o
                0x00000000010001e0                main
 .text          0x0000000001000200       0xec ../NIOS_II_Project/\libhal_bsp.a(alt_load.o)
                0x0000000001000268                alt_load
 .text          0x00000000010002ec       0x7c ../NIOS_II_Project/\libhal_bsp.a(alt_main.o)
                0x00000000010002ec                alt_main
 .text          0x0000000001000368       0xd0 ../NIOS_II_Project/\libhal_bsp.a(alt_sys_init.o)
                0x000000000100039c                alt_irq_init
                0x00000000010003d4                alt_sys_init
 .text          0x0000000001000438      0x164 ../NIOS_II_Project/\libhal_bsp.a(altera_avalon_jtag_uart_fd.o)
                0x0000000001000438                altera_avalon_jtag_uart_read_fd
                0x0000000001000498                altera_avalon_jtag_uart_write_fd
                0x00000000010004f8                altera_avalon_jtag_uart_close_fd
                0x0000000001000548                altera_avalon_jtag_uart_ioctl_fd
 .text          0x000000000100059c      0x3cc ../NIOS_II_Project/\libhal_bsp.a(altera_avalon_jtag_uart_init.o)
                0x000000000100059c                altera_avalon_jtag_uart_init
                0x0000000001000900                altera_avalon_jtag_uart_close
 .text          0x0000000001000968       0xf0 ../NIOS_II_Project/\libhal_bsp.a(altera_avalon_jtag_uart_ioctl.o)
                0x0000000001000968                altera_avalon_jtag_uart_ioctl
 .text          0x0000000001000a58      0x21c ../NIOS_II_Project/\libhal_bsp.a(altera_avalon_jtag_uart_read.o)
                0x0000000001000a58                altera_avalon_jtag_uart_read
 .text          0x0000000001000c74      0x224 ../NIOS_II_Project/\libhal_bsp.a(altera_avalon_jtag_uart_write.o)
                0x0000000001000c74                altera_avalon_jtag_uart_write
 .text          0x0000000001000e98      0xe7c ../NIOS_II_Project/\libhal_bsp.a(altera_avalon_lcd_16207.o)
                0x000000000100165c                altera_avalon_lcd_16207_write
                0x0000000001001be0                altera_avalon_lcd_16207_init
 .text          0x0000000001001d14       0x60 ../NIOS_II_Project/\libhal_bsp.a(altera_avalon_lcd_16207_fd.o)
                0x0000000001001d14                altera_avalon_lcd_16207_write_fd
 .text          0x0000000001001d74      0x110 ../NIOS_II_Project/\libhal_bsp.a(altera_avalon_uart_fd.o)
                0x0000000001001d74                altera_avalon_uart_read_fd
                0x0000000001001dd4                altera_avalon_uart_write_fd
                0x0000000001001e34                altera_avalon_uart_close_fd
 .text          0x0000000001001e84      0x3c4 ../NIOS_II_Project/\libhal_bsp.a(altera_avalon_uart_init.o)
                0x0000000001001e84                altera_avalon_uart_init
                0x00000000010021f4                altera_avalon_uart_close
 .text          0x0000000001002248      0x218 ../NIOS_II_Project/\libhal_bsp.a(altera_avalon_uart_read.o)
                0x0000000001002284                altera_avalon_uart_read
 .text          0x0000000001002460      0x1e8 ../NIOS_II_Project/\libhal_bsp.a(altera_avalon_uart_write.o)
                0x000000000100249c                altera_avalon_uart_write
 .text          0x0000000001002648      0x12c ../NIOS_II_Project/\libhal_bsp.a(alt_alarm_start.o)
                0x0000000001002648                alt_alarm_start
 .text          0x0000000001002774      0x10c ../NIOS_II_Project/\libhal_bsp.a(alt_close.o)
                0x00000000010027b0                close
 .text          0x0000000001002880       0x20 ../NIOS_II_Project/\libhal_bsp.a(alt_dcache_flush_all.o)
                0x0000000001002880                alt_dcache_flush_all
 .text          0x00000000010028a0       0x2c ../NIOS_II_Project/\libhal_bsp.a(alt_dev.o)
 .text          0x00000000010028cc       0xe0 ../NIOS_II_Project/\libhal_bsp.a(alt_dev_llist_insert.o)
                0x0000000001002908                alt_dev_llist_insert
 .text          0x00000000010029ac       0x60 ../NIOS_II_Project/\libhal_bsp.a(alt_do_ctors.o)
                0x00000000010029ac                _do_ctors
 .text          0x0000000001002a0c       0x60 ../NIOS_II_Project/\libhal_bsp.a(alt_do_dtors.o)
                0x0000000001002a0c                _do_dtors
 .text          0x0000000001002a6c        0x0 ../NIOS_II_Project/\libhal_bsp.a(alt_errno.o)
 .text          0x0000000001002a6c       0x34 ../NIOS_II_Project/\libhal_bsp.a(alt_icache_flush_all.o)
                0x0000000001002a6c                alt_icache_flush_all
 .text          0x0000000001002aa0      0x140 ../NIOS_II_Project/\libhal_bsp.a(alt_io_redirect.o)
                0x0000000001002b64                alt_io_redirect
 .text          0x0000000001002be0      0x180 ../NIOS_II_Project/\libhal_bsp.a(alt_irq_register.o)
                0x0000000001002be0                alt_irq_register
 .text          0x0000000001002d60        0x0 ../NIOS_II_Project/\libhal_bsp.a(alt_irq_vars.o)
 .text          0x0000000001002d60      0x254 ../NIOS_II_Project/\libhal_bsp.a(alt_open.o)
                0x0000000001002e60                open
 .text          0x0000000001002fb4       0x64 ../NIOS_II_Project/\libhal_bsp.a(alt_release_fd.o)
                0x0000000001002fb4                alt_release_fd
 .text          0x0000000001003018      0x1a4 ../NIOS_II_Project/\libhal_bsp.a(alt_tick.o)
                0x0000000001003018                alt_alarm_stop
                0x00000000010030b4                alt_tick
 .text          0x00000000010031bc       0x30 ../NIOS_II_Project/\libhal_bsp.a(alt_usleep.o)
                0x00000000010031bc                usleep
 .text          0x00000000010031ec       0x24 ../NIOS_II_Project/\libhal_bsp.a(altera_nios2_qsys_irq.o)
                0x00000000010031ec                altera_nios2_qsys_irq_init
 .text          0x0000000001003210      0x158 ../NIOS_II_Project/\libhal_bsp.a(alt_busy_sleep.o)
                0x0000000001003210                alt_busy_sleep
 .text          0x0000000001003368       0x90 ../NIOS_II_Project/\libhal_bsp.a(alt_find_dev.o)
                0x0000000001003368                alt_find_dev
 .text          0x00000000010033f8      0x108 ../NIOS_II_Project/\libhal_bsp.a(alt_find_file.o)
                0x00000000010033f8                alt_find_file
 .text          0x0000000001003500       0xa4 ../NIOS_II_Project/\libhal_bsp.a(alt_get_fd.o)
                0x0000000001003500                alt_get_fd
 .text          0x00000000010035a4       0x90 ../NIOS_II_Project/\libhal_bsp.a(alt_icache_flush.o)
                0x00000000010035a4                alt_icache_flush
 .text          0x0000000001003634        0x0 ../NIOS_II_Project/\libhal_bsp.a(alt_irq_entry.o)
 .text          0x0000000001003634        0x0 ../NIOS_II_Project/\libhal_bsp.a(alt_irq_handler.o)
 .text          0x0000000001003634        0x0 ../NIOS_II_Project/\libhal_bsp.a(alt_exception_entry.o)
 .text          0x0000000001003634        0x0 c:/intelfpga_lite/17.1/nios2eds/bin/gnu/h-x86_64-mingw32/bin/../lib/gcc/nios2-elf/5.3.0/../../../../../H-x86_64-mingw32/nios2-elf/lib\libc.a(lib_a-atexit.o)
 .text.atexit   0x0000000001003634       0x14 c:/intelfpga_lite/17.1/nios2eds/bin/gnu/h-x86_64-mingw32/bin/../lib/gcc/nios2-elf/5.3.0/../../../../../H-x86_64-mingw32/nios2-elf/lib\libc.a(lib_a-atexit.o)
                0x0000000001003634                atexit
 .text          0x0000000001003648        0x0 c:/intelfpga_lite/17.1/nios2eds/bin/gnu/h-x86_64-mingw32/bin/../lib/gcc/nios2-elf/5.3.0/../../../../../H-x86_64-mingw32/nios2-elf/lib\libc.a(lib_a-ctype_.o)
 .text          0x0000000001003648        0x0 c:/intelfpga_lite/17.1/nios2eds/bin/gnu/h-x86_64-mingw32/bin/../lib/gcc/nios2-elf/5.3.0/../../../../../H-x86_64-mingw32/nios2-elf/lib\libc.a(lib_a-exit.o)
 .text.exit     0x0000000001003648       0x38 c:/intelfpga_lite/17.1/nios2eds/bin/gnu/h-x86_64-mingw32/bin/../lib/gcc/nios2-elf/5.3.0/../../../../../H-x86_64-mingw32/nios2-elf/lib\libc.a(lib_a-exit.o)
                0x0000000001003648                exit
 .text          0x0000000001003680        0x0 c:/intelfpga_lite/17.1/nios2eds/bin/gnu/h-x86_64-mingw32/bin/../lib/gcc/nios2-elf/5.3.0/../../../../../H-x86_64-mingw32/nios2-elf/lib\libc.a(lib_a-impure.o)
 .text          0x0000000001003680        0x0 c:/intelfpga_lite/17.1/nios2eds/bin/gnu/h-x86_64-mingw32/bin/../lib/gcc/nios2-elf/5.3.0/../../../../../H-x86_64-mingw32/nios2-elf/lib\libc.a(lib_a-int_errno.o)
 .text          0x0000000001003680        0x0 c:/intelfpga_lite/17.1/nios2eds/bin/gnu/h-x86_64-mingw32/bin/../lib/gcc/nios2-elf/5.3.0/../../../../../H-x86_64-mingw32/nios2-elf/lib\libc.a(lib_a-memcmp.o)
 .text.memcmp   0x0000000001003680       0x7c c:/intelfpga_lite/17.1/nios2eds/bin/gnu/h-x86_64-mingw32/bin/../lib/gcc/nios2-elf/5.3.0/../../../../../H-x86_64-mingw32/nios2-elf/lib\libc.a(lib_a-memcmp.o)
                0x0000000001003680                memcmp
 .text          0x00000000010036fc        0x0 c:/intelfpga_lite/17.1/nios2eds/bin/gnu/h-x86_64-mingw32/bin/../lib/gcc/nios2-elf/5.3.0/../../../../../H-x86_64-mingw32/nios2-elf/lib\libc.a(lib_a-memcpy.o)
 .text.memcpy   0x00000000010036fc      0x148 c:/intelfpga_lite/17.1/nios2eds/bin/gnu/h-x86_64-mingw32/bin/../lib/gcc/nios2-elf/5.3.0/../../../../../H-x86_64-mingw32/nios2-elf/lib\libc.a(lib_a-memcpy.o)
                0x00000000010036fc                memcpy
 .text          0x0000000001003844        0x0 c:/intelfpga_lite/17.1/nios2eds/bin/gnu/h-x86_64-mingw32/bin/../lib/gcc/nios2-elf/5.3.0/../../../../../H-x86_64-mingw32/nios2-elf/lib\libc.a(lib_a-memset.o)
 .text.memset   0x0000000001003844      0x128 c:/intelfpga_lite/17.1/nios2eds/bin/gnu/h-x86_64-mingw32/bin/../lib/gcc/nios2-elf/5.3.0/../../../../../H-x86_64-mingw32/nios2-elf/lib\libc.a(lib_a-memset.o)
                0x0000000001003844                memset
 .text          0x000000000100396c        0x0 c:/intelfpga_lite/17.1/nios2eds/bin/gnu/h-x86_64-mingw32/bin/../lib/gcc/nios2-elf/5.3.0/../../../../../H-x86_64-mingw32/nios2-elf/lib\libc.a(lib_a-strlen.o)
 .text.strlen   0x000000000100396c       0x98 c:/intelfpga_lite/17.1/nios2eds/bin/gnu/h-x86_64-mingw32/bin/../lib/gcc/nios2-elf/5.3.0/../../../../../H-x86_64-mingw32/nios2-elf/lib\libc.a(lib_a-strlen.o)
                0x000000000100396c                strlen
 .text          0x0000000001003a04        0x0 c:/intelfpga_lite/17.1/nios2eds/bin/gnu/h-x86_64-mingw32/bin/../lib/gcc/nios2-elf/5.3.0/../../../../../H-x86_64-mingw32/nios2-elf/lib\libc.a(lib_a-__atexit.o)
 .text.__register_exitproc
                0x0000000001003a04      0x118 c:/intelfpga_lite/17.1/nios2eds/bin/gnu/h-x86_64-mingw32/bin/../lib/gcc/nios2-elf/5.3.0/../../../../../H-x86_64-mingw32/nios2-elf/lib\libc.a(lib_a-__atexit.o)
                0x0000000001003a04                __register_exitproc
 .text          0x0000000001003b1c        0x0 c:/intelfpga_lite/17.1/nios2eds/bin/gnu/h-x86_64-mingw32/bin/../lib/gcc/nios2-elf/5.3.0/../../../../../H-x86_64-mingw32/nios2-elf/lib\libc.a(lib_a-__call_atexit.o)
 .text.__call_exitprocs
                0x0000000001003b1c      0x180 c:/intelfpga_lite/17.1/nios2eds/bin/gnu/h-x86_64-mingw32/bin/../lib/gcc/nios2-elf/5.3.0/../../../../../H-x86_64-mingw32/nios2-elf/lib\libc.a(lib_a-__call_atexit.o)
                0x0000000001003b1c                __call_exitprocs
 .text          0x0000000001003c9c      0x1b4 c:/intelfpga_lite/17.1/nios2eds/bin/gnu/h-x86_64-mingw32/bin/../lib/gcc/nios2-elf/5.3.0\libgcc.a(lib2-divmod.o)
                0x0000000001003c9c                __divsi3
                0x0000000001003d20                __modsi3
                0x0000000001003d94                __udivsi3
                0x0000000001003df8                __umodsi3
 .text          0x0000000001003e50       0x34 ../NIOS_II_Project/\libhal_bsp.a(alt_exit.o)
                0x0000000001003e50                _exit
 *(.gnu.warning.*)
 *(.fini)
                [!provide]                        PROVIDE (__etext, ABSOLUTE (.))
                [!provide]                        PROVIDE (_etext, ABSOLUTE (.))
                [!provide]                        PROVIDE (etext, ABSOLUTE (.))
 *(.eh_frame_hdr)
                0x0000000001003e84                . = ALIGN (0x4)
                [!provide]                        PROVIDE (__preinit_array_start, ABSOLUTE (.))
 *(.preinit_array)
                [!provide]                        PROVIDE (__preinit_array_end, ABSOLUTE (.))
                [!provide]                        PROVIDE (__init_array_start, ABSOLUTE (.))
 *(.init_array)
                [!provide]                        PROVIDE (__init_array_end, ABSOLUTE (.))
                [!provide]                        PROVIDE (__fini_array_start, ABSOLUTE (.))
 *(.fini_array)
                [!provide]                        PROVIDE (__fini_array_end, ABSOLUTE (.))
 *(.eh_frame)
 *(.gcc_except_table .gcc_except_table.*)
 *(.dynamic)
                0x0000000001003e84                PROVIDE (__CTOR_LIST__, ABSOLUTE (.))
 *(.ctors)
 *(SORT(.ctors.*))
                0x0000000001003e84                PROVIDE (__CTOR_END__, ABSOLUTE (.))
                0x0000000001003e84                PROVIDE (__DTOR_LIST__, ABSOLUTE (.))
 *(.dtors)
 *(SORT(.dtors.*))
                0x0000000001003e84                PROVIDE (__DTOR_END__, ABSOLUTE (.))
 *(.jcr)
                0x0000000001003e84                . = ALIGN (0x4)

.rodata         0x0000000001003e84      0x2d8
                0x0000000001003e84                PROVIDE (__ram_rodata_start, ABSOLUTE (.))
                0x0000000001003e84                . = ALIGN (0x4)
 *(.rodata .rodata.* .gnu.linkonce.r.*)
 .rodata        0x0000000001003e84       0x11 ../NIOS_II_Project/\libhal_bsp.a(alt_main.o)
 *fill*         0x0000000001003e95        0x3 
 .rodata        0x0000000001003e98       0x34 ../NIOS_II_Project/\libhal_bsp.a(alt_sys_init.o)
 .rodata        0x0000000001003ecc        0xa ../NIOS_II_Project/\libhal_bsp.a(alt_dev.o)
 .rodata._ctype_
                0x0000000001003ed6      0x101 c:/intelfpga_lite/17.1/nios2eds/bin/gnu/h-x86_64-mingw32/bin/../lib/gcc/nios2-elf/5.3.0/../../../../../H-x86_64-mingw32/nios2-elf/lib\libc.a(lib_a-ctype_.o)
                0x0000000001003ed6                _ctype_
 .rodata._ctype_b
                0x0000000001003fd7      0x180 c:/intelfpga_lite/17.1/nios2eds/bin/gnu/h-x86_64-mingw32/bin/../lib/gcc/nios2-elf/5.3.0/../../../../../H-x86_64-mingw32/nios2-elf/lib\libc.a(lib_a-ctype_.o)
 *fill*         0x0000000001004157        0x1 
 .rodata.str1.4
                0x0000000001004158        0x4 c:/intelfpga_lite/17.1/nios2eds/bin/gnu/h-x86_64-mingw32/bin/../lib/gcc/nios2-elf/5.3.0/../../../../../H-x86_64-mingw32/nios2-elf/lib\libc.a(lib_a-impure.o)
                                          0x2 (size before relaxing)
 *(.rodata1)
                0x000000000100415c                . = ALIGN (0x4)
                0x000000000100415c                PROVIDE (__ram_rodata_end, ABSOLUTE (.))
                0x0000000001003e84                PROVIDE (__flash_rodata_start, LOADADDR (.rodata))

.rwdata         0x000000000100415c     0x1844 load address 0x00000000010059a0
                0x000000000100415c                PROVIDE (__ram_rwdata_start, ABSOLUTE (.))
                0x000000000100415c                . = ALIGN (0x4)
 *(.got.plt)
 *(.got)
 *(.data1)
 *(.data .data.* .gnu.linkonce.d.*)
 .data          0x000000000100415c        0x0 ../NIOS_II_Project//obj/HAL/src/crt0.o
 .data          0x000000000100415c        0x0 obj/default/main.o
 .data          0x000000000100415c        0x0 ../NIOS_II_Project/\libhal_bsp.a(alt_load.o)
 .data          0x000000000100415c        0x0 ../NIOS_II_Project/\libhal_bsp.a(alt_main.o)
 .data          0x000000000100415c     0x1244 ../NIOS_II_Project/\libhal_bsp.a(alt_sys_init.o)
 .data          0x00000000010053a0        0x0 ../NIOS_II_Project/\libhal_bsp.a(altera_avalon_jtag_uart_fd.o)
 .data          0x00000000010053a0        0x0 ../NIOS_II_Project/\libhal_bsp.a(altera_avalon_jtag_uart_init.o)
 .data          0x00000000010053a0        0x0 ../NIOS_II_Project/\libhal_bsp.a(altera_avalon_jtag_uart_ioctl.o)
 .data          0x00000000010053a0        0x0 ../NIOS_II_Project/\libhal_bsp.a(altera_avalon_jtag_uart_read.o)
 .data          0x00000000010053a0        0x0 ../NIOS_II_Project/\libhal_bsp.a(altera_avalon_jtag_uart_write.o)
 .data          0x00000000010053a0        0x0 ../NIOS_II_Project/\libhal_bsp.a(altera_avalon_lcd_16207.o)
 .data          0x00000000010053a0        0x0 ../NIOS_II_Project/\libhal_bsp.a(altera_avalon_lcd_16207_fd.o)
 .data          0x00000000010053a0        0x0 ../NIOS_II_Project/\libhal_bsp.a(altera_avalon_uart_fd.o)
 .data          0x00000000010053a0        0x0 ../NIOS_II_Project/\libhal_bsp.a(altera_avalon_uart_init.o)
 .data          0x00000000010053a0        0x0 ../NIOS_II_Project/\libhal_bsp.a(altera_avalon_uart_read.o)
 .data          0x00000000010053a0        0x0 ../NIOS_II_Project/\libhal_bsp.a(altera_avalon_uart_write.o)
 .data          0x00000000010053a0        0x0 ../NIOS_II_Project/\libhal_bsp.a(alt_alarm_start.o)
 .data          0x00000000010053a0        0x0 ../NIOS_II_Project/\libhal_bsp.a(alt_close.o)
 .data          0x00000000010053a0        0x0 ../NIOS_II_Project/\libhal_bsp.a(alt_dcache_flush_all.o)
 .data          0x00000000010053a0      0x1a8 ../NIOS_II_Project/\libhal_bsp.a(alt_dev.o)
                0x00000000010053a0                alt_dev_null
                0x00000000010053c8                alt_fd_list
 .data          0x0000000001005548        0x0 ../NIOS_II_Project/\libhal_bsp.a(alt_dev_llist_insert.o)
 .data          0x0000000001005548        0x0 ../NIOS_II_Project/\libhal_bsp.a(alt_do_ctors.o)
 .data          0x0000000001005548        0x0 ../NIOS_II_Project/\libhal_bsp.a(alt_do_dtors.o)
 .data          0x0000000001005548        0x0 ../NIOS_II_Project/\libhal_bsp.a(alt_errno.o)
 .data          0x0000000001005548        0x0 ../NIOS_II_Project/\libhal_bsp.a(alt_icache_flush_all.o)
 .data          0x0000000001005548        0x0 ../NIOS_II_Project/\libhal_bsp.a(alt_io_redirect.o)
 .data          0x0000000001005548        0x0 ../NIOS_II_Project/\libhal_bsp.a(alt_irq_register.o)
 .data          0x0000000001005548        0x0 ../NIOS_II_Project/\libhal_bsp.a(alt_irq_vars.o)
 .data          0x0000000001005548        0x0 ../NIOS_II_Project/\libhal_bsp.a(alt_open.o)
 .data          0x0000000001005548        0x0 ../NIOS_II_Project/\libhal_bsp.a(alt_release_fd.o)
 .data          0x0000000001005548        0x0 ../NIOS_II_Project/\libhal_bsp.a(alt_tick.o)
 .data          0x0000000001005548        0x0 ../NIOS_II_Project/\libhal_bsp.a(alt_usleep.o)
 .data          0x0000000001005548        0x0 ../NIOS_II_Project/\libhal_bsp.a(altera_nios2_qsys_irq.o)
 .data          0x0000000001005548        0x0 ../NIOS_II_Project/\libhal_bsp.a(alt_busy_sleep.o)
 .data          0x0000000001005548        0x0 ../NIOS_II_Project/\libhal_bsp.a(alt_find_dev.o)
 .data          0x0000000001005548        0x0 ../NIOS_II_Project/\libhal_bsp.a(alt_find_file.o)
 .data          0x0000000001005548        0x0 ../NIOS_II_Project/\libhal_bsp.a(alt_get_fd.o)
 .data          0x0000000001005548        0x0 ../NIOS_II_Project/\libhal_bsp.a(alt_icache_flush.o)
 .data          0x0000000001005548        0x0 ../NIOS_II_Project/\libhal_bsp.a(alt_irq_entry.o)
 .data          0x0000000001005548        0x0 ../NIOS_II_Project/\libhal_bsp.a(alt_irq_handler.o)
 .data          0x0000000001005548        0x0 ../NIOS_II_Project/\libhal_bsp.a(alt_exception_entry.o)
 .data          0x0000000001005548        0x0 c:/intelfpga_lite/17.1/nios2eds/bin/gnu/h-x86_64-mingw32/bin/../lib/gcc/nios2-elf/5.3.0/../../../../../H-x86_64-mingw32/nios2-elf/lib\libc.a(lib_a-atexit.o)
 .data          0x0000000001005548        0x0 c:/intelfpga_lite/17.1/nios2eds/bin/gnu/h-x86_64-mingw32/bin/../lib/gcc/nios2-elf/5.3.0/../../../../../H-x86_64-mingw32/nios2-elf/lib\libc.a(lib_a-ctype_.o)
 .data          0x0000000001005548        0x0 c:/intelfpga_lite/17.1/nios2eds/bin/gnu/h-x86_64-mingw32/bin/../lib/gcc/nios2-elf/5.3.0/../../../../../H-x86_64-mingw32/nios2-elf/lib\libc.a(lib_a-exit.o)
 .data          0x0000000001005548        0x0 c:/intelfpga_lite/17.1/nios2eds/bin/gnu/h-x86_64-mingw32/bin/../lib/gcc/nios2-elf/5.3.0/../../../../../H-x86_64-mingw32/nios2-elf/lib\libc.a(lib_a-impure.o)
 .data.impure_data
                0x0000000001005548      0x424 c:/intelfpga_lite/17.1/nios2eds/bin/gnu/h-x86_64-mingw32/bin/../lib/gcc/nios2-elf/5.3.0/../../../../../H-x86_64-mingw32/nios2-elf/lib\libc.a(lib_a-impure.o)
 .data          0x000000000100596c        0x0 c:/intelfpga_lite/17.1/nios2eds/bin/gnu/h-x86_64-mingw32/bin/../lib/gcc/nios2-elf/5.3.0/../../../../../H-x86_64-mingw32/nios2-elf/lib\libc.a(lib_a-int_errno.o)
 .data          0x000000000100596c        0x0 c:/intelfpga_lite/17.1/nios2eds/bin/gnu/h-x86_64-mingw32/bin/../lib/gcc/nios2-elf/5.3.0/../../../../../H-x86_64-mingw32/nios2-elf/lib\libc.a(lib_a-memcmp.o)
 .data          0x000000000100596c        0x0 c:/intelfpga_lite/17.1/nios2eds/bin/gnu/h-x86_64-mingw32/bin/../lib/gcc/nios2-elf/5.3.0/../../../../../H-x86_64-mingw32/nios2-elf/lib\libc.a(lib_a-memcpy.o)
 .data          0x000000000100596c        0x0 c:/intelfpga_lite/17.1/nios2eds/bin/gnu/h-x86_64-mingw32/bin/../lib/gcc/nios2-elf/5.3.0/../../../../../H-x86_64-mingw32/nios2-elf/lib\libc.a(lib_a-memset.o)
 .data          0x000000000100596c        0x0 c:/intelfpga_lite/17.1/nios2eds/bin/gnu/h-x86_64-mingw32/bin/../lib/gcc/nios2-elf/5.3.0/../../../../../H-x86_64-mingw32/nios2-elf/lib\libc.a(lib_a-strlen.o)
 .data          0x000000000100596c        0x0 c:/intelfpga_lite/17.1/nios2eds/bin/gnu/h-x86_64-mingw32/bin/../lib/gcc/nios2-elf/5.3.0/../../../../../H-x86_64-mingw32/nios2-elf/lib\libc.a(lib_a-__atexit.o)
 .data          0x000000000100596c        0x0 c:/intelfpga_lite/17.1/nios2eds/bin/gnu/h-x86_64-mingw32/bin/../lib/gcc/nios2-elf/5.3.0/../../../../../H-x86_64-mingw32/nios2-elf/lib\libc.a(lib_a-__call_atexit.o)
 .data          0x000000000100596c        0x0 c:/intelfpga_lite/17.1/nios2eds/bin/gnu/h-x86_64-mingw32/bin/../lib/gcc/nios2-elf/5.3.0\libgcc.a(lib2-divmod.o)
 .data          0x000000000100596c        0x0 ../NIOS_II_Project/\libhal_bsp.a(alt_exit.o)
                0x000000000100d96c                _gp = ABSOLUTE ((. + 0x8000))
                [!provide]                        PROVIDE (gp, _gp)
 *(.rwdata .rwdata.*)
 *(.sdata .sdata.* .gnu.linkonce.s.*)
 .sdata         0x000000000100596c        0x4 ../NIOS_II_Project/\libhal_bsp.a(altera_avalon_lcd_16207.o)
 .sdata         0x0000000001005970       0x14 ../NIOS_II_Project/\libhal_bsp.a(alt_dev.o)
                0x0000000001005970                alt_fs_list
                0x0000000001005978                alt_dev_list
                0x0000000001005980                alt_max_fd
 .sdata         0x0000000001005984        0x4 ../NIOS_II_Project/\libhal_bsp.a(alt_errno.o)
                0x0000000001005984                alt_errno
 .sdata         0x0000000001005988        0x4 ../NIOS_II_Project/\libhal_bsp.a(alt_irq_vars.o)
                0x0000000001005988                alt_priority_mask
 .sdata         0x000000000100598c        0x8 ../NIOS_II_Project/\libhal_bsp.a(alt_tick.o)
                0x000000000100598c                alt_alarm_list
 .sdata.__ctype_ptr__
                0x0000000001005994        0x4 c:/intelfpga_lite/17.1/nios2eds/bin/gnu/h-x86_64-mingw32/bin/../lib/gcc/nios2-elf/5.3.0/../../../../../H-x86_64-mingw32/nios2-elf/lib\libc.a(lib_a-ctype_.o)
                0x0000000001005994                __ctype_ptr__
 .sdata._global_impure_ptr
                0x0000000001005998        0x4 c:/intelfpga_lite/17.1/nios2eds/bin/gnu/h-x86_64-mingw32/bin/../lib/gcc/nios2-elf/5.3.0/../../../../../H-x86_64-mingw32/nios2-elf/lib\libc.a(lib_a-impure.o)
                0x0000000001005998                _global_impure_ptr
 .sdata._impure_ptr
                0x000000000100599c        0x4 c:/intelfpga_lite/17.1/nios2eds/bin/gnu/h-x86_64-mingw32/bin/../lib/gcc/nios2-elf/5.3.0/../../../../../H-x86_64-mingw32/nios2-elf/lib\libc.a(lib_a-impure.o)
                0x000000000100599c                _impure_ptr
 *(.sdata2 .sdata2.* .gnu.linkonce.s2.*)
                0x00000000010059a0                . = ALIGN (0x4)
                0x00000000010059a0                _edata = ABSOLUTE (.)
                [!provide]                        PROVIDE (edata, ABSOLUTE (.))
                0x00000000010059a0                PROVIDE (__ram_rwdata_end, ABSOLUTE (.))
                0x00000000010059a0                PROVIDE (__flash_rwdata_start, LOADADDR (.rwdata))

.bss            0x00000000010071e4      0x11c
                0x00000000010071e4                __bss_start = ABSOLUTE (.)
                [!provide]                        PROVIDE (__sbss_start, ABSOLUTE (.))
                [!provide]                        PROVIDE (___sbss_start, ABSOLUTE (.))
 *(.dynsbss)
 *(.sbss .sbss.* .gnu.linkonce.sb.*)
 .sbss          0x00000000010071e4        0xc ../NIOS_II_Project/\libhal_bsp.a(alt_main.o)
                0x00000000010071e4                alt_argc
                0x00000000010071e8                alt_argv
                0x00000000010071ec                alt_envp
 .sbss          0x00000000010071f0        0x4 ../NIOS_II_Project/\libhal_bsp.a(alt_irq_vars.o)
                0x00000000010071f0                alt_irq_active
 .sbss          0x00000000010071f4        0x8 ../NIOS_II_Project/\libhal_bsp.a(alt_tick.o)
                0x00000000010071f4                _alt_tick_rate
                0x00000000010071f8                _alt_nticks
 .sbss          0x00000000010071fc        0x4 c:/intelfpga_lite/17.1/nios2eds/bin/gnu/h-x86_64-mingw32/bin/../lib/gcc/nios2-elf/5.3.0/../../../../../H-x86_64-mingw32/nios2-elf/lib\libc.a(lib_a-int_errno.o)
                0x00000000010071fc                errno
 *(.sbss2 .sbss2.* .gnu.linkonce.sb2.*)
 *(.scommon)
                [!provide]                        PROVIDE (__sbss_end, ABSOLUTE (.))
                [!provide]                        PROVIDE (___sbss_end, ABSOLUTE (.))
 *(.dynbss)
 *(.bss .bss.* .gnu.linkonce.b.*)
 .bss           0x0000000001007200        0x0 ../NIOS_II_Project//obj/HAL/src/crt0.o
 .bss           0x0000000001007200        0x0 obj/default/main.o
 .bss           0x0000000001007200        0x0 ../NIOS_II_Project/\libhal_bsp.a(alt_load.o)
 .bss           0x0000000001007200        0x0 ../NIOS_II_Project/\libhal_bsp.a(alt_main.o)
 .bss           0x0000000001007200        0x0 ../NIOS_II_Project/\libhal_bsp.a(alt_sys_init.o)
 .bss           0x0000000001007200        0x0 ../NIOS_II_Project/\libhal_bsp.a(altera_avalon_jtag_uart_fd.o)
 .bss           0x0000000001007200        0x0 ../NIOS_II_Project/\libhal_bsp.a(altera_avalon_jtag_uart_init.o)
 .bss           0x0000000001007200        0x0 ../NIOS_II_Project/\libhal_bsp.a(altera_avalon_jtag_uart_ioctl.o)
 .bss           0x0000000001007200        0x0 ../NIOS_II_Project/\libhal_bsp.a(altera_avalon_jtag_uart_read.o)
 .bss           0x0000000001007200        0x0 ../NIOS_II_Project/\libhal_bsp.a(altera_avalon_jtag_uart_write.o)
 .bss           0x0000000001007200        0x0 ../NIOS_II_Project/\libhal_bsp.a(altera_avalon_lcd_16207.o)
 .bss           0x0000000001007200        0x0 ../NIOS_II_Project/\libhal_bsp.a(altera_avalon_lcd_16207_fd.o)
 .bss           0x0000000001007200        0x0 ../NIOS_II_Project/\libhal_bsp.a(altera_avalon_uart_fd.o)
 .bss           0x0000000001007200        0x0 ../NIOS_II_Project/\libhal_bsp.a(altera_avalon_uart_init.o)
 .bss           0x0000000001007200        0x0 ../NIOS_II_Project/\libhal_bsp.a(altera_avalon_uart_read.o)
 .bss           0x0000000001007200        0x0 ../NIOS_II_Project/\libhal_bsp.a(altera_avalon_uart_write.o)
 .bss           0x0000000001007200        0x0 ../NIOS_II_Project/\libhal_bsp.a(alt_alarm_start.o)
 .bss           0x0000000001007200        0x0 ../NIOS_II_Project/\libhal_bsp.a(alt_close.o)
 .bss           0x0000000001007200        0x0 ../NIOS_II_Project/\libhal_bsp.a(alt_dcache_flush_all.o)
 .bss           0x0000000001007200        0x0 ../NIOS_II_Project/\libhal_bsp.a(alt_dev.o)
 .bss           0x0000000001007200        0x0 ../NIOS_II_Project/\libhal_bsp.a(alt_dev_llist_insert.o)
 .bss           0x0000000001007200        0x0 ../NIOS_II_Project/\libhal_bsp.a(alt_do_ctors.o)
 .bss           0x0000000001007200        0x0 ../NIOS_II_Project/\libhal_bsp.a(alt_do_dtors.o)
 .bss           0x0000000001007200        0x0 ../NIOS_II_Project/\libhal_bsp.a(alt_errno.o)
 .bss           0x0000000001007200        0x0 ../NIOS_II_Project/\libhal_bsp.a(alt_icache_flush_all.o)
 .bss           0x0000000001007200        0x0 ../NIOS_II_Project/\libhal_bsp.a(alt_io_redirect.o)
 .bss           0x0000000001007200        0x0 ../NIOS_II_Project/\libhal_bsp.a(alt_irq_register.o)
 .bss           0x0000000001007200        0x0 ../NIOS_II_Project/\libhal_bsp.a(alt_irq_vars.o)
 .bss           0x0000000001007200        0x0 ../NIOS_II_Project/\libhal_bsp.a(alt_open.o)
 .bss           0x0000000001007200        0x0 ../NIOS_II_Project/\libhal_bsp.a(alt_release_fd.o)
 .bss           0x0000000001007200        0x0 ../NIOS_II_Project/\libhal_bsp.a(alt_tick.o)
 .bss           0x0000000001007200        0x0 ../NIOS_II_Project/\libhal_bsp.a(alt_usleep.o)
 .bss           0x0000000001007200        0x0 ../NIOS_II_Project/\libhal_bsp.a(altera_nios2_qsys_irq.o)
 .bss           0x0000000001007200        0x0 ../NIOS_II_Project/\libhal_bsp.a(alt_busy_sleep.o)
 .bss           0x0000000001007200        0x0 ../NIOS_II_Project/\libhal_bsp.a(alt_find_dev.o)
 .bss           0x0000000001007200        0x0 ../NIOS_II_Project/\libhal_bsp.a(alt_find_file.o)
 .bss           0x0000000001007200        0x0 ../NIOS_II_Project/\libhal_bsp.a(alt_get_fd.o)
 .bss           0x0000000001007200        0x0 ../NIOS_II_Project/\libhal_bsp.a(alt_icache_flush.o)
 .bss           0x0000000001007200        0x0 ../NIOS_II_Project/\libhal_bsp.a(alt_irq_entry.o)
 .bss           0x0000000001007200        0x0 ../NIOS_II_Project/\libhal_bsp.a(alt_irq_handler.o)
 .bss           0x0000000001007200        0x0 ../NIOS_II_Project/\libhal_bsp.a(alt_exception_entry.o)
 .bss           0x0000000001007200        0x0 c:/intelfpga_lite/17.1/nios2eds/bin/gnu/h-x86_64-mingw32/bin/../lib/gcc/nios2-elf/5.3.0/../../../../../H-x86_64-mingw32/nios2-elf/lib\libc.a(lib_a-atexit.o)
 .bss           0x0000000001007200        0x0 c:/intelfpga_lite/17.1/nios2eds/bin/gnu/h-x86_64-mingw32/bin/../lib/gcc/nios2-elf/5.3.0/../../../../../H-x86_64-mingw32/nios2-elf/lib\libc.a(lib_a-ctype_.o)
 .bss           0x0000000001007200        0x0 c:/intelfpga_lite/17.1/nios2eds/bin/gnu/h-x86_64-mingw32/bin/../lib/gcc/nios2-elf/5.3.0/../../../../../H-x86_64-mingw32/nios2-elf/lib\libc.a(lib_a-exit.o)
 .bss           0x0000000001007200        0x0 c:/intelfpga_lite/17.1/nios2eds/bin/gnu/h-x86_64-mingw32/bin/../lib/gcc/nios2-elf/5.3.0/../../../../../H-x86_64-mingw32/nios2-elf/lib\libc.a(lib_a-impure.o)
 .bss           0x0000000001007200        0x0 c:/intelfpga_lite/17.1/nios2eds/bin/gnu/h-x86_64-mingw32/bin/../lib/gcc/nios2-elf/5.3.0/../../../../../H-x86_64-mingw32/nios2-elf/lib\libc.a(lib_a-int_errno.o)
 .bss           0x0000000001007200        0x0 c:/intelfpga_lite/17.1/nios2eds/bin/gnu/h-x86_64-mingw32/bin/../lib/gcc/nios2-elf/5.3.0/../../../../../H-x86_64-mingw32/nios2-elf/lib\libc.a(lib_a-memcmp.o)
 .bss           0x0000000001007200        0x0 c:/intelfpga_lite/17.1/nios2eds/bin/gnu/h-x86_64-mingw32/bin/../lib/gcc/nios2-elf/5.3.0/../../../../../H-x86_64-mingw32/nios2-elf/lib\libc.a(lib_a-memcpy.o)
 .bss           0x0000000001007200        0x0 c:/intelfpga_lite/17.1/nios2eds/bin/gnu/h-x86_64-mingw32/bin/../lib/gcc/nios2-elf/5.3.0/../../../../../H-x86_64-mingw32/nios2-elf/lib\libc.a(lib_a-memset.o)
 .bss           0x0000000001007200        0x0 c:/intelfpga_lite/17.1/nios2eds/bin/gnu/h-x86_64-mingw32/bin/../lib/gcc/nios2-elf/5.3.0/../../../../../H-x86_64-mingw32/nios2-elf/lib\libc.a(lib_a-strlen.o)
 .bss           0x0000000001007200        0x0 c:/intelfpga_lite/17.1/nios2eds/bin/gnu/h-x86_64-mingw32/bin/../lib/gcc/nios2-elf/5.3.0/../../../../../H-x86_64-mingw32/nios2-elf/lib\libc.a(lib_a-__atexit.o)
 .bss           0x0000000001007200        0x0 c:/intelfpga_lite/17.1/nios2eds/bin/gnu/h-x86_64-mingw32/bin/../lib/gcc/nios2-elf/5.3.0/../../../../../H-x86_64-mingw32/nios2-elf/lib\libc.a(lib_a-__call_atexit.o)
 .bss           0x0000000001007200        0x0 c:/intelfpga_lite/17.1/nios2eds/bin/gnu/h-x86_64-mingw32/bin/../lib/gcc/nios2-elf/5.3.0\libgcc.a(lib2-divmod.o)
 .bss           0x0000000001007200        0x0 ../NIOS_II_Project/\libhal_bsp.a(alt_exit.o)
 *(COMMON)
 COMMON         0x0000000001007200      0x100 ../NIOS_II_Project/\libhal_bsp.a(alt_irq_handler.o)
                0x0000000001007200                alt_irq
                0x0000000001007300                . = ALIGN (0x4)
                0x0000000001007300                __bss_end = ABSOLUTE (.)

.onchip_memory2_0
                0x0000000000222184        0x0 load address 0x0000000001007300
                [!provide]                        PROVIDE (_alt_partition_onchip_memory2_0_start, ABSOLUTE (.))
 *(.onchip_memory2_0 .onchip_memory2_0. onchip_memory2_0.*)
                0x0000000000222184                . = ALIGN (0x4)
                [!provide]                        PROVIDE (_alt_partition_onchip_memory2_0_end, ABSOLUTE (.))
                [!provide]                        PROVIDE (_alt_partition_onchip_memory2_0_load_addr, LOADADDR (.onchip_memory2_0))

.sdram          0x0000000001007300        0x0
                [!provide]                        PROVIDE (_alt_partition_sdram_start, ABSOLUTE (.))
 *(.sdram .sdram. sdram.*)
                0x0000000001007300                . = ALIGN (0x4)
                [!provide]                        PROVIDE (_alt_partition_sdram_end, ABSOLUTE (.))
                0x0000000001007300                _end = ABSOLUTE (.)
                0x0000000001007300                end = ABSOLUTE (.)
                0x0000000001007300                __alt_stack_base = ABSOLUTE (.)
                [!provide]                        PROVIDE (_alt_partition_sdram_load_addr, LOADADDR (.sdram))

.stab
 *(.stab)

.stabstr
 *(.stabstr)

.stab.excl
 *(.stab.excl)

.stab.exclstr
 *(.stab.exclstr)

.stab.index
 *(.stab.index)

.stab.indexstr
 *(.stab.indexstr)

.comment        0x0000000000000000       0x23
 *(.comment)
 .comment       0x0000000000000000       0x23 obj/default/main.o
                                         0x24 (size before relaxing)
 .comment       0x0000000000000023       0x24 ../NIOS_II_Project/\libhal_bsp.a(alt_load.o)
 .comment       0x0000000000000023       0x24 ../NIOS_II_Project/\libhal_bsp.a(alt_main.o)
 .comment       0x0000000000000023       0x24 ../NIOS_II_Project/\libhal_bsp.a(alt_sys_init.o)
 .comment       0x0000000000000023       0x24 ../NIOS_II_Project/\libhal_bsp.a(altera_avalon_jtag_uart_fd.o)
 .comment       0x0000000000000023       0x24 ../NIOS_II_Project/\libhal_bsp.a(altera_avalon_jtag_uart_init.o)
 .comment       0x0000000000000023       0x24 ../NIOS_II_Project/\libhal_bsp.a(altera_avalon_jtag_uart_ioctl.o)
 .comment       0x0000000000000023       0x24 ../NIOS_II_Project/\libhal_bsp.a(altera_avalon_jtag_uart_read.o)
 .comment       0x0000000000000023       0x24 ../NIOS_II_Project/\libhal_bsp.a(altera_avalon_jtag_uart_write.o)
 .comment       0x0000000000000023       0x24 ../NIOS_II_Project/\libhal_bsp.a(altera_avalon_lcd_16207.o)
 .comment       0x0000000000000023       0x24 ../NIOS_II_Project/\libhal_bsp.a(altera_avalon_lcd_16207_fd.o)
 .comment       0x0000000000000023       0x24 ../NIOS_II_Project/\libhal_bsp.a(altera_avalon_uart_fd.o)
 .comment       0x0000000000000023       0x24 ../NIOS_II_Project/\libhal_bsp.a(altera_avalon_uart_init.o)
 .comment       0x0000000000000023       0x24 ../NIOS_II_Project/\libhal_bsp.a(altera_avalon_uart_read.o)
 .comment       0x0000000000000023       0x24 ../NIOS_II_Project/\libhal_bsp.a(altera_avalon_uart_write.o)
 .comment       0x0000000000000023       0x24 ../NIOS_II_Project/\libhal_bsp.a(alt_alarm_start.o)
 .comment       0x0000000000000023       0x24 ../NIOS_II_Project/\libhal_bsp.a(alt_close.o)
 .comment       0x0000000000000023       0x24 ../NIOS_II_Project/\libhal_bsp.a(alt_dcache_flush_all.o)
 .comment       0x0000000000000023       0x24 ../NIOS_II_Project/\libhal_bsp.a(alt_dev.o)
 .comment       0x0000000000000023       0x24 ../NIOS_II_Project/\libhal_bsp.a(alt_dev_llist_insert.o)
 .comment       0x0000000000000023       0x24 ../NIOS_II_Project/\libhal_bsp.a(alt_do_ctors.o)
 .comment       0x0000000000000023       0x24 ../NIOS_II_Project/\libhal_bsp.a(alt_do_dtors.o)
 .comment       0x0000000000000023       0x24 ../NIOS_II_Project/\libhal_bsp.a(alt_errno.o)
 .comment       0x0000000000000023       0x24 ../NIOS_II_Project/\libhal_bsp.a(alt_icache_flush_all.o)
 .comment       0x0000000000000023       0x24 ../NIOS_II_Project/\libhal_bsp.a(alt_io_redirect.o)
 .comment       0x0000000000000023       0x24 ../NIOS_II_Project/\libhal_bsp.a(alt_irq_register.o)
 .comment       0x0000000000000023       0x24 ../NIOS_II_Project/\libhal_bsp.a(alt_irq_vars.o)
 .comment       0x0000000000000023       0x24 ../NIOS_II_Project/\libhal_bsp.a(alt_open.o)
 .comment       0x0000000000000023       0x24 ../NIOS_II_Project/\libhal_bsp.a(alt_release_fd.o)
 .comment       0x0000000000000023       0x24 ../NIOS_II_Project/\libhal_bsp.a(alt_tick.o)
 .comment       0x0000000000000023       0x24 ../NIOS_II_Project/\libhal_bsp.a(alt_usleep.o)
 .comment       0x0000000000000023       0x24 ../NIOS_II_Project/\libhal_bsp.a(altera_nios2_qsys_irq.o)
 .comment       0x0000000000000023       0x24 ../NIOS_II_Project/\libhal_bsp.a(alt_busy_sleep.o)
 .comment       0x0000000000000023       0x24 ../NIOS_II_Project/\libhal_bsp.a(alt_find_dev.o)
 .comment       0x0000000000000023       0x24 ../NIOS_II_Project/\libhal_bsp.a(alt_find_file.o)
 .comment       0x0000000000000023       0x24 ../NIOS_II_Project/\libhal_bsp.a(alt_get_fd.o)
 .comment       0x0000000000000023       0x24 ../NIOS_II_Project/\libhal_bsp.a(alt_icache_flush.o)
 .comment       0x0000000000000023       0x24 ../NIOS_II_Project/\libhal_bsp.a(alt_irq_handler.o)
 .comment       0x0000000000000023       0x24 c:/intelfpga_lite/17.1/nios2eds/bin/gnu/h-x86_64-mingw32/bin/../lib/gcc/nios2-elf/5.3.0/../../../../../H-x86_64-mingw32/nios2-elf/lib\libc.a(lib_a-atexit.o)
 .comment       0x0000000000000023       0x24 c:/intelfpga_lite/17.1/nios2eds/bin/gnu/h-x86_64-mingw32/bin/../lib/gcc/nios2-elf/5.3.0/../../../../../H-x86_64-mingw32/nios2-elf/lib\libc.a(lib_a-ctype_.o)
 .comment       0x0000000000000023       0x24 c:/intelfpga_lite/17.1/nios2eds/bin/gnu/h-x86_64-mingw32/bin/../lib/gcc/nios2-elf/5.3.0/../../../../../H-x86_64-mingw32/nios2-elf/lib\libc.a(lib_a-exit.o)
 .comment       0x0000000000000023       0x24 c:/intelfpga_lite/17.1/nios2eds/bin/gnu/h-x86_64-mingw32/bin/../lib/gcc/nios2-elf/5.3.0/../../../../../H-x86_64-mingw32/nios2-elf/lib\libc.a(lib_a-impure.o)
 .comment       0x0000000000000023       0x24 c:/intelfpga_lite/17.1/nios2eds/bin/gnu/h-x86_64-mingw32/bin/../lib/gcc/nios2-elf/5.3.0/../../../../../H-x86_64-mingw32/nios2-elf/lib\libc.a(lib_a-int_errno.o)
 .comment       0x0000000000000023       0x24 c:/intelfpga_lite/17.1/nios2eds/bin/gnu/h-x86_64-mingw32/bin/../lib/gcc/nios2-elf/5.3.0/../../../../../H-x86_64-mingw32/nios2-elf/lib\libc.a(lib_a-memcmp.o)
 .comment       0x0000000000000023       0x24 c:/intelfpga_lite/17.1/nios2eds/bin/gnu/h-x86_64-mingw32/bin/../lib/gcc/nios2-elf/5.3.0/../../../../../H-x86_64-mingw32/nios2-elf/lib\libc.a(lib_a-memcpy.o)
 .comment       0x0000000000000023       0x24 c:/intelfpga_lite/17.1/nios2eds/bin/gnu/h-x86_64-mingw32/bin/../lib/gcc/nios2-elf/5.3.0/../../../../../H-x86_64-mingw32/nios2-elf/lib\libc.a(lib_a-memset.o)
 .comment       0x0000000000000023       0x24 c:/intelfpga_lite/17.1/nios2eds/bin/gnu/h-x86_64-mingw32/bin/../lib/gcc/nios2-elf/5.3.0/../../../../../H-x86_64-mingw32/nios2-elf/lib\libc.a(lib_a-strlen.o)
 .comment       0x0000000000000023       0x24 c:/intelfpga_lite/17.1/nios2eds/bin/gnu/h-x86_64-mingw32/bin/../lib/gcc/nios2-elf/5.3.0/../../../../../H-x86_64-mingw32/nios2-elf/lib\libc.a(lib_a-__atexit.o)
 .comment       0x0000000000000023       0x24 c:/intelfpga_lite/17.1/nios2eds/bin/gnu/h-x86_64-mingw32/bin/../lib/gcc/nios2-elf/5.3.0/../../../../../H-x86_64-mingw32/nios2-elf/lib\libc.a(lib_a-__call_atexit.o)
 .comment       0x0000000000000023       0x24 c:/intelfpga_lite/17.1/nios2eds/bin/gnu/h-x86_64-mingw32/bin/../lib/gcc/nios2-elf/5.3.0\libgcc.a(lib2-divmod.o)
 .comment       0x0000000000000023       0x24 ../NIOS_II_Project/\libhal_bsp.a(alt_exit.o)

.debug
 *(.debug)

.line
 *(.line)

.debug_srcinfo
 *(.debug_srcinfo)

.debug_sfnames
 *(.debug_sfnames)

.debug_aranges  0x0000000000000000      0x6c8
 *(.debug_aranges)
 .debug_aranges
                0x0000000000000000       0x28 ../NIOS_II_Project//obj/HAL/src/crt0.o
 .debug_aranges
                0x0000000000000028       0x20 obj/default/main.o
 .debug_aranges
                0x0000000000000048       0x20 ../NIOS_II_Project/\libhal_bsp.a(alt_load.o)
 .debug_aranges
                0x0000000000000068       0x20 ../NIOS_II_Project/\libhal_bsp.a(alt_main.o)
 .debug_aranges
                0x0000000000000088       0x20 ../NIOS_II_Project/\libhal_bsp.a(alt_sys_init.o)
 .debug_aranges
                0x00000000000000a8       0x20 ../NIOS_II_Project/\libhal_bsp.a(altera_avalon_jtag_uart_fd.o)
 .debug_aranges
                0x00000000000000c8       0x20 ../NIOS_II_Project/\libhal_bsp.a(altera_avalon_jtag_uart_init.o)
 .debug_aranges
                0x00000000000000e8       0x20 ../NIOS_II_Project/\libhal_bsp.a(altera_avalon_jtag_uart_ioctl.o)
 .debug_aranges
                0x0000000000000108       0x20 ../NIOS_II_Project/\libhal_bsp.a(altera_avalon_jtag_uart_read.o)
 .debug_aranges
                0x0000000000000128       0x20 ../NIOS_II_Project/\libhal_bsp.a(altera_avalon_jtag_uart_write.o)
 .debug_aranges
                0x0000000000000148       0x20 ../NIOS_II_Project/\libhal_bsp.a(altera_avalon_lcd_16207.o)
 .debug_aranges
                0x0000000000000168       0x20 ../NIOS_II_Project/\libhal_bsp.a(altera_avalon_lcd_16207_fd.o)
 .debug_aranges
                0x0000000000000188       0x20 ../NIOS_II_Project/\libhal_bsp.a(altera_avalon_uart_fd.o)
 .debug_aranges
                0x00000000000001a8       0x20 ../NIOS_II_Project/\libhal_bsp.a(altera_avalon_uart_init.o)
 .debug_aranges
                0x00000000000001c8       0x20 ../NIOS_II_Project/\libhal_bsp.a(altera_avalon_uart_read.o)
 .debug_aranges
                0x00000000000001e8       0x20 ../NIOS_II_Project/\libhal_bsp.a(altera_avalon_uart_write.o)
 .debug_aranges
                0x0000000000000208       0x20 ../NIOS_II_Project/\libhal_bsp.a(alt_alarm_start.o)
 .debug_aranges
                0x0000000000000228       0x20 ../NIOS_II_Project/\libhal_bsp.a(alt_close.o)
 .debug_aranges
                0x0000000000000248       0x20 ../NIOS_II_Project/\libhal_bsp.a(alt_dcache_flush_all.o)
 .debug_aranges
                0x0000000000000268       0x20 ../NIOS_II_Project/\libhal_bsp.a(alt_dev.o)
 .debug_aranges
                0x0000000000000288       0x20 ../NIOS_II_Project/\libhal_bsp.a(alt_dev_llist_insert.o)
 .debug_aranges
                0x00000000000002a8       0x20 ../NIOS_II_Project/\libhal_bsp.a(alt_do_ctors.o)
 .debug_aranges
                0x00000000000002c8       0x20 ../NIOS_II_Project/\libhal_bsp.a(alt_do_dtors.o)
 .debug_aranges
                0x00000000000002e8       0x18 ../NIOS_II_Project/\libhal_bsp.a(alt_errno.o)
 .debug_aranges
                0x0000000000000300       0x20 ../NIOS_II_Project/\libhal_bsp.a(alt_icache_flush_all.o)
 .debug_aranges
                0x0000000000000320       0x20 ../NIOS_II_Project/\libhal_bsp.a(alt_io_redirect.o)
 .debug_aranges
                0x0000000000000340       0x20 ../NIOS_II_Project/\libhal_bsp.a(alt_irq_register.o)
 .debug_aranges
                0x0000000000000360       0x18 ../NIOS_II_Project/\libhal_bsp.a(alt_irq_vars.o)
 .debug_aranges
                0x0000000000000378       0x20 ../NIOS_II_Project/\libhal_bsp.a(alt_open.o)
 .debug_aranges
                0x0000000000000398       0x20 ../NIOS_II_Project/\libhal_bsp.a(alt_release_fd.o)
 .debug_aranges
                0x00000000000003b8       0x20 ../NIOS_II_Project/\libhal_bsp.a(alt_tick.o)
 .debug_aranges
                0x00000000000003d8       0x20 ../NIOS_II_Project/\libhal_bsp.a(alt_usleep.o)
 .debug_aranges
                0x00000000000003f8       0x20 ../NIOS_II_Project/\libhal_bsp.a(altera_nios2_qsys_irq.o)
 .debug_aranges
                0x0000000000000418       0x20 ../NIOS_II_Project/\libhal_bsp.a(alt_busy_sleep.o)
 .debug_aranges
                0x0000000000000438       0x20 ../NIOS_II_Project/\libhal_bsp.a(alt_find_dev.o)
 .debug_aranges
                0x0000000000000458       0x20 ../NIOS_II_Project/\libhal_bsp.a(alt_find_file.o)
 .debug_aranges
                0x0000000000000478       0x20 ../NIOS_II_Project/\libhal_bsp.a(alt_get_fd.o)
 .debug_aranges
                0x0000000000000498       0x20 ../NIOS_II_Project/\libhal_bsp.a(alt_icache_flush.o)
 .debug_aranges
                0x00000000000004b8       0x30 ../NIOS_II_Project/\libhal_bsp.a(alt_irq_entry.o)
 .debug_aranges
                0x00000000000004e8       0x20 ../NIOS_II_Project/\libhal_bsp.a(alt_irq_handler.o)
 .debug_aranges
                0x0000000000000508       0x38 ../NIOS_II_Project/\libhal_bsp.a(alt_exception_entry.o)
 .debug_aranges
                0x0000000000000540       0x20 c:/intelfpga_lite/17.1/nios2eds/bin/gnu/h-x86_64-mingw32/bin/../lib/gcc/nios2-elf/5.3.0/../../../../../H-x86_64-mingw32/nios2-elf/lib\libc.a(lib_a-atexit.o)
 .debug_aranges
                0x0000000000000560       0x18 c:/intelfpga_lite/17.1/nios2eds/bin/gnu/h-x86_64-mingw32/bin/../lib/gcc/nios2-elf/5.3.0/../../../../../H-x86_64-mingw32/nios2-elf/lib\libc.a(lib_a-ctype_.o)
 .debug_aranges
                0x0000000000000578       0x20 c:/intelfpga_lite/17.1/nios2eds/bin/gnu/h-x86_64-mingw32/bin/../lib/gcc/nios2-elf/5.3.0/../../../../../H-x86_64-mingw32/nios2-elf/lib\libc.a(lib_a-exit.o)
 .debug_aranges
                0x0000000000000598       0x18 c:/intelfpga_lite/17.1/nios2eds/bin/gnu/h-x86_64-mingw32/bin/../lib/gcc/nios2-elf/5.3.0/../../../../../H-x86_64-mingw32/nios2-elf/lib\libc.a(lib_a-impure.o)
 .debug_aranges
                0x00000000000005b0       0x18 c:/intelfpga_lite/17.1/nios2eds/bin/gnu/h-x86_64-mingw32/bin/../lib/gcc/nios2-elf/5.3.0/../../../../../H-x86_64-mingw32/nios2-elf/lib\libc.a(lib_a-int_errno.o)
 .debug_aranges
                0x00000000000005c8       0x20 c:/intelfpga_lite/17.1/nios2eds/bin/gnu/h-x86_64-mingw32/bin/../lib/gcc/nios2-elf/5.3.0/../../../../../H-x86_64-mingw32/nios2-elf/lib\libc.a(lib_a-memcmp.o)
 .debug_aranges
                0x00000000000005e8       0x20 c:/intelfpga_lite/17.1/nios2eds/bin/gnu/h-x86_64-mingw32/bin/../lib/gcc/nios2-elf/5.3.0/../../../../../H-x86_64-mingw32/nios2-elf/lib\libc.a(lib_a-memcpy.o)
 .debug_aranges
                0x0000000000000608       0x20 c:/intelfpga_lite/17.1/nios2eds/bin/gnu/h-x86_64-mingw32/bin/../lib/gcc/nios2-elf/5.3.0/../../../../../H-x86_64-mingw32/nios2-elf/lib\libc.a(lib_a-memset.o)
 .debug_aranges
                0x0000000000000628       0x20 c:/intelfpga_lite/17.1/nios2eds/bin/gnu/h-x86_64-mingw32/bin/../lib/gcc/nios2-elf/5.3.0/../../../../../H-x86_64-mingw32/nios2-elf/lib\libc.a(lib_a-strlen.o)
 .debug_aranges
                0x0000000000000648       0x20 c:/intelfpga_lite/17.1/nios2eds/bin/gnu/h-x86_64-mingw32/bin/../lib/gcc/nios2-elf/5.3.0/../../../../../H-x86_64-mingw32/nios2-elf/lib\libc.a(lib_a-__atexit.o)
 .debug_aranges
                0x0000000000000668       0x20 c:/intelfpga_lite/17.1/nios2eds/bin/gnu/h-x86_64-mingw32/bin/../lib/gcc/nios2-elf/5.3.0/../../../../../H-x86_64-mingw32/nios2-elf/lib\libc.a(lib_a-__call_atexit.o)
 .debug_aranges
                0x0000000000000688       0x20 c:/intelfpga_lite/17.1/nios2eds/bin/gnu/h-x86_64-mingw32/bin/../lib/gcc/nios2-elf/5.3.0\libgcc.a(lib2-divmod.o)
 .debug_aranges
                0x00000000000006a8       0x20 ../NIOS_II_Project/\libhal_bsp.a(alt_exit.o)

.debug_pubnames
 *(.debug_pubnames)

.debug_info     0x0000000000000000     0x9482
 *(.debug_info .gnu.linkonce.wi.*)
 .debug_info    0x0000000000000000       0x8a ../NIOS_II_Project//obj/HAL/src/crt0.o
 .debug_info    0x000000000000008a       0x96 obj/default/main.o
 .debug_info    0x0000000000000120      0x145 ../NIOS_II_Project/\libhal_bsp.a(alt_load.o)
 .debug_info    0x0000000000000265      0x157 ../NIOS_II_Project/\libhal_bsp.a(alt_main.o)
 .debug_info    0x00000000000003bc      0x739 ../NIOS_II_Project/\libhal_bsp.a(alt_sys_init.o)
 .debug_info    0x0000000000000af5      0x52e ../NIOS_II_Project/\libhal_bsp.a(altera_avalon_jtag_uart_fd.o)
 .debug_info    0x0000000000001023      0x3c3 ../NIOS_II_Project/\libhal_bsp.a(altera_avalon_jtag_uart_init.o)
 .debug_info    0x00000000000013e6      0x280 ../NIOS_II_Project/\libhal_bsp.a(altera_avalon_jtag_uart_ioctl.o)
 .debug_info    0x0000000000001666      0x35b ../NIOS_II_Project/\libhal_bsp.a(altera_avalon_jtag_uart_read.o)
 .debug_info    0x00000000000019c1      0x356 ../NIOS_II_Project/\libhal_bsp.a(altera_avalon_jtag_uart_write.o)
 .debug_info    0x0000000000001d17      0x6d1 ../NIOS_II_Project/\libhal_bsp.a(altera_avalon_lcd_16207.o)
 .debug_info    0x00000000000023e8      0x4cc ../NIOS_II_Project/\libhal_bsp.a(altera_avalon_lcd_16207_fd.o)
 .debug_info    0x00000000000028b4      0x447 ../NIOS_II_Project/\libhal_bsp.a(altera_avalon_uart_fd.o)
 .debug_info    0x0000000000002cfb      0x356 ../NIOS_II_Project/\libhal_bsp.a(altera_avalon_uart_init.o)
 .debug_info    0x0000000000003051      0x32f ../NIOS_II_Project/\libhal_bsp.a(altera_avalon_uart_read.o)
 .debug_info    0x0000000000003380      0x334 ../NIOS_II_Project/\libhal_bsp.a(altera_avalon_uart_write.o)
 .debug_info    0x00000000000036b4      0x2e2 ../NIOS_II_Project/\libhal_bsp.a(alt_alarm_start.o)
 .debug_info    0x0000000000003996      0x321 ../NIOS_II_Project/\libhal_bsp.a(alt_close.o)
 .debug_info    0x0000000000003cb7       0x92 ../NIOS_II_Project/\libhal_bsp.a(alt_dcache_flush_all.o)
 .debug_info    0x0000000000003d49      0x49c ../NIOS_II_Project/\libhal_bsp.a(alt_dev.o)
 .debug_info    0x00000000000041e5      0x1a9 ../NIOS_II_Project/\libhal_bsp.a(alt_dev_llist_insert.o)
 .debug_info    0x000000000000438e       0x83 ../NIOS_II_Project/\libhal_bsp.a(alt_do_ctors.o)
 .debug_info    0x0000000000004411       0x83 ../NIOS_II_Project/\libhal_bsp.a(alt_do_dtors.o)
 .debug_info    0x0000000000004494       0xa6 ../NIOS_II_Project/\libhal_bsp.a(alt_errno.o)
 .debug_info    0x000000000000453a       0x92 ../NIOS_II_Project/\libhal_bsp.a(alt_icache_flush_all.o)
 .debug_info    0x00000000000045cc      0x4a5 ../NIOS_II_Project/\libhal_bsp.a(alt_io_redirect.o)
 .debug_info    0x0000000000004a71      0x329 ../NIOS_II_Project/\libhal_bsp.a(alt_irq_register.o)
 .debug_info    0x0000000000004d9a       0x88 ../NIOS_II_Project/\libhal_bsp.a(alt_irq_vars.o)
 .debug_info    0x0000000000004e22      0x3bb ../NIOS_II_Project/\libhal_bsp.a(alt_open.o)
 .debug_info    0x00000000000051dd      0x2b0 ../NIOS_II_Project/\libhal_bsp.a(alt_release_fd.o)
 .debug_info    0x000000000000548d      0x2af ../NIOS_II_Project/\libhal_bsp.a(alt_tick.o)
 .debug_info    0x000000000000573c       0xb0 ../NIOS_II_Project/\libhal_bsp.a(alt_usleep.o)
 .debug_info    0x00000000000057ec       0xb8 ../NIOS_II_Project/\libhal_bsp.a(altera_nios2_qsys_irq.o)
 .debug_info    0x00000000000058a4       0xd7 ../NIOS_II_Project/\libhal_bsp.a(alt_busy_sleep.o)
 .debug_info    0x000000000000597b      0x2e9 ../NIOS_II_Project/\libhal_bsp.a(alt_find_dev.o)
 .debug_info    0x0000000000005c64      0x2e6 ../NIOS_II_Project/\libhal_bsp.a(alt_find_file.o)
 .debug_info    0x0000000000005f4a      0x310 ../NIOS_II_Project/\libhal_bsp.a(alt_get_fd.o)
 .debug_info    0x000000000000625a       0xdc ../NIOS_II_Project/\libhal_bsp.a(alt_icache_flush.o)
 .debug_info    0x0000000000006336       0x93 ../NIOS_II_Project/\libhal_bsp.a(alt_irq_entry.o)
 .debug_info    0x00000000000063c9      0x1a7 ../NIOS_II_Project/\libhal_bsp.a(alt_irq_handler.o)
 .debug_info    0x0000000000006570       0x99 ../NIOS_II_Project/\libhal_bsp.a(alt_exception_entry.o)
 .debug_info    0x0000000000006609       0xfe c:/intelfpga_lite/17.1/nios2eds/bin/gnu/h-x86_64-mingw32/bin/../lib/gcc/nios2-elf/5.3.0/../../../../../H-x86_64-mingw32/nios2-elf/lib\libc.a(lib_a-atexit.o)
 .debug_info    0x0000000000006707       0x96 c:/intelfpga_lite/17.1/nios2eds/bin/gnu/h-x86_64-mingw32/bin/../lib/gcc/nios2-elf/5.3.0/../../../../../H-x86_64-mingw32/nios2-elf/lib\libc.a(lib_a-ctype_.o)
 .debug_info    0x000000000000679d      0x8e4 c:/intelfpga_lite/17.1/nios2eds/bin/gnu/h-x86_64-mingw32/bin/../lib/gcc/nios2-elf/5.3.0/../../../../../H-x86_64-mingw32/nios2-elf/lib\libc.a(lib_a-exit.o)
 .debug_info    0x0000000000007081      0x8a1 c:/intelfpga_lite/17.1/nios2eds/bin/gnu/h-x86_64-mingw32/bin/../lib/gcc/nios2-elf/5.3.0/../../../../../H-x86_64-mingw32/nios2-elf/lib\libc.a(lib_a-impure.o)
 .debug_info    0x0000000000007922       0x8a c:/intelfpga_lite/17.1/nios2eds/bin/gnu/h-x86_64-mingw32/bin/../lib/gcc/nios2-elf/5.3.0/../../../../../H-x86_64-mingw32/nios2-elf/lib\libc.a(lib_a-int_errno.o)
 .debug_info    0x00000000000079ac      0x11a c:/intelfpga_lite/17.1/nios2eds/bin/gnu/h-x86_64-mingw32/bin/../lib/gcc/nios2-elf/5.3.0/../../../../../H-x86_64-mingw32/nios2-elf/lib\libc.a(lib_a-memcmp.o)
 .debug_info    0x0000000000007ac6      0x144 c:/intelfpga_lite/17.1/nios2eds/bin/gnu/h-x86_64-mingw32/bin/../lib/gcc/nios2-elf/5.3.0/../../../../../H-x86_64-mingw32/nios2-elf/lib\libc.a(lib_a-memcpy.o)
 .debug_info    0x0000000000007c0a      0x121 c:/intelfpga_lite/17.1/nios2eds/bin/gnu/h-x86_64-mingw32/bin/../lib/gcc/nios2-elf/5.3.0/../../../../../H-x86_64-mingw32/nios2-elf/lib\libc.a(lib_a-memset.o)
 .debug_info    0x0000000000007d2b       0xe2 c:/intelfpga_lite/17.1/nios2eds/bin/gnu/h-x86_64-mingw32/bin/../lib/gcc/nios2-elf/5.3.0/../../../../../H-x86_64-mingw32/nios2-elf/lib\libc.a(lib_a-strlen.o)
 .debug_info    0x0000000000007e0d      0x934 c:/intelfpga_lite/17.1/nios2eds/bin/gnu/h-x86_64-mingw32/bin/../lib/gcc/nios2-elf/5.3.0/../../../../../H-x86_64-mingw32/nios2-elf/lib\libc.a(lib_a-__atexit.o)
 .debug_info    0x0000000000008741      0x965 c:/intelfpga_lite/17.1/nios2eds/bin/gnu/h-x86_64-mingw32/bin/../lib/gcc/nios2-elf/5.3.0/../../../../../H-x86_64-mingw32/nios2-elf/lib\libc.a(lib_a-__call_atexit.o)
 .debug_info    0x00000000000090a6      0x2c6 c:/intelfpga_lite/17.1/nios2eds/bin/gnu/h-x86_64-mingw32/bin/../lib/gcc/nios2-elf/5.3.0\libgcc.a(lib2-divmod.o)
 .debug_info    0x000000000000936c      0x116 ../NIOS_II_Project/\libhal_bsp.a(alt_exit.o)

.debug_abbrev   0x0000000000000000     0x332f
 *(.debug_abbrev)
 .debug_abbrev  0x0000000000000000       0x12 ../NIOS_II_Project//obj/HAL/src/crt0.o
 .debug_abbrev  0x0000000000000012       0x42 obj/default/main.o
 .debug_abbrev  0x0000000000000054       0x9f ../NIOS_II_Project/\libhal_bsp.a(alt_load.o)
 .debug_abbrev  0x00000000000000f3       0xc1 ../NIOS_II_Project/\libhal_bsp.a(alt_main.o)
 .debug_abbrev  0x00000000000001b4      0x190 ../NIOS_II_Project/\libhal_bsp.a(alt_sys_init.o)
 .debug_abbrev  0x0000000000000344      0x127 ../NIOS_II_Project/\libhal_bsp.a(altera_avalon_jtag_uart_fd.o)
 .debug_abbrev  0x000000000000046b      0x19e ../NIOS_II_Project/\libhal_bsp.a(altera_avalon_jtag_uart_init.o)
 .debug_abbrev  0x0000000000000609      0x111 ../NIOS_II_Project/\libhal_bsp.a(altera_avalon_jtag_uart_ioctl.o)
 .debug_abbrev  0x000000000000071a      0x1aa ../NIOS_II_Project/\libhal_bsp.a(altera_avalon_jtag_uart_read.o)
 .debug_abbrev  0x00000000000008c4      0x1a8 ../NIOS_II_Project/\libhal_bsp.a(altera_avalon_jtag_uart_write.o)
 .debug_abbrev  0x0000000000000a6c      0x20f ../NIOS_II_Project/\libhal_bsp.a(altera_avalon_lcd_16207.o)
 .debug_abbrev  0x0000000000000c7b      0x125 ../NIOS_II_Project/\libhal_bsp.a(altera_avalon_lcd_16207_fd.o)
 .debug_abbrev  0x0000000000000da0      0x109 ../NIOS_II_Project/\libhal_bsp.a(altera_avalon_uart_fd.o)
 .debug_abbrev  0x0000000000000ea9      0x178 ../NIOS_II_Project/\libhal_bsp.a(altera_avalon_uart_init.o)
 .debug_abbrev  0x0000000000001021      0x183 ../NIOS_II_Project/\libhal_bsp.a(altera_avalon_uart_read.o)
 .debug_abbrev  0x00000000000011a4      0x18a ../NIOS_II_Project/\libhal_bsp.a(altera_avalon_uart_write.o)
 .debug_abbrev  0x000000000000132e      0x162 ../NIOS_II_Project/\libhal_bsp.a(alt_alarm_start.o)
 .debug_abbrev  0x0000000000001490      0x11f ../NIOS_II_Project/\libhal_bsp.a(alt_close.o)
 .debug_abbrev  0x00000000000015af       0x42 ../NIOS_II_Project/\libhal_bsp.a(alt_dcache_flush_all.o)
 .debug_abbrev  0x00000000000015f1       0xd9 ../NIOS_II_Project/\libhal_bsp.a(alt_dev.o)
 .debug_abbrev  0x00000000000016ca      0x114 ../NIOS_II_Project/\libhal_bsp.a(alt_dev_llist_insert.o)
 .debug_abbrev  0x00000000000017de       0x79 ../NIOS_II_Project/\libhal_bsp.a(alt_do_ctors.o)
 .debug_abbrev  0x0000000000001857       0x79 ../NIOS_II_Project/\libhal_bsp.a(alt_do_dtors.o)
 .debug_abbrev  0x00000000000018d0       0x5a ../NIOS_II_Project/\libhal_bsp.a(alt_errno.o)
 .debug_abbrev  0x000000000000192a       0x42 ../NIOS_II_Project/\libhal_bsp.a(alt_icache_flush_all.o)
 .debug_abbrev  0x000000000000196c      0x114 ../NIOS_II_Project/\libhal_bsp.a(alt_io_redirect.o)
 .debug_abbrev  0x0000000000001a80      0x186 ../NIOS_II_Project/\libhal_bsp.a(alt_irq_register.o)
 .debug_abbrev  0x0000000000001c06       0x40 ../NIOS_II_Project/\libhal_bsp.a(alt_irq_vars.o)
 .debug_abbrev  0x0000000000001c46      0x148 ../NIOS_II_Project/\libhal_bsp.a(alt_open.o)
 .debug_abbrev  0x0000000000001d8e       0xde ../NIOS_II_Project/\libhal_bsp.a(alt_release_fd.o)
 .debug_abbrev  0x0000000000001e6c      0x16b ../NIOS_II_Project/\libhal_bsp.a(alt_tick.o)
 .debug_abbrev  0x0000000000001fd7       0x60 ../NIOS_II_Project/\libhal_bsp.a(alt_usleep.o)
 .debug_abbrev  0x0000000000002037       0x67 ../NIOS_II_Project/\libhal_bsp.a(altera_nios2_qsys_irq.o)
 .debug_abbrev  0x000000000000209e       0x7e ../NIOS_II_Project/\libhal_bsp.a(alt_busy_sleep.o)
 .debug_abbrev  0x000000000000211c       0xf0 ../NIOS_II_Project/\libhal_bsp.a(alt_find_dev.o)
 .debug_abbrev  0x000000000000220c       0xf0 ../NIOS_II_Project/\libhal_bsp.a(alt_find_file.o)
 .debug_abbrev  0x00000000000022fc      0x10d ../NIOS_II_Project/\libhal_bsp.a(alt_get_fd.o)
 .debug_abbrev  0x0000000000002409       0x8c ../NIOS_II_Project/\libhal_bsp.a(alt_icache_flush.o)
 .debug_abbrev  0x0000000000002495       0x12 ../NIOS_II_Project/\libhal_bsp.a(alt_irq_entry.o)
 .debug_abbrev  0x00000000000024a7      0x13a ../NIOS_II_Project/\libhal_bsp.a(alt_irq_handler.o)
 .debug_abbrev  0x00000000000025e1       0x12 ../NIOS_II_Project/\libhal_bsp.a(alt_exception_entry.o)
 .debug_abbrev  0x00000000000025f3       0xaa c:/intelfpga_lite/17.1/nios2eds/bin/gnu/h-x86_64-mingw32/bin/../lib/gcc/nios2-elf/5.3.0/../../../../../H-x86_64-mingw32/nios2-elf/lib\libc.a(lib_a-atexit.o)
 .debug_abbrev  0x000000000000269d       0x5d c:/intelfpga_lite/17.1/nios2eds/bin/gnu/h-x86_64-mingw32/bin/../lib/gcc/nios2-elf/5.3.0/../../../../../H-x86_64-mingw32/nios2-elf/lib\libc.a(lib_a-ctype_.o)
 .debug_abbrev  0x00000000000026fa      0x1e5 c:/intelfpga_lite/17.1/nios2eds/bin/gnu/h-x86_64-mingw32/bin/../lib/gcc/nios2-elf/5.3.0/../../../../../H-x86_64-mingw32/nios2-elf/lib\libc.a(lib_a-exit.o)
 .debug_abbrev  0x00000000000028df      0x18f c:/intelfpga_lite/17.1/nios2eds/bin/gnu/h-x86_64-mingw32/bin/../lib/gcc/nios2-elf/5.3.0/../../../../../H-x86_64-mingw32/nios2-elf/lib\libc.a(lib_a-impure.o)
 .debug_abbrev  0x0000000000002a6e       0x37 c:/intelfpga_lite/17.1/nios2eds/bin/gnu/h-x86_64-mingw32/bin/../lib/gcc/nios2-elf/5.3.0/../../../../../H-x86_64-mingw32/nios2-elf/lib\libc.a(lib_a-int_errno.o)
 .debug_abbrev  0x0000000000002aa5       0x7f c:/intelfpga_lite/17.1/nios2eds/bin/gnu/h-x86_64-mingw32/bin/../lib/gcc/nios2-elf/5.3.0/../../../../../H-x86_64-mingw32/nios2-elf/lib\libc.a(lib_a-memcmp.o)
 .debug_abbrev  0x0000000000002b24       0xa3 c:/intelfpga_lite/17.1/nios2eds/bin/gnu/h-x86_64-mingw32/bin/../lib/gcc/nios2-elf/5.3.0/../../../../../H-x86_64-mingw32/nios2-elf/lib\libc.a(lib_a-memcpy.o)
 .debug_abbrev  0x0000000000002bc7       0xae c:/intelfpga_lite/17.1/nios2eds/bin/gnu/h-x86_64-mingw32/bin/../lib/gcc/nios2-elf/5.3.0/../../../../../H-x86_64-mingw32/nios2-elf/lib\libc.a(lib_a-memset.o)
 .debug_abbrev  0x0000000000002c75       0x90 c:/intelfpga_lite/17.1/nios2eds/bin/gnu/h-x86_64-mingw32/bin/../lib/gcc/nios2-elf/5.3.0/../../../../../H-x86_64-mingw32/nios2-elf/lib\libc.a(lib_a-strlen.o)
 .debug_abbrev  0x0000000000002d05      0x21e c:/intelfpga_lite/17.1/nios2eds/bin/gnu/h-x86_64-mingw32/bin/../lib/gcc/nios2-elf/5.3.0/../../../../../H-x86_64-mingw32/nios2-elf/lib\libc.a(lib_a-__atexit.o)
 .debug_abbrev  0x0000000000002f23      0x22e c:/intelfpga_lite/17.1/nios2eds/bin/gnu/h-x86_64-mingw32/bin/../lib/gcc/nios2-elf/5.3.0/../../../../../H-x86_64-mingw32/nios2-elf/lib\libc.a(lib_a-__call_atexit.o)
 .debug_abbrev  0x0000000000003151      0x10e c:/intelfpga_lite/17.1/nios2eds/bin/gnu/h-x86_64-mingw32/bin/../lib/gcc/nios2-elf/5.3.0\libgcc.a(lib2-divmod.o)
 .debug_abbrev  0x000000000000325f       0xd0 ../NIOS_II_Project/\libhal_bsp.a(alt_exit.o)

.debug_line     0x0000000000000000     0x385c
 *(.debug_line)
 .debug_line    0x0000000000000000       0x6c ../NIOS_II_Project//obj/HAL/src/crt0.o
 .debug_line    0x000000000000006c       0x35 obj/default/main.o
 .debug_line    0x00000000000000a1       0x8e ../NIOS_II_Project/\libhal_bsp.a(alt_load.o)
 .debug_line    0x000000000000012f       0xd1 ../NIOS_II_Project/\libhal_bsp.a(alt_main.o)
 .debug_line    0x0000000000000200      0x1d6 ../NIOS_II_Project/\libhal_bsp.a(alt_sys_init.o)
 .debug_line    0x00000000000003d6      0x12f ../NIOS_II_Project/\libhal_bsp.a(altera_avalon_jtag_uart_fd.o)
 .debug_line    0x0000000000000505      0x19f ../NIOS_II_Project/\libhal_bsp.a(altera_avalon_jtag_uart_init.o)
 .debug_line    0x00000000000006a4      0x131 ../NIOS_II_Project/\libhal_bsp.a(altera_avalon_jtag_uart_ioctl.o)
 .debug_line    0x00000000000007d5      0x185 ../NIOS_II_Project/\libhal_bsp.a(altera_avalon_jtag_uart_read.o)
 .debug_line    0x000000000000095a      0x184 ../NIOS_II_Project/\libhal_bsp.a(altera_avalon_jtag_uart_write.o)
 .debug_line    0x0000000000000ade      0x343 ../NIOS_II_Project/\libhal_bsp.a(altera_avalon_lcd_16207.o)
 .debug_line    0x0000000000000e21      0x119 ../NIOS_II_Project/\libhal_bsp.a(altera_avalon_lcd_16207_fd.o)
 .debug_line    0x0000000000000f3a       0xee ../NIOS_II_Project/\libhal_bsp.a(altera_avalon_uart_fd.o)
 .debug_line    0x0000000000001028      0x1a3 ../NIOS_II_Project/\libhal_bsp.a(altera_avalon_uart_init.o)
 .debug_line    0x00000000000011cb      0x192 ../NIOS_II_Project/\libhal_bsp.a(altera_avalon_uart_read.o)
 .debug_line    0x000000000000135d      0x179 ../NIOS_II_Project/\libhal_bsp.a(altera_avalon_uart_write.o)
 .debug_line    0x00000000000014d6      0x10d ../NIOS_II_Project/\libhal_bsp.a(alt_alarm_start.o)
 .debug_line    0x00000000000015e3      0x165 ../NIOS_II_Project/\libhal_bsp.a(alt_close.o)
 .debug_line    0x0000000000001748       0x51 ../NIOS_II_Project/\libhal_bsp.a(alt_dcache_flush_all.o)
 .debug_line    0x0000000000001799       0xf8 ../NIOS_II_Project/\libhal_bsp.a(alt_dev.o)
 .debug_line    0x0000000000001891       0xcf ../NIOS_II_Project/\libhal_bsp.a(alt_dev_llist_insert.o)
 .debug_line    0x0000000000001960       0x59 ../NIOS_II_Project/\libhal_bsp.a(alt_do_ctors.o)
 .debug_line    0x00000000000019b9       0x59 ../NIOS_II_Project/\libhal_bsp.a(alt_do_dtors.o)
 .debug_line    0x0000000000001a12       0x51 ../NIOS_II_Project/\libhal_bsp.a(alt_errno.o)
 .debug_line    0x0000000000001a63       0x50 ../NIOS_II_Project/\libhal_bsp.a(alt_icache_flush_all.o)
 .debug_line    0x0000000000001ab3      0x133 ../NIOS_II_Project/\libhal_bsp.a(alt_io_redirect.o)
 .debug_line    0x0000000000001be6      0x155 ../NIOS_II_Project/\libhal_bsp.a(alt_irq_register.o)
 .debug_line    0x0000000000001d3b       0x50 ../NIOS_II_Project/\libhal_bsp.a(alt_irq_vars.o)
 .debug_line    0x0000000000001d8b      0x128 ../NIOS_II_Project/\libhal_bsp.a(alt_open.o)
 .debug_line    0x0000000000001eb3       0xae ../NIOS_II_Project/\libhal_bsp.a(alt_release_fd.o)
 .debug_line    0x0000000000001f61      0x113 ../NIOS_II_Project/\libhal_bsp.a(alt_tick.o)
 .debug_line    0x0000000000002074       0xad ../NIOS_II_Project/\libhal_bsp.a(alt_usleep.o)
 .debug_line    0x0000000000002121       0x8d ../NIOS_II_Project/\libhal_bsp.a(altera_nios2_qsys_irq.o)
 .debug_line    0x00000000000021ae       0xa0 ../NIOS_II_Project/\libhal_bsp.a(alt_busy_sleep.o)
 .debug_line    0x000000000000224e       0xb5 ../NIOS_II_Project/\libhal_bsp.a(alt_find_dev.o)
 .debug_line    0x0000000000002303       0xd1 ../NIOS_II_Project/\libhal_bsp.a(alt_find_file.o)
 .debug_line    0x00000000000023d4       0xd4 ../NIOS_II_Project/\libhal_bsp.a(alt_get_fd.o)
 .debug_line    0x00000000000024a8       0x81 ../NIOS_II_Project/\libhal_bsp.a(alt_icache_flush.o)
 .debug_line    0x0000000000002529       0x6b ../NIOS_II_Project/\libhal_bsp.a(alt_irq_entry.o)
 .debug_line    0x0000000000002594       0xcd ../NIOS_II_Project/\libhal_bsp.a(alt_irq_handler.o)
 .debug_line    0x0000000000002661       0xab ../NIOS_II_Project/\libhal_bsp.a(alt_exception_entry.o)
 .debug_line    0x000000000000270c       0xe4 c:/intelfpga_lite/17.1/nios2eds/bin/gnu/h-x86_64-mingw32/bin/../lib/gcc/nios2-elf/5.3.0/../../../../../H-x86_64-mingw32/nios2-elf/lib\libc.a(lib_a-atexit.o)
 .debug_line    0x00000000000027f0       0xc4 c:/intelfpga_lite/17.1/nios2eds/bin/gnu/h-x86_64-mingw32/bin/../lib/gcc/nios2-elf/5.3.0/../../../../../H-x86_64-mingw32/nios2-elf/lib\libc.a(lib_a-ctype_.o)
 .debug_line    0x00000000000028b4      0x1f9 c:/intelfpga_lite/17.1/nios2eds/bin/gnu/h-x86_64-mingw32/bin/../lib/gcc/nios2-elf/5.3.0/../../../../../H-x86_64-mingw32/nios2-elf/lib\libc.a(lib_a-exit.o)
 .debug_line    0x0000000000002aad      0x15d c:/intelfpga_lite/17.1/nios2eds/bin/gnu/h-x86_64-mingw32/bin/../lib/gcc/nios2-elf/5.3.0/../../../../../H-x86_64-mingw32/nios2-elf/lib\libc.a(lib_a-impure.o)
 .debug_line    0x0000000000002c0a       0x5c c:/intelfpga_lite/17.1/nios2eds/bin/gnu/h-x86_64-mingw32/bin/../lib/gcc/nios2-elf/5.3.0/../../../../../H-x86_64-mingw32/nios2-elf/lib\libc.a(lib_a-int_errno.o)
 .debug_line    0x0000000000002c66      0x173 c:/intelfpga_lite/17.1/nios2eds/bin/gnu/h-x86_64-mingw32/bin/../lib/gcc/nios2-elf/5.3.0/../../../../../H-x86_64-mingw32/nios2-elf/lib\libc.a(lib_a-memcmp.o)
 .debug_line    0x0000000000002dd9      0x189 c:/intelfpga_lite/17.1/nios2eds/bin/gnu/h-x86_64-mingw32/bin/../lib/gcc/nios2-elf/5.3.0/../../../../../H-x86_64-mingw32/nios2-elf/lib\libc.a(lib_a-memcpy.o)
 .debug_line    0x0000000000002f62      0x18c c:/intelfpga_lite/17.1/nios2eds/bin/gnu/h-x86_64-mingw32/bin/../lib/gcc/nios2-elf/5.3.0/../../../../../H-x86_64-mingw32/nios2-elf/lib\libc.a(lib_a-memset.o)
 .debug_line    0x00000000000030ee      0x16c c:/intelfpga_lite/17.1/nios2eds/bin/gnu/h-x86_64-mingw32/bin/../lib/gcc/nios2-elf/5.3.0/../../../../../H-x86_64-mingw32/nios2-elf/lib\libc.a(lib_a-strlen.o)
 .debug_line    0x000000000000325a      0x21c c:/intelfpga_lite/17.1/nios2eds/bin/gnu/h-x86_64-mingw32/bin/../lib/gcc/nios2-elf/5.3.0/../../../../../H-x86_64-mingw32/nios2-elf/lib\libc.a(lib_a-__atexit.o)
 .debug_line    0x0000000000003476      0x237 c:/intelfpga_lite/17.1/nios2eds/bin/gnu/h-x86_64-mingw32/bin/../lib/gcc/nios2-elf/5.3.0/../../../../../H-x86_64-mingw32/nios2-elf/lib\libc.a(lib_a-__call_atexit.o)
 .debug_line    0x00000000000036ad      0x102 c:/intelfpga_lite/17.1/nios2eds/bin/gnu/h-x86_64-mingw32/bin/../lib/gcc/nios2-elf/5.3.0\libgcc.a(lib2-divmod.o)
 .debug_line    0x00000000000037af       0xad ../NIOS_II_Project/\libhal_bsp.a(alt_exit.o)

.debug_frame    0x0000000000000000      0xe48
 *(.debug_frame)
 .debug_frame   0x0000000000000000       0x34 obj/default/main.o
 .debug_frame   0x0000000000000034       0x5c ../NIOS_II_Project/\libhal_bsp.a(alt_load.o)
 .debug_frame   0x0000000000000090       0x2c ../NIOS_II_Project/\libhal_bsp.a(alt_main.o)
 .debug_frame   0x00000000000000bc       0x88 ../NIOS_II_Project/\libhal_bsp.a(alt_sys_init.o)
 .debug_frame   0x0000000000000144       0xb0 ../NIOS_II_Project/\libhal_bsp.a(altera_avalon_jtag_uart_fd.o)
 .debug_frame   0x00000000000001f4       0xa4 ../NIOS_II_Project/\libhal_bsp.a(altera_avalon_jtag_uart_init.o)
 .debug_frame   0x0000000000000298       0x34 ../NIOS_II_Project/\libhal_bsp.a(altera_avalon_jtag_uart_ioctl.o)
 .debug_frame   0x00000000000002cc       0x38 ../NIOS_II_Project/\libhal_bsp.a(altera_avalon_jtag_uart_read.o)
 .debug_frame   0x0000000000000304       0x38 ../NIOS_II_Project/\libhal_bsp.a(altera_avalon_jtag_uart_write.o)
 .debug_frame   0x000000000000033c      0x178 ../NIOS_II_Project/\libhal_bsp.a(altera_avalon_lcd_16207.o)
 .debug_frame   0x00000000000004b4       0x38 ../NIOS_II_Project/\libhal_bsp.a(altera_avalon_lcd_16207_fd.o)
 .debug_frame   0x00000000000004ec       0x88 ../NIOS_II_Project/\libhal_bsp.a(altera_avalon_uart_fd.o)
 .debug_frame   0x0000000000000574       0xcc ../NIOS_II_Project/\libhal_bsp.a(altera_avalon_uart_init.o)
 .debug_frame   0x0000000000000640       0x60 ../NIOS_II_Project/\libhal_bsp.a(altera_avalon_uart_read.o)
 .debug_frame   0x00000000000006a0       0x60 ../NIOS_II_Project/\libhal_bsp.a(altera_avalon_uart_write.o)
 .debug_frame   0x0000000000000700       0x34 ../NIOS_II_Project/\libhal_bsp.a(alt_alarm_start.o)
 .debug_frame   0x0000000000000734       0x60 ../NIOS_II_Project/\libhal_bsp.a(alt_close.o)
 .debug_frame   0x0000000000000794       0x34 ../NIOS_II_Project/\libhal_bsp.a(alt_dcache_flush_all.o)
 .debug_frame   0x00000000000007c8       0x34 ../NIOS_II_Project/\libhal_bsp.a(alt_dev.o)
 .debug_frame   0x00000000000007fc       0x60 ../NIOS_II_Project/\libhal_bsp.a(alt_dev_llist_insert.o)
 .debug_frame   0x000000000000085c       0x38 ../NIOS_II_Project/\libhal_bsp.a(alt_do_ctors.o)
 .debug_frame   0x0000000000000894       0x38 ../NIOS_II_Project/\libhal_bsp.a(alt_do_dtors.o)
 .debug_frame   0x00000000000008cc       0x38 ../NIOS_II_Project/\libhal_bsp.a(alt_icache_flush_all.o)
 .debug_frame   0x0000000000000904       0x60 ../NIOS_II_Project/\libhal_bsp.a(alt_io_redirect.o)
 .debug_frame   0x0000000000000964       0x34 ../NIOS_II_Project/\libhal_bsp.a(alt_irq_register.o)
 .debug_frame   0x0000000000000998       0x84 ../NIOS_II_Project/\libhal_bsp.a(alt_open.o)
 .debug_frame   0x0000000000000a1c       0x34 ../NIOS_II_Project/\libhal_bsp.a(alt_release_fd.o)
 .debug_frame   0x0000000000000a50       0x5c ../NIOS_II_Project/\libhal_bsp.a(alt_tick.o)
 .debug_frame   0x0000000000000aac       0x38 ../NIOS_II_Project/\libhal_bsp.a(alt_usleep.o)
 .debug_frame   0x0000000000000ae4       0x34 ../NIOS_II_Project/\libhal_bsp.a(altera_nios2_qsys_irq.o)
 .debug_frame   0x0000000000000b18       0x38 ../NIOS_II_Project/\libhal_bsp.a(alt_busy_sleep.o)
 .debug_frame   0x0000000000000b50       0x38 ../NIOS_II_Project/\libhal_bsp.a(alt_find_dev.o)
 .debug_frame   0x0000000000000b88       0x38 ../NIOS_II_Project/\libhal_bsp.a(alt_find_file.o)
 .debug_frame   0x0000000000000bc0       0x34 ../NIOS_II_Project/\libhal_bsp.a(alt_get_fd.o)
 .debug_frame   0x0000000000000bf4       0x34 ../NIOS_II_Project/\libhal_bsp.a(alt_icache_flush.o)
 .debug_frame   0x0000000000000c28       0x38 ../NIOS_II_Project/\libhal_bsp.a(alt_irq_handler.o)
 .debug_frame   0x0000000000000c60       0x20 c:/intelfpga_lite/17.1/nios2eds/bin/gnu/h-x86_64-mingw32/bin/../lib/gcc/nios2-elf/5.3.0/../../../../../H-x86_64-mingw32/nios2-elf/lib\libc.a(lib_a-atexit.o)
 .debug_frame   0x0000000000000c80       0x28 c:/intelfpga_lite/17.1/nios2eds/bin/gnu/h-x86_64-mingw32/bin/../lib/gcc/nios2-elf/5.3.0/../../../../../H-x86_64-mingw32/nios2-elf/lib\libc.a(lib_a-exit.o)
 .debug_frame   0x0000000000000ca8       0x20 c:/intelfpga_lite/17.1/nios2eds/bin/gnu/h-x86_64-mingw32/bin/../lib/gcc/nios2-elf/5.3.0/../../../../../H-x86_64-mingw32/nios2-elf/lib\libc.a(lib_a-memcmp.o)
 .debug_frame   0x0000000000000cc8       0x38 c:/intelfpga_lite/17.1/nios2eds/bin/gnu/h-x86_64-mingw32/bin/../lib/gcc/nios2-elf/5.3.0/../../../../../H-x86_64-mingw32/nios2-elf/lib\libc.a(lib_a-memcpy.o)
 .debug_frame   0x0000000000000d00       0x20 c:/intelfpga_lite/17.1/nios2eds/bin/gnu/h-x86_64-mingw32/bin/../lib/gcc/nios2-elf/5.3.0/../../../../../H-x86_64-mingw32/nios2-elf/lib\libc.a(lib_a-memset.o)
 .debug_frame   0x0000000000000d20       0x20 c:/intelfpga_lite/17.1/nios2eds/bin/gnu/h-x86_64-mingw32/bin/../lib/gcc/nios2-elf/5.3.0/../../../../../H-x86_64-mingw32/nios2-elf/lib\libc.a(lib_a-strlen.o)
 .debug_frame   0x0000000000000d40       0x38 c:/intelfpga_lite/17.1/nios2eds/bin/gnu/h-x86_64-mingw32/bin/../lib/gcc/nios2-elf/5.3.0/../../../../../H-x86_64-mingw32/nios2-elf/lib\libc.a(lib_a-__atexit.o)
 .debug_frame   0x0000000000000d78       0x54 c:/intelfpga_lite/17.1/nios2eds/bin/gnu/h-x86_64-mingw32/bin/../lib/gcc/nios2-elf/5.3.0/../../../../../H-x86_64-mingw32/nios2-elf/lib\libc.a(lib_a-__call_atexit.o)
 .debug_frame   0x0000000000000dcc       0x50 c:/intelfpga_lite/17.1/nios2eds/bin/gnu/h-x86_64-mingw32/bin/../lib/gcc/nios2-elf/5.3.0\libgcc.a(lib2-divmod.o)
 .debug_frame   0x0000000000000e1c       0x2c ../NIOS_II_Project/\libhal_bsp.a(alt_exit.o)

.debug_str      0x0000000000000000     0x1d75
 *(.debug_str)
 .debug_str     0x0000000000000000       0xf6 obj/default/main.o
                                        0x13b (size before relaxing)
 .debug_str     0x00000000000000f6      0x147 ../NIOS_II_Project/\libhal_bsp.a(alt_load.o)
                                        0x22b (size before relaxing)
 .debug_str     0x000000000000023d       0x91 ../NIOS_II_Project/\libhal_bsp.a(alt_main.o)
                                        0x1df (size before relaxing)
 .debug_str     0x00000000000002ce      0x329 ../NIOS_II_Project/\libhal_bsp.a(alt_sys_init.o)
                                        0x543 (size before relaxing)
 .debug_str     0x00000000000005f7       0xb9 ../NIOS_II_Project/\libhal_bsp.a(altera_avalon_jtag_uart_fd.o)
                                        0x3bd (size before relaxing)
 .debug_str     0x00000000000006b0       0xd1 ../NIOS_II_Project/\libhal_bsp.a(altera_avalon_jtag_uart_init.o)
                                        0x372 (size before relaxing)
 .debug_str     0x0000000000000781       0x4a ../NIOS_II_Project/\libhal_bsp.a(altera_avalon_jtag_uart_ioctl.o)
                                        0x2ac (size before relaxing)
 .debug_str     0x00000000000007cb       0x7f ../NIOS_II_Project/\libhal_bsp.a(altera_avalon_jtag_uart_read.o)
                                        0x322 (size before relaxing)
 .debug_str     0x000000000000084a       0x4a ../NIOS_II_Project/\libhal_bsp.a(altera_avalon_jtag_uart_write.o)
                                        0x323 (size before relaxing)
 .debug_str     0x0000000000000894      0x1f9 ../NIOS_II_Project/\libhal_bsp.a(altera_avalon_lcd_16207.o)
                                        0x4a8 (size before relaxing)
 .debug_str     0x0000000000000a8d       0x4a ../NIOS_II_Project/\libhal_bsp.a(altera_avalon_lcd_16207_fd.o)
                                        0x371 (size before relaxing)
 .debug_str     0x0000000000000ad7       0x77 ../NIOS_II_Project/\libhal_bsp.a(altera_avalon_uart_fd.o)
                                        0x30e (size before relaxing)
 .debug_str     0x0000000000000b4e       0xb1 ../NIOS_II_Project/\libhal_bsp.a(altera_avalon_uart_init.o)
                                        0x2f1 (size before relaxing)
 .debug_str     0x0000000000000bff       0x5d ../NIOS_II_Project/\libhal_bsp.a(altera_avalon_uart_read.o)
                                        0x2d2 (size before relaxing)
 .debug_str     0x0000000000000c5c       0x49 ../NIOS_II_Project/\libhal_bsp.a(altera_avalon_uart_write.o)
                                        0x2c6 (size before relaxing)
 .debug_str     0x0000000000000ca5       0x5f ../NIOS_II_Project/\libhal_bsp.a(alt_alarm_start.o)
                                        0x2b8 (size before relaxing)
 .debug_str     0x0000000000000d04       0x2c ../NIOS_II_Project/\libhal_bsp.a(alt_close.o)
                                        0x224 (size before relaxing)
 .debug_str     0x0000000000000d30       0x34 ../NIOS_II_Project/\libhal_bsp.a(alt_dcache_flush_all.o)
                                        0x16e (size before relaxing)
 .debug_str     0x0000000000000d64      0x120 ../NIOS_II_Project/\libhal_bsp.a(alt_dev.o)
                                        0x31e (size before relaxing)
 .debug_str     0x0000000000000e84       0x34 ../NIOS_II_Project/\libhal_bsp.a(alt_dev_llist_insert.o)
                                        0x1e5 (size before relaxing)
 .debug_str     0x0000000000000eb8       0x48 ../NIOS_II_Project/\libhal_bsp.a(alt_do_ctors.o)
                                         0xe9 (size before relaxing)
 .debug_str     0x0000000000000f00       0x4c ../NIOS_II_Project/\libhal_bsp.a(alt_do_dtors.o)
                                         0xe8 (size before relaxing)
 .debug_str     0x0000000000000f4c       0x14 ../NIOS_II_Project/\libhal_bsp.a(alt_errno.o)
                                        0x15e (size before relaxing)
 .debug_str     0x0000000000000f60       0x34 ../NIOS_II_Project/\libhal_bsp.a(alt_icache_flush_all.o)
                                        0x16e (size before relaxing)
 .debug_str     0x0000000000000f94       0x56 ../NIOS_II_Project/\libhal_bsp.a(alt_io_redirect.o)
                                        0x32f (size before relaxing)
 .debug_str     0x0000000000000fea       0x70 ../NIOS_II_Project/\libhal_bsp.a(alt_irq_register.o)
                                        0x221 (size before relaxing)
 .debug_str     0x000000000000105a       0x17 ../NIOS_II_Project/\libhal_bsp.a(alt_irq_vars.o)
                                        0x153 (size before relaxing)
 .debug_str     0x0000000000001071       0x2f ../NIOS_II_Project/\libhal_bsp.a(alt_open.o)
                                        0x264 (size before relaxing)
 .debug_str     0x00000000000010a0       0x28 ../NIOS_II_Project/\libhal_bsp.a(alt_release_fd.o)
                                        0x1ec (size before relaxing)
 .debug_str     0x00000000000010c8       0x4a ../NIOS_II_Project/\libhal_bsp.a(alt_tick.o)
                                        0x28c (size before relaxing)
 .debug_str     0x0000000000001112       0x27 ../NIOS_II_Project/\libhal_bsp.a(alt_usleep.o)
                                        0x161 (size before relaxing)
 .debug_str     0x0000000000001139       0x3b ../NIOS_II_Project/\libhal_bsp.a(altera_nios2_qsys_irq.o)
                                        0x19e (size before relaxing)
 .debug_str     0x0000000000001174       0x42 ../NIOS_II_Project/\libhal_bsp.a(alt_busy_sleep.o)
                                        0x184 (size before relaxing)
 .debug_str     0x00000000000011b6       0x24 ../NIOS_II_Project/\libhal_bsp.a(alt_find_dev.o)
                                        0x205 (size before relaxing)
 .debug_str     0x00000000000011da       0x26 ../NIOS_II_Project/\libhal_bsp.a(alt_find_file.o)
                                        0x213 (size before relaxing)
 .debug_str     0x0000000000001200       0x30 ../NIOS_II_Project/\libhal_bsp.a(alt_get_fd.o)
                                        0x235 (size before relaxing)
 .debug_str     0x0000000000001230       0x2c ../NIOS_II_Project/\libhal_bsp.a(alt_icache_flush.o)
                                        0x174 (size before relaxing)
 .debug_str     0x000000000000125c       0x3a ../NIOS_II_Project/\libhal_bsp.a(alt_irq_handler.o)
                                        0x1d1 (size before relaxing)
 .debug_str     0x0000000000001296      0x162 c:/intelfpga_lite/17.1/nios2eds/bin/gnu/h-x86_64-mingw32/bin/../lib/gcc/nios2-elf/5.3.0/../../../../../H-x86_64-mingw32/nios2-elf/lib\libc.a(lib_a-atexit.o)
                                        0x207 (size before relaxing)
 .debug_str     0x00000000000013f8       0xcd c:/intelfpga_lite/17.1/nios2eds/bin/gnu/h-x86_64-mingw32/bin/../lib/gcc/nios2-elf/5.3.0/../../../../../H-x86_64-mingw32/nios2-elf/lib\libc.a(lib_a-ctype_.o)
                                        0x149 (size before relaxing)
 .debug_str     0x00000000000014c5      0x3b4 c:/intelfpga_lite/17.1/nios2eds/bin/gnu/h-x86_64-mingw32/bin/../lib/gcc/nios2-elf/5.3.0/../../../../../H-x86_64-mingw32/nios2-elf/lib\libc.a(lib_a-exit.o)
                                        0x5a4 (size before relaxing)
 .debug_str     0x0000000000001879       0xc8 c:/intelfpga_lite/17.1/nios2eds/bin/gnu/h-x86_64-mingw32/bin/../lib/gcc/nios2-elf/5.3.0/../../../../../H-x86_64-mingw32/nios2-elf/lib\libc.a(lib_a-impure.o)
                                        0x59b (size before relaxing)
 .debug_str     0x0000000000001941       0x3c c:/intelfpga_lite/17.1/nios2eds/bin/gnu/h-x86_64-mingw32/bin/../lib/gcc/nios2-elf/5.3.0/../../../../../H-x86_64-mingw32/nios2-elf/lib\libc.a(lib_a-int_errno.o)
                                        0x1c3 (size before relaxing)
 .debug_str     0x000000000000197d       0xcc c:/intelfpga_lite/17.1/nios2eds/bin/gnu/h-x86_64-mingw32/bin/../lib/gcc/nios2-elf/5.3.0/../../../../../H-x86_64-mingw32/nios2-elf/lib\libc.a(lib_a-memcmp.o)
                                        0x1ca (size before relaxing)
 .debug_str     0x0000000000001a49       0x68 c:/intelfpga_lite/17.1/nios2eds/bin/gnu/h-x86_64-mingw32/bin/../lib/gcc/nios2-elf/5.3.0/../../../../../H-x86_64-mingw32/nios2-elf/lib\libc.a(lib_a-memcpy.o)
                                        0x1f1 (size before relaxing)
 .debug_str     0x0000000000001ab1       0x4e c:/intelfpga_lite/17.1/nios2eds/bin/gnu/h-x86_64-mingw32/bin/../lib/gcc/nios2-elf/5.3.0/../../../../../H-x86_64-mingw32/nios2-elf/lib\libc.a(lib_a-memset.o)
                                        0x1de (size before relaxing)
 .debug_str     0x0000000000001aff       0x41 c:/intelfpga_lite/17.1/nios2eds/bin/gnu/h-x86_64-mingw32/bin/../lib/gcc/nios2-elf/5.3.0/../../../../../H-x86_64-mingw32/nios2-elf/lib\libc.a(lib_a-strlen.o)
                                        0x1dd (size before relaxing)
 .debug_str     0x0000000000001b40       0x3c c:/intelfpga_lite/17.1/nios2eds/bin/gnu/h-x86_64-mingw32/bin/../lib/gcc/nios2-elf/5.3.0/../../../../../H-x86_64-mingw32/nios2-elf/lib\libc.a(lib_a-__atexit.o)
                                        0x5dc (size before relaxing)
 .debug_str     0x0000000000001b7c       0x62 c:/intelfpga_lite/17.1/nios2eds/bin/gnu/h-x86_64-mingw32/bin/../lib/gcc/nios2-elf/5.3.0/../../../../../H-x86_64-mingw32/nios2-elf/lib\libc.a(lib_a-__call_atexit.o)
                                        0x5c8 (size before relaxing)
 .debug_str     0x0000000000001bde      0x16d c:/intelfpga_lite/17.1/nios2eds/bin/gnu/h-x86_64-mingw32/bin/../lib/gcc/nios2-elf/5.3.0\libgcc.a(lib2-divmod.o)
                                        0x1b8 (size before relaxing)
 .debug_str     0x0000000000001d4b       0x2a ../NIOS_II_Project/\libhal_bsp.a(alt_exit.o)
                                        0x193 (size before relaxing)

.debug_loc      0x0000000000000000      0xde4
 *(.debug_loc)
 .debug_loc     0x0000000000000000       0x2c c:/intelfpga_lite/17.1/nios2eds/bin/gnu/h-x86_64-mingw32/bin/../lib/gcc/nios2-elf/5.3.0/../../../../../H-x86_64-mingw32/nios2-elf/lib\libc.a(lib_a-atexit.o)
 .debug_loc     0x000000000000002c       0x1e c:/intelfpga_lite/17.1/nios2eds/bin/gnu/h-x86_64-mingw32/bin/../lib/gcc/nios2-elf/5.3.0/../../../../../H-x86_64-mingw32/nios2-elf/lib\libc.a(lib_a-exit.o)
 .debug_loc     0x000000000000004a      0x126 c:/intelfpga_lite/17.1/nios2eds/bin/gnu/h-x86_64-mingw32/bin/../lib/gcc/nios2-elf/5.3.0/../../../../../H-x86_64-mingw32/nios2-elf/lib\libc.a(lib_a-memcmp.o)
 .debug_loc     0x0000000000000170      0x266 c:/intelfpga_lite/17.1/nios2eds/bin/gnu/h-x86_64-mingw32/bin/../lib/gcc/nios2-elf/5.3.0/../../../../../H-x86_64-mingw32/nios2-elf/lib\libc.a(lib_a-memcpy.o)
 .debug_loc     0x00000000000003d6      0x1a6 c:/intelfpga_lite/17.1/nios2eds/bin/gnu/h-x86_64-mingw32/bin/../lib/gcc/nios2-elf/5.3.0/../../../../../H-x86_64-mingw32/nios2-elf/lib\libc.a(lib_a-memset.o)
 .debug_loc     0x000000000000057c       0x47 c:/intelfpga_lite/17.1/nios2eds/bin/gnu/h-x86_64-mingw32/bin/../lib/gcc/nios2-elf/5.3.0/../../../../../H-x86_64-mingw32/nios2-elf/lib\libc.a(lib_a-strlen.o)
 .debug_loc     0x00000000000005c3      0x185 c:/intelfpga_lite/17.1/nios2eds/bin/gnu/h-x86_64-mingw32/bin/../lib/gcc/nios2-elf/5.3.0/../../../../../H-x86_64-mingw32/nios2-elf/lib\libc.a(lib_a-__atexit.o)
 .debug_loc     0x0000000000000748      0x1ce c:/intelfpga_lite/17.1/nios2eds/bin/gnu/h-x86_64-mingw32/bin/../lib/gcc/nios2-elf/5.3.0/../../../../../H-x86_64-mingw32/nios2-elf/lib\libc.a(lib_a-__call_atexit.o)
 .debug_loc     0x0000000000000916      0x4ce c:/intelfpga_lite/17.1/nios2eds/bin/gnu/h-x86_64-mingw32/bin/../lib/gcc/nios2-elf/5.3.0\libgcc.a(lib2-divmod.o)

.debug_macinfo
 *(.debug_macinfo)

.debug_weaknames
 *(.debug_weaknames)

.debug_funcnames
 *(.debug_funcnames)

.debug_typenames
 *(.debug_typenames)

.debug_varnames
 *(.debug_varnames)

.debug_alt_sim_info
                0x0000000000000000       0x50
 *(.debug_alt_sim_info)
 .debug_alt_sim_info
                0x0000000000000000       0x20 ../NIOS_II_Project//obj/HAL/src/crt0.o
 .debug_alt_sim_info
                0x0000000000000020       0x30 ../NIOS_II_Project/\libhal_bsp.a(alt_busy_sleep.o)
                0x0000000002000000                __alt_data_end = 0x2000000
                0x0000000002000000                PROVIDE (__alt_stack_pointer, __alt_data_end)
                [!provide]                        PROVIDE (__alt_stack_limit, __alt_stack_base)
                [!provide]                        PROVIDE (__alt_heap_start, end)
                [!provide]                        PROVIDE (__alt_heap_limit, 0x2000000)
OUTPUT(test.elf elf32-littlenios2)

.debug_ranges   0x0000000000000000      0x1e8
 .debug_ranges  0x0000000000000000       0x20 ../NIOS_II_Project//obj/HAL/src/crt0.o
 .debug_ranges  0x0000000000000020       0x30 ../NIOS_II_Project/\libhal_bsp.a(altera_avalon_jtag_uart_init.o)
 .debug_ranges  0x0000000000000050       0x18 ../NIOS_II_Project/\libhal_bsp.a(altera_avalon_jtag_uart_read.o)
 .debug_ranges  0x0000000000000068       0x18 ../NIOS_II_Project/\libhal_bsp.a(altera_avalon_lcd_16207.o)
 .debug_ranges  0x0000000000000080       0x28 ../NIOS_II_Project/\libhal_bsp.a(alt_irq_entry.o)
 .debug_ranges  0x00000000000000a8       0x10 ../NIOS_II_Project/\libhal_bsp.a(alt_irq_handler.o)
 .debug_ranges  0x00000000000000b8       0x30 ../NIOS_II_Project/\libhal_bsp.a(alt_exception_entry.o)
 .debug_ranges  0x00000000000000e8       0x10 c:/intelfpga_lite/17.1/nios2eds/bin/gnu/h-x86_64-mingw32/bin/../lib/gcc/nios2-elf/5.3.0/../../../../../H-x86_64-mingw32/nios2-elf/lib\libc.a(lib_a-atexit.o)
 .debug_ranges  0x00000000000000f8       0x10 c:/intelfpga_lite/17.1/nios2eds/bin/gnu/h-x86_64-mingw32/bin/../lib/gcc/nios2-elf/5.3.0/../../../../../H-x86_64-mingw32/nios2-elf/lib\libc.a(lib_a-exit.o)
 .debug_ranges  0x0000000000000108       0x10 c:/intelfpga_lite/17.1/nios2eds/bin/gnu/h-x86_64-mingw32/bin/../lib/gcc/nios2-elf/5.3.0/../../../../../H-x86_64-mingw32/nios2-elf/lib\libc.a(lib_a-memcmp.o)
 .debug_ranges  0x0000000000000118       0x10 c:/intelfpga_lite/17.1/nios2eds/bin/gnu/h-x86_64-mingw32/bin/../lib/gcc/nios2-elf/5.3.0/../../../../../H-x86_64-mingw32/nios2-elf/lib\libc.a(lib_a-memcpy.o)
 .debug_ranges  0x0000000000000128       0x10 c:/intelfpga_lite/17.1/nios2eds/bin/gnu/h-x86_64-mingw32/bin/../lib/gcc/nios2-elf/5.3.0/../../../../../H-x86_64-mingw32/nios2-elf/lib\libc.a(lib_a-memset.o)
 .debug_ranges  0x0000000000000138       0x10 c:/intelfpga_lite/17.1/nios2eds/bin/gnu/h-x86_64-mingw32/bin/../lib/gcc/nios2-elf/5.3.0/../../../../../H-x86_64-mingw32/nios2-elf/lib\libc.a(lib_a-strlen.o)
 .debug_ranges  0x0000000000000148       0x10 c:/intelfpga_lite/17.1/nios2eds/bin/gnu/h-x86_64-mingw32/bin/../lib/gcc/nios2-elf/5.3.0/../../../../../H-x86_64-mingw32/nios2-elf/lib\libc.a(lib_a-__atexit.o)